
****** Vitis HLS - High-Level Synthesis from C, C++ and OpenCL v2020.2 (64-bit)
  **** SW Build 3064766 on Wed Nov 18 09:12:47 MST 2020
  **** IP Build 3064653 on Wed Nov 18 14:17:31 MST 2020
    ** Copyright 1986-2020 Xilinx, Inc. All Rights Reserved.

source /mnt/share/tools/Xilinx/Vitis_HLS/2020.2/scripts/vitis_hls/hls.tcl -notrace
INFO: Applying HLS Y2K22 patch v1.2 for IP revision
INFO: [HLS 200-10] Running '/mnt/share/tools/Xilinx/Vitis_HLS/2020.2/bin/unwrapped/lnx64.o/vitis_hls'
INFO: [HLS 200-10] For user 'mca307' on host 'fas-rla-24.fas.sfu.ca' (Linux_x86_64 version 4.18.0-553.97.1.el8_10.x86_64) on Tue Mar 24 15:11:36 PDT 2026
INFO: [HLS 200-10] On os "AlmaLinux release 8.10 (Cerulean Leopard)"
INFO: [HLS 200-10] In directory '/local-scratch/localhome/mca307/453/proj_7/comp-opt'
Sourcing Tcl script 'run_hls.tcl'
INFO: [HLS 200-1510] Running: open_project likelihood_compopt.prj -reset 
INFO: [HLS 200-10] Opening and resetting project '/local-scratch/localhome/mca307/453/proj_7/comp-opt/likelihood_compopt.prj'.
WARNING: [HLS 200-40] No /local-scratch/localhome/mca307/453/proj_7/comp-opt/likelihood_compopt.prj/solution1/solution1.aps file found.
INFO: [HLS 200-1510] Running: set_top likelihood_kernel 
INFO: [HLS 200-1510] Running: add_files likelihood_kernel.cpp 
INFO: [HLS 200-10] Adding design file 'likelihood_kernel.cpp' to the project
INFO: [HLS 200-1510] Running: add_files likelihood_kernel.h 
INFO: [HLS 200-10] Adding design file 'likelihood_kernel.h' to the project
INFO: [HLS 200-1510] Running: add_files -tb likelihood_tb.cpp 
INFO: [HLS 200-10] Adding test bench file 'likelihood_tb.cpp' to the project
INFO: [HLS 200-1510] Running: open_solution solution1 
INFO: [HLS 200-10] Creating and opening solution '/local-scratch/localhome/mca307/453/proj_7/comp-opt/likelihood_compopt.prj/solution1'.
INFO: [HLS 200-1505] Using default flow_target 'vivado'
Resolution: For help on HLS 200-1505 see www.xilinx.com/cgi-bin/docs/rdoc?v=2020.2;t=hls+guidance;d=200-1505.html
INFO: [HLS 200-1510] Running: set_part xcu50-fsvh2104-2-e 
INFO: [HLS 200-10] Setting target device to 'xcu50-fsvh2104-2-e'
INFO: [HLS 200-1510] Running: create_clock -period 3.33 
INFO: [SYN 201-201] Setting up clock 'default' with a period of 3.33ns.
INFO: [HLS 200-1510] Running: csim_design 
INFO: [SIM 211-2] *************** CSIM start ***************
INFO: [SIM 211-4] CSIM will launch GCC as the compiler.
   Compiling ../../../../likelihood_tb.cpp in debug mode
   Compiling ../../../../likelihood_kernel.cpp in debug mode
   Generating csim.exe
countOnes = 69
Kernel execution time: 9.774e-06 s
Max absolute error: 9.23705556488e-14
particle[0]  HW = 29.1617391304   REF = 29.1617391304
particle[1]  HW = -23.3739130435   REF = -23.3739130435
particle[2]  HW = -25.8226086957   REF = -25.8226086957
particle[3]  HW = 2.00347826087   REF = 2.00347826087
particle[4]  HW = -12.2434782609   REF = -12.2434782609
TEST PASSED
INFO: [SIM 211-1] CSim done with 0 errors.
INFO: [SIM 211-3] *************** CSIM finish ***************
INFO: [HLS 200-111] Finished Command csim_design CPU user time: 0.91 seconds. CPU system time: 0.23 seconds. Elapsed time: 0.57 seconds; current allocated memory: 167.100 MB.
INFO: [HLS 200-1510] Running: csynth_design 
INFO: [HLS 200-111] Finished File checks and directory preparation: CPU user time: 0.01 seconds. CPU system time: 0 seconds. Elapsed time: 0.01 seconds; current allocated memory: 167.336 MB.
INFO: [HLS 200-10] Analyzing design file 'likelihood_kernel.cpp' ... 
INFO: [HLS 200-111] Finished Source Code Analysis and Preprocessing: CPU user time: 0.28 seconds. CPU system time: 0.13 seconds. Elapsed time: 0.25 seconds; current allocated memory: 167.963 MB.
INFO: [HLS 200-777] Using interface defaults for 'Vivado' flow target.
INFO: [HLS 214-131] Inlining function 'load_objxy(double const*, int*, int, int, int)' into 'likelihood_kernel' (likelihood_kernel.cpp:156:2)
INFO: [HLS 214-131] Inlining function 'load_particles(double const*, double const*, double*, double*, int, int)' into 'likelihood_kernel' (likelihood_kernel.cpp:169:3)
INFO: [HLS 214-131] Inlining function 'compute_likelihood(double const*, double const*, int const*, int, int, int, int, long, int const*, double*, int)' into 'likelihood_kernel' (likelihood_kernel.cpp:171:3)
INFO: [HLS 214-131] Inlining function 'store_likelihood(double*, double const*, int, int)' into 'likelihood_kernel' (likelihood_kernel.cpp:173:3)
INFO: [HLS 214-178] Inlining function 'fp_struct<double>::fp_struct(double)' into 'int generic_cast_IEEE754<int, (ap_q_mode)6, double>(double, bool, hls::enable_if<std::numeric_limits<int>::is_signed, bool>::type)' (/wrk/ci/prod/2020.2/rdi_builds/continuous/2020_11_18_3064766/src/shared/hls/clib/hlsmath/include/FloatingPoint/hls_case_IEEE754.h:12:0)
INFO: [HLS 214-178] Inlining function 'fp_struct<double>::mantissa() const' into 'int generic_cast_IEEE754<int, (ap_q_mode)6, double>(double, bool, hls::enable_if<std::numeric_limits<int>::is_signed, bool>::type)' (/wrk/ci/prod/2020.2/rdi_builds/continuous/2020_11_18_3064766/src/shared/hls/clib/hlsmath/include/FloatingPoint/hls_case_IEEE754.h:12:0)
INFO: [HLS 214-178] Inlining function 'fp_struct<double>::expv() const' into 'int generic_cast_IEEE754<int, (ap_q_mode)6, double>(double, bool, hls::enable_if<std::numeric_limits<int>::is_signed, bool>::type)' (/wrk/ci/prod/2020.2/rdi_builds/continuous/2020_11_18_3064766/src/shared/hls/clib/hlsmath/include/FloatingPoint/hls_case_IEEE754.h:12:0)
INFO: [HLS 214-178] Inlining function 'fp_struct<double>::__signbit() const' into 'int generic_cast_IEEE754<int, (ap_q_mode)6, double>(double, bool, hls::enable_if<std::numeric_limits<int>::is_signed, bool>::type)' (/wrk/ci/prod/2020.2/rdi_builds/continuous/2020_11_18_3064766/src/shared/hls/clib/hlsmath/include/FloatingPoint/hls_case_IEEE754.h:12:0)
INFO: [HLS 214-178] Inlining function 'int generic_cast_IEEE754<int, (ap_q_mode)6, double>(double, bool, hls::enable_if<std::numeric_limits<int>::is_signed, bool>::type)' into 'int generic_cast_IEEE754<int, double>(double, bool)' (/wrk/ci/prod/2020.2/rdi_builds/continuous/2020_11_18_3064766/src/shared/hls/clib/hlsmath/include/FloatingPoint/hls_case_IEEE754.h:116:0)
INFO: [HLS 214-178] Inlining function 'int generic_cast_IEEE754<int, double>(double, bool)' into '__hls_fptosi_double_i32' (/wrk/ci/prod/2020.2/rdi_builds/continuous/2020_11_18_3064766/src/shared/hls/clib/hlsmath/src/lib_floatconversion.cpp:55:0)
INFO: [HLS 214-178] Inlining function '__hls_fptosi_double_i32' into 'roundDouble(double)' (likelihood_kernel.cpp:14:0)
WARNING: [HLS 214-205] The INTERFACE pragma must have a max_widen_bitwidth setting that is both a power of 2 and in the range [0, 1024]. The current value of '0' will be ignored, in 'likelihood_kernel' (likelihood_kernel.cpp:120:0)
WARNING: [HLS 214-205] The INTERFACE pragma must have a max_widen_bitwidth setting that is both a power of 2 and in the range [0, 1024]. The current value of '0' will be ignored, in 'likelihood_kernel' (likelihood_kernel.cpp:120:0)
WARNING: [HLS 214-205] The INTERFACE pragma must have a max_widen_bitwidth setting that is both a power of 2 and in the range [0, 1024]. The current value of '0' will be ignored, in 'likelihood_kernel' (likelihood_kernel.cpp:120:0)
WARNING: [HLS 214-205] The INTERFACE pragma must have a max_widen_bitwidth setting that is both a power of 2 and in the range [0, 1024]. The current value of '0' will be ignored, in 'likelihood_kernel' (likelihood_kernel.cpp:120:0)
WARNING: [HLS 214-205] The INTERFACE pragma must have a max_widen_bitwidth setting that is both a power of 2 and in the range [0, 1024]. The current value of '0' will be ignored, in 'likelihood_kernel' (likelihood_kernel.cpp:120:0)
INFO: [HLS 214-115] Multiple burst reads of variable length and bit width 64 in loop 'loadObjxy'(likelihood_kernel.cpp:26:3) has been inferred on port 'gmem2' (likelihood_kernel.cpp:26:3)
INFO: [HLS 214-115] Multiple burst reads of variable length and bit width 64 in loop 'loadParticles'(likelihood_kernel.cpp:45:3) has been inferred on port 'gmem0' (likelihood_kernel.cpp:45:3)
INFO: [HLS 214-115] Multiple burst reads of variable length and bit width 64 in loop 'loadParticles'(likelihood_kernel.cpp:45:3) has been inferred on port 'gmem1' (likelihood_kernel.cpp:45:3)
INFO: [HLS 214-115] Multiple burst writes of variable length and bit width 64 in loop 'storeLikelihood'(likelihood_kernel.cpp:102:7) has been inferred on port 'gmem4' (likelihood_kernel.cpp:102:7)
INFO: [HLS 200-111] Finished Compiling Optimization and Transform: CPU user time: 1.75 seconds. CPU system time: 0.2 seconds. Elapsed time: 1.96 seconds; current allocated memory: 170.415 MB.
INFO: [HLS 200-111] Finished Checking Pragmas: CPU user time: 0.01 seconds. CPU system time: 0 seconds. Elapsed time: 0 seconds; current allocated memory: 170.417 MB.
INFO: [HLS 200-10] Starting code transformations ...
INFO: [HLS 200-111] Finished Standard Transforms: CPU user time: 0.06 seconds. CPU system time: 0 seconds. Elapsed time: 0.07 seconds; current allocated memory: 185.210 MB.
INFO: [HLS 200-10] Checking synthesizability ...
INFO: [XFORM 203-602] Inlining function 'roundDouble' into 'likelihood_kernel' (likelihood_kernel.cpp:29) automatically.
INFO: [HLS 200-111] Finished Checking Synthesizability: CPU user time: 0.13 seconds. CPU system time: 0.01 seconds. Elapsed time: 0.14 seconds; current allocated memory: 206.971 MB.
WARNING: [HLS 200-915] Ignore complete array partition directive on 'buffer_obj_offsets' (likelihood_kernel.cpp:141) in dimension 1: conflict with resource constraint assignment.
INFO: [XFORM 203-101] Partitioning array 'buffer_X' (likelihood_kernel.cpp:142) in dimension 1 with a cyclic factor 4.
INFO: [XFORM 203-101] Partitioning array 'buffer_Y' (likelihood_kernel.cpp:143) in dimension 1 with a cyclic factor 4.
INFO: [XFORM 203-101] Partitioning array 'buffer_likelihood' (likelihood_kernel.cpp:144) in dimension 1 with a cyclic factor 4.
INFO: [XFORM 203-602] Inlining function 'roundDouble' into 'likelihood_kernel' (likelihood_kernel.cpp:29) automatically.
INFO: [HLS 200-111] Finished Loop, function and other optimizations: CPU user time: 0.34 seconds. CPU system time: 0.02 seconds. Elapsed time: 0.36 seconds; current allocated memory: 251.417 MB.
WARNING: [HLS 200-960] Cannot flatten loop 'computeParticles' (likelihood_kernel.cpp:73:14) in function 'likelihood_kernel' the outer loop is not a perfect loop because there is nontrivial logic before entering the inner loop.
Resolution: For help on HLS 200-960 see www.xilinx.com/cgi-bin/docs/rdoc?v=2020.2;t=hls+guidance;d=200-960.html
INFO: [HLS 200-472] Inferring partial write operation for 'buffer_obj_offsets' (likelihood_kernel.cpp:31:26)
INFO: [HLS 200-472] Inferring partial write operation for 'buffer_X[0]' (likelihood_kernel.cpp:48:14)
INFO: [HLS 200-472] Inferring partial write operation for 'buffer_Y[0]' (likelihood_kernel.cpp:49:23)
INFO: [HLS 200-472] Inferring partial write operation for 'buffer_likelihood[0]' (likelihood_kernel.cpp:92:30)
INFO: [HLS 200-111] Finished Architecture Synthesis: CPU user time: 0.24 seconds. CPU system time: 0 seconds. Elapsed time: 0.23 seconds; current allocated memory: 257.010 MB.
INFO: [HLS 200-10] Starting hardware synthesis ...
INFO: [HLS 200-10] Synthesizing 'likelihood_kernel' ...
INFO: [HLS 200-10] ----------------------------------------------------------------
INFO: [HLS 200-42] -- Implementing module 'likelihood_kernel' 
INFO: [HLS 200-10] ----------------------------------------------------------------
INFO: [SCHED 204-11] Starting scheduling ...
INFO: [SCHED 204-61] Pipelining loop 'loadObjxy'.
WARNING: [HLS 200-880] The II Violation in module 'likelihood_kernel' (loop 'loadObjxy'): Unable to enforce a carried dependence constraint (II = 1, distance = 1, offset = 1) between bus read on port 'gmem2' (likelihood_kernel.cpp:29) and bus read on port 'gmem2' (likelihood_kernel.cpp:29).
Resolution: For help on HLS 200-880 see www.xilinx.com/cgi-bin/docs/rdoc?v=2020.2;t=hls+guidance;d=200-880.html
INFO: [HLS 200-1470] Pipelining result : Target II = 1, Final II = 2, Depth = 19, loop 'loadObjxy'
INFO: [SCHED 204-61] Pipelining loop 'loadParticles'.
INFO: [HLS 200-1470] Pipelining result : Target II = 1, Final II = 1, Depth = 3, loop 'loadParticles'
INFO: [SCHED 204-61] Pipelining loop 'accumuPoints'.
INFO: [HLS 200-1470] Pipelining result : Target II = 1, Final II = 1, Depth = 13, loop 'accumuPoints'
INFO: [SCHED 204-61] Pipelining loop 'storeLikelihood'.
INFO: [HLS 200-1470] Pipelining result : Target II = 1, Final II = 1, Depth = 3, loop 'storeLikelihood'
INFO: [SCHED 204-11] Finished scheduling.
INFO: [HLS 200-111] Finished Scheduling: CPU user time: 0.23 seconds. CPU system time: 0 seconds. Elapsed time: 0.24 seconds; current allocated memory: 258.637 MB.
INFO: [BIND 205-100] Starting micro-architecture generation ...
INFO: [BIND 205-101] Performing variable lifetime analysis.
INFO: [BIND 205-101] Exploring resource sharing.
WARNING: [BIND 205-102] The specified resource core for memory 'buffer_obj_offsets' will be ignored if a simpler one can be used.
WARNING: [BIND 205-102] The specified resource core for memory 'buffer_X_0' will be ignored if a simpler one can be used.
WARNING: [BIND 205-102] The specified resource core for memory 'buffer_X_1' will be ignored if a simpler one can be used.
WARNING: [BIND 205-102] The specified resource core for memory 'buffer_X_2' will be ignored if a simpler one can be used.
WARNING: [BIND 205-102] The specified resource core for memory 'buffer_X_3' will be ignored if a simpler one can be used.
WARNING: [BIND 205-102] The specified resource core for memory 'buffer_Y_0' will be ignored if a simpler one can be used.
WARNING: [BIND 205-102] The specified resource core for memory 'buffer_Y_1' will be ignored if a simpler one can be used.
WARNING: [BIND 205-102] The specified resource core for memory 'buffer_Y_2' will be ignored if a simpler one can be used.
WARNING: [BIND 205-102] The specified resource core for memory 'buffer_Y_3' will be ignored if a simpler one can be used.
WARNING: [BIND 205-102] The specified resource core for memory 'buffer_likelihood_0' will be ignored if a simpler one can be used.
WARNING: [BIND 205-102] The specified resource core for memory 'buffer_likelihood_1' will be ignored if a simpler one can be used.
WARNING: [BIND 205-102] The specified resource core for memory 'buffer_likelihood_2' will be ignored if a simpler one can be used.
WARNING: [BIND 205-102] The specified resource core for memory 'buffer_likelihood_3' will be ignored if a simpler one can be used.
INFO: [BIND 205-101] Binding ...
INFO: [BIND 205-100] Finished micro-architecture generation.
INFO: [HLS 200-111] Finished Binding: CPU user time: 0.42 seconds. CPU system time: 0 seconds. Elapsed time: 0.43 seconds; current allocated memory: 260.603 MB.
INFO: [HLS 200-10] ----------------------------------------------------------------
INFO: [HLS 200-10] -- Generating RTL for module 'likelihood_kernel' 
INFO: [HLS 200-10] ----------------------------------------------------------------
WARNING: [RTGEN 206-101] Design contains AXI ports. Reset is fixed to synchronous and active low.
INFO: [RTGEN 206-500] Setting interface mode on port 'likelihood_kernel/gmem0' to 'm_axi'.
INFO: [RTGEN 206-500] Setting interface mode on port 'likelihood_kernel/gmem1' to 'm_axi'.
INFO: [RTGEN 206-500] Setting interface mode on port 'likelihood_kernel/gmem2' to 'm_axi'.
INFO: [RTGEN 206-500] Setting interface mode on port 'likelihood_kernel/gmem3' to 'm_axi'.
INFO: [RTGEN 206-500] Setting interface mode on port 'likelihood_kernel/gmem4' to 'm_axi'.
INFO: [RTGEN 206-500] Setting interface mode on port 'likelihood_kernel/Nparticles' to 's_axilite & ap_none'.
INFO: [RTGEN 206-500] Setting interface mode on port 'likelihood_kernel/countOnes' to 's_axilite & ap_none'.
INFO: [RTGEN 206-500] Setting interface mode on port 'likelihood_kernel/IszY' to 's_axilite & ap_none'.
INFO: [RTGEN 206-500] Setting interface mode on port 'likelihood_kernel/Nfr' to 's_axilite & ap_none'.
INFO: [RTGEN 206-500] Setting interface mode on port 'likelihood_kernel/k' to 's_axilite & ap_none'.
INFO: [RTGEN 206-500] Setting interface mode on port 'likelihood_kernel/max_size' to 's_axilite & ap_none'.
INFO: [RTGEN 206-500] Setting interface mode on port 'likelihood_kernel/arrayX' to 's_axilite & ap_none'.
INFO: [RTGEN 206-500] Setting interface mode on port 'likelihood_kernel/arrayY' to 's_axilite & ap_none'.
INFO: [RTGEN 206-500] Setting interface mode on port 'likelihood_kernel/objxy' to 's_axilite & ap_none'.
INFO: [RTGEN 206-500] Setting interface mode on port 'likelihood_kernel/I' to 's_axilite & ap_none'.
INFO: [RTGEN 206-500] Setting interface mode on port 'likelihood_kernel/likelihood' to 's_axilite & ap_none'.
INFO: [RTGEN 206-500] Setting interface mode on function 'likelihood_kernel' to 's_axilite & ap_ctrl_hs'.
INFO: [RTGEN 206-100] Bundling port 'Nparticles', 'countOnes', 'IszY', 'Nfr', 'k', 'max_size', 'arrayX', 'arrayY', 'objxy', 'I', 'likelihood' and 'return' to AXI-Lite port control.
INFO: [RTGEN 206-100] Generating core module 'dadd_64ns_64ns_64_8_full_dsp_1': 1 instance(s).
INFO: [RTGEN 206-100] Generating core module 'ddiv_64ns_64ns_64_31_no_dsp_1': 1 instance(s).
INFO: [RTGEN 206-100] Generating core module 'dmul_64ns_64ns_64_8_max_dsp_1': 1 instance(s).
INFO: [RTGEN 206-100] Generating core module 'mul_32s_32s_32_2_1': 4 instance(s).
INFO: [RTGEN 206-100] Generating core module 'mux_464_64_1_1': 3 instance(s).
INFO: [RTGEN 206-100] Generating core module 'sitodp_32ns_64_5_no_dsp_1': 1 instance(s).
INFO: [RTGEN 206-100] Finished creating RTL model for 'likelihood_kernel'.
INFO: [HLS 200-111] Finished Creating RTL model: CPU user time: 0.38 seconds. CPU system time: 0.01 seconds. Elapsed time: 0.39 seconds; current allocated memory: 265.535 MB.
INFO: [RTMG 210-282] Generating pipelined core: 'likelihood_kernel_mul_32s_32s_32_2_1_Multiplier_0'
INFO: [RTMG 210-278] Implementing memory 'likelihood_kernel_buffer_obj_offsets_ram (RAM_2P_BRAM)' using block RAMs.
INFO: [RTMG 210-278] Implementing memory 'likelihood_kernel_buffer_X_0_ram (RAM_2P_BRAM)' using block RAMs.
INFO: [HLS 200-111] Finished Generating all RTL models: CPU user time: 1.93 seconds. CPU system time: 0.04 seconds. Elapsed time: 2 seconds; current allocated memory: 283.209 MB.
INFO: [VHDL 208-304] Generating VHDL RTL for likelihood_kernel.
INFO: [VLOG 209-307] Generating Verilog RTL for likelihood_kernel.
INFO: [HLS 200-1603] Design has MAXI bursts and missed bursts, see Vitis HLS GUI synthesis summary report for detailed information.
INFO: [HLS 200-790] **** Loop Constraint Status: All loop constraints were NOT satisfied.
INFO: [HLS 200-789] **** Estimated Fmax: 411.37 MHz
INFO: [HLS 200-111] Finished Command csynth_design CPU user time: 5.94 seconds. CPU system time: 0.41 seconds. Elapsed time: 6.26 seconds; current allocated memory: 284.684 MB.
INFO: [HLS 200-112] Total CPU user time: 7.69 seconds. Total CPU system time: 0.95 seconds. Total elapsed time: 7.65 seconds; peak allocated memory: 283.209 MB.
INFO: [Common 17-206] Exiting vitis_hls at Tue Mar 24 15:11:44 2026...
