INFO-FLOW: Workspace /local-scratch/localhome/mca307/453/proj_7/buffer/likelihood_buffer.prj/solution1 opened at Tue Mar 24 15:10:33 PDT 2026
Execute       send_msg_by_id INFO @200-1505@%s%s default  vivado 
INFO: [HLS 200-1505] Using default flow_target 'vivado'
Execute       get_config_interface -m_axi_latency 
Execute       get_config_interface -m_axi_alignment_byte_size 
Execute       get_config_interface -m_axi_max_widen_bitwidth 
Execute       get_config_interface -default_interface 
Execute       get_config_interface -m_axi_offset 
Execute       get_config_rtl -register_reset_num 
Execute     set_part xcu50-fsvh2104-2-e 
INFO: [HLS 200-1510] Running: set_part xcu50-fsvh2104-2-e 
INFO-FLOW: DBG:set_part: XILINX_VIVADO=/mnt/share/tools/Xilinx/Vivado/2020.2
INFO-FLOW: DBG:set_part: RDI_DATADIR=/mnt/share/tools/Xilinx/Vivado/2020.2/data:/mnt/share/tools/Xilinx/Vitis_HLS/2020.2/data
Execute       ap_part_info -name xcu50-fsvh2104-2-e -data single -quiet 
DBG:HLSDevice: Trying to load device library: /mnt/share/tools/Xilinx/Vitis_HLS/2020.2/lib/lnx64.o/librdi_hlsvwrap.so
DBG:HLSDevice: first parts/arch.xml in RDI_DATADIR: /mnt/share/tools/Xilinx/Vivado/2020.2/data/parts/arch.xml
Command       ap_part_info done; 0.57 sec.
Execute       ap_part_info -name xcu50-fsvh2104-2-e -data info 
Execute       add_library xilinx/virtexuplus/virtexuplus:xcu50:-fsvh2104:-2-e 
Execute         get_default_platform 
Execute         open_platform DefaultPlatform 
Execute         ap_part_info -data single -name xcu50-fsvh2104-2-e 
Execute         ap_part_info -name xcu50-fsvh2104-2-e -data resources 
Execute         config_chip_info -resource {SLICE 108960} {LUT 871680} {FF 1743360} {DSP 5952} {BRAM 2688} {URAM 640} {SLR 2} 
Execute         ap_part_info -name xcu50-fsvh2104-2-e -data info 
Execute         config_chip_info -speed medium 
Execute         ap_part_info -name xcu50-fsvh2104-2-e -data info 
Execute         config_library_info -library virtexuplus_medium 
Execute         config_library_info -family virtexuplus 
Execute         config_library_info -part xcu50:-fsvh2104:-2-e 
Execute         import_lib /mnt/share/tools/Xilinx/Vitis_HLS/2020.2/common/technology/xilinx/virtexuplus/virtexuplus 
Execute           source /mnt/share/tools/Xilinx/Vitis_HLS/2020.2/common/technology/xilinx/interface/xilinx_interface.hlp 
Execute             source /mnt/share/tools/Xilinx/Vitis_HLS/2020.2/common/technology/xilinx/interface/maxi.hlp 
Execute             source /mnt/share/tools/Xilinx/Vitis_HLS/2020.2/common/technology/xilinx/interface/saxilite.hlp 
Execute           source /mnt/share/tools/Xilinx/Vitis_HLS/2020.2/common/technology/xilinx/DSP48/dsp48.hlp 
Execute           source /mnt/share/tools/Xilinx/Vitis_HLS/2020.2/common/technology/xilinx/DSP48/virtexuplus_dsp48e2.hlp 
Execute         source /mnt/share/tools/Xilinx/Vitis_HLS/2020.2/common/technology/xilinx/common/xilinx.gen 
Execute           source /mnt/share/tools/Xilinx/Vitis_HLS/2020.2/common/technology/xilinx/interface/plb46.gen 
Execute           source /mnt/share/tools/Xilinx/Vitis_HLS/2020.2/common/technology/xilinx/interface/axi4.gen 
Execute           source /mnt/share/tools/Xilinx/Vitis_HLS/2020.2/common/technology/xilinx/interface/nativeAXI4.gen 
Execute             source /mnt/share/tools/Xilinx/Vitis_HLS/2020.2/common/technology/xilinx/interface/saxilite.gen 
Execute             source /mnt/share/tools/Xilinx/Vitis_HLS/2020.2/common/technology/xilinx/interface/maxi.gen 
Execute           source /mnt/share/tools/Xilinx/Vitis_HLS/2020.2/common/technology/xilinx/scripts/xilinxcoregen.gen 
Execute           source /mnt/share/tools/Xilinx/Vitis_HLS/2020.2/common/technology/xilinx/interface/XilEDKCoreGen.gen 
Execute           source /mnt/share/tools/Xilinx/Vitis_HLS/2020.2/common/technology/xilinx/ip/dds_compiler.gen 
Execute           source /mnt/share/tools/Xilinx/Vitis_HLS/2020.2/common/technology/xilinx/ip/util.gen 
Execute           source /mnt/share/tools/Xilinx/Vitis_HLS/2020.2/common/technology/xilinx/ip/xfft.gen 
Execute           source /mnt/share/tools/Xilinx/Vitis_HLS/2020.2/common/technology/xilinx/ip/xfir.gen 
Execute           source /mnt/share/tools/Xilinx/Vitis_HLS/2020.2/common/technology/xilinx/DSP48/dsp48.gen 
INFO: [HLS 200-10] Setting target device to 'xcu50-fsvh2104-2-e'
Execute       ap_part_info -name xcu50-fsvh2104-2-e -data info 
Execute       config_compile -quiet -complex-mul-dsp=0 
Command     set_part done; 0.66 sec.
Execute     create_clock -period 3.33 
INFO: [HLS 200-1510] Running: create_clock -period 3.33 
Execute       ap_set_clock -name default -period 3.33 -default=false 
INFO: [SYN 201-201] Setting up clock 'default' with a period of 3.33ns.
Execute     csim_design 
INFO: [HLS 200-1510] Running: csim_design 
INFO: [SIM 211-2] *************** CSIM start ***************
INFO: [SIM 211-4] CSIM will launch GCC as the compiler.
Execute       ap_part_info -name xcu50-fsvh2104-2-e -data info 
Execute       source run_sim.tcl 
Command       ap_source done; 0.12 sec.
INFO: [SIM 211-1] CSim done with 0 errors.
INFO: [SIM 211-3] *************** CSIM finish ***************
Command     csim_design done; 0.66 sec.
INFO: [HLS 200-111] Finished Command csim_design CPU user time: 0.98 seconds. CPU system time: 0.24 seconds. Elapsed time: 0.66 seconds; current allocated memory: 167.100 MB.
Execute     csynth_design 
INFO: [HLS 200-1510] Running: csynth_design 
Execute       get_config_compile -effort 
Execute       get_config_compile -enable_clang39 
Execute       get_config_compile -g 
Execute       get_config_compile -ng 
Execute       get_config_compile -opt_fp 
Execute       get_config_compile -skip_cdt 
Execute       get_config_compile -skip_syncheck 
Execute       get_config_compile -skip_transform 
Execute       get_config_compile -keep_printf 
Execute       elaborate -effort=medium -skip_syncheck=0 -keep_printf=0 -skip_cdt=0 -skip_transform=0 -ng=0 -g=0 -opt_fp=0 -from_csynth_design=1 
INFO: [HLS 200-111] Finished File checks and directory preparation: CPU user time: 0 seconds. CPU system time: 0 seconds. Elapsed time: 0.01 seconds; current allocated memory: 167.336 MB.
INFO: [HLS 200-10] Analyzing design file 'likelihood_kernel.cpp' ... 
INFO-FLOW: Compiling one TU...
Execute         get_config_compile -pragma_strict_mode 
INFO-FLOW: Handling likelihood_kernel.cpp as C++
Execute         ap_part_info -name xcu50-fsvh2104-2-e -data info 
INFO-FLOW: Running: GCC PP 39
INFO-FLOW: Source preprocessing
Execute         ap_eval exec -ignorestderr /mnt/share/tools/Xilinx/Vitis_HLS/2020.2/lnx64/tools/clang-3.9-csynth/bin/clang likelihood_kernel.cpp -foptimization-record-file=/local-scratch/localhome/mca307/453/proj_7/buffer/likelihood_buffer.prj/solution1/.autopilot/db/clang.likelihood_kernel.cpp.diag.yml -mllvm -pass-remarks-missed=reflow|pasta|unroll -mllvm -pass-remarks=reflow|pasta|unroll|inline -fno-limit-debug-info -gcc-toolchain /mnt/share/tools/Xilinx/Vitis_HLS/2020.2/tps/lnx64/gcc-6.2.0 -fhls -fno-exceptions -E -fno-math-errno -c -emit-llvm -mllvm -disable-llvm-optzns -Werror=implicit-function-declaration -Werror=implicit-hls-streams -Werror=return-type -Wpragmas -Wunused-parameter -fno-threadsafe-statics -fno-use-cxa-atexit -std=gnu++14 -target fpga64-xilinx-linux-gnu -fno-threadsafe-statics -fno-use-cxa-atexit -I /mnt/share/tools/Xilinx/Vitis_HLS/2020.2/common/technology/autopilot/39 -D__VITIS_HLS__ -DAESL_SYN -D__SYNTHESIS__ -D__HLS_SYN__ -I /mnt/share/tools/Xilinx/Vitis_HLS/2020.2/common/technology/autopilot -I /mnt/share/tools/Xilinx/Vitis_HLS/2020.2/common/technology/autopilot/ap_sysc -include etc/autopilot_ssdm_op.h -D__DSP48E2__ -o /local-scratch/localhome/mca307/453/proj_7/buffer/likelihood_buffer.prj/solution1/.autopilot/db/likelihood_kernel.pp.0.cpp > /local-scratch/localhome/mca307/453/proj_7/buffer/likelihood_buffer.prj/solution1/.autopilot/db/clang.likelihood_kernel.cpp.out.log 2> /local-scratch/localhome/mca307/453/proj_7/buffer/likelihood_buffer.prj/solution1/.autopilot/db/clang.likelihood_kernel.cpp.err.log 
INFO-FLOW: Done: GCC PP 39 time: 0.1 seconds per iteration
Execute         set_directive_top likelihood_kernel -name=likelihood_kernel 
INFO-FLOW: Setting directive 'TOP' name=likelihood_kernel 
INFO-FLOW: Setting directive 'TOP' name=likelihood_kernel 
Execute         source /mnt/share/tools/Xilinx/Vitis_HLS/2020.2/tps/tcl/tcllib1.11.1/yaml/huddle.tcl 
Execute         source /mnt/share/tools/Xilinx/Vitis_HLS/2020.2/tps/tcl/tcllib1.11.1/yaml/json2huddle.tcl 
Execute           source /mnt/share/tools/Xilinx/Vitis_HLS/2020.2/tps/tcl/tcllib1.11.1/try/try.tcl 
INFO-FLOW: Setting directive 'TOP' name=likelihood_kernel 
Execute         list_core -type functional_unit 
Execute         clang_tidy xilinx-systemc-detector /local-scratch/localhome/mca307/453/proj_7/buffer/likelihood_buffer.prj/solution1/.autopilot/db/likelihood_kernel.pp.0.cpp std=gnu++14 -target fpga  -directive=/local-scratch/localhome/mca307/453/proj_7/buffer/likelihood_buffer.prj/solution1/.autopilot/db/.systemc_flag 
INFO-FLOW: exec /mnt/share/tools/Xilinx/Vitis_HLS/2020.2/lnx64/tools/clang-3.9-csynth/bin/clang-tidy -header-filter=.* --checks=-*,xilinx-systemc-detector -import-directive=/local-scratch/localhome/mca307/453/proj_7/buffer/likelihood_buffer.prj/solution1/.autopilot/db/.systemc_flag -fix-errors /local-scratch/localhome/mca307/453/proj_7/buffer/likelihood_buffer.prj/solution1/.autopilot/db/likelihood_kernel.pp.0.cpp -- -std=gnu++14 -target fpga -fhls -ferror-limit=0
INFO-FLOW: Running: clang-tidy CDT preprocess 39
Execute         clang_tidy xilinx-directive2pragma /local-scratch/localhome/mca307/453/proj_7/buffer/likelihood_buffer.prj/solution1/.autopilot/db/likelihood_kernel.pp.0.cpp std=gnu++14 -target fpga  -directive=/local-scratch/localhome/mca307/453/proj_7/buffer/likelihood_buffer.prj/solution1/.autopilot/db/all.directive.json 
INFO-FLOW: exec /mnt/share/tools/Xilinx/Vitis_HLS/2020.2/lnx64/tools/clang-3.9-csynth/bin/clang-tidy -header-filter=.* --checks=-*,xilinx-directive2pragma -import-directive=/local-scratch/localhome/mca307/453/proj_7/buffer/likelihood_buffer.prj/solution1/.autopilot/db/all.directive.json -fix-errors /local-scratch/localhome/mca307/453/proj_7/buffer/likelihood_buffer.prj/solution1/.autopilot/db/likelihood_kernel.pp.0.cpp -- -std=gnu++14 -target fpga -fhls -ferror-limit=0
Execute         clang_tidy xilinx-constantarray-param,xilinx-remove-assert /local-scratch/localhome/mca307/453/proj_7/buffer/likelihood_buffer.prj/solution1/.autopilot/db/likelihood_kernel.pp.0.cpp std=gnu++14 -target fpga  
INFO-FLOW: exec /mnt/share/tools/Xilinx/Vitis_HLS/2020.2/lnx64/tools/clang-3.9-csynth/bin/clang-tidy -header-filter=.* --checks=-*,xilinx-constantarray-param,xilinx-remove-assert -fix-errors /local-scratch/localhome/mca307/453/proj_7/buffer/likelihood_buffer.prj/solution1/.autopilot/db/likelihood_kernel.pp.0.cpp -- -std=gnu++14 -target fpga -fhls -ferror-limit=0
INFO-FLOW: Done: clang-tidy CDT preprocess 39 time: 0.1 seconds per iteration
INFO-FLOW: Calling xilinx-label-all-loops ... 
Execute         clang_tidy -errorcheck xilinx-label-all-loops,xilinx-top-parameters,xilinx-array-stream-check,xilinx-warn-mayneed-no-ctor-attribute /local-scratch/localhome/mca307/453/proj_7/buffer/likelihood_buffer.prj/solution1/.autopilot/db/likelihood_kernel.pp.0.cpp std=gnu++14 -target fpga  
Execute           ap_eval exec -ignorestderr /mnt/share/tools/Xilinx/Vitis_HLS/2020.2/lnx64/tools/clang-3.9-csynth/bin/clang-tidy -export-fixes=/local-scratch/localhome/mca307/453/proj_7/buffer/likelihood_buffer.prj/solution1/.autopilot/db/clang-tidy.likelihood_kernel.pp.0.cpp.diag.yml -header-filter=.* --checks=-*,xilinx-label-all-loops,xilinx-top-parameters,xilinx-array-stream-check,xilinx-warn-mayneed-no-ctor-attribute -fix-errors /local-scratch/localhome/mca307/453/proj_7/buffer/likelihood_buffer.prj/solution1/.autopilot/db/likelihood_kernel.pp.0.cpp -- -std=gnu++14 -target fpga -fhls -ferror-limit=0 > /local-scratch/localhome/mca307/453/proj_7/buffer/likelihood_buffer.prj/solution1/.autopilot/db/clang-tidy.likelihood_kernel.pp.0.cpp.out.log 2> /local-scratch/localhome/mca307/453/proj_7/buffer/likelihood_buffer.prj/solution1/.autopilot/db/clang-tidy.likelihood_kernel.pp.0.cpp.err.log 
Execute         get_config_dataflow -strict_mode 
Execute         ap_eval exec -ignorestderr /mnt/share/tools/Xilinx/Vitis_HLS/2020.2/lnx64/tools/clang-3.9-csynth/bin/xilinx-dataflow-lawyer -export-fixes=/local-scratch/localhome/mca307/453/proj_7/buffer/likelihood_buffer.prj/solution1/.autopilot/db/xilinx-dataflow-lawyer.likelihood_kernel.pp.0.cpp.diag.yml /local-scratch/localhome/mca307/453/proj_7/buffer/likelihood_buffer.prj/solution1/.autopilot/db/likelihood_kernel.pp.0.cpp -- -std=gnu++14 -target fpga -fhls -ferror-limit=0 -fstrict-dataflow > /local-scratch/localhome/mca307/453/proj_7/buffer/likelihood_buffer.prj/solution1/.autopilot/db/xilinx-dataflow-lawyer.likelihood_kernel.pp.0.cpp.out.log 2> /local-scratch/localhome/mca307/453/proj_7/buffer/likelihood_buffer.prj/solution1/.autopilot/db/xilinx-dataflow-lawyer.likelihood_kernel.pp.0.cpp.err.log 
Execute         ap_part_info -name xcu50-fsvh2104-2-e -data info 
INFO-FLOW: compiling source code to llvm bc
Execute         ap_eval exec -ignorestderr /mnt/share/tools/Xilinx/Vitis_HLS/2020.2/lnx64/tools/clang-3.9-csynth/bin/clang -foptimization-record-file=/local-scratch/localhome/mca307/453/proj_7/buffer/likelihood_buffer.prj/solution1/.autopilot/db/clang.likelihood_kernel.pp.0.cpp.diag.yml -mllvm -pass-remarks-missed=reflow|pasta|unroll -mllvm -pass-remarks=reflow|pasta|unroll|inline -fno-limit-debug-info -fhls -flto -fno-exceptions -Wno-error=c++11-narrowing /local-scratch/localhome/mca307/453/proj_7/buffer/likelihood_buffer.prj/solution1/.autopilot/db/likelihood_kernel.pp.0.cpp -fno-math-errno -c -emit-llvm -mllvm -disable-llvm-optzns -Werror=implicit-function-declaration -Werror=implicit-hls-streams -Werror=return-type -Wpragmas -Wunused-parameter -fno-threadsafe-statics -fno-use-cxa-atexit -std=gnu++14 -target fpga64-xilinx-linux-gnu -D__VITIS_HLS__ -DAESL_SYN -D__SYNTHESIS__ -D__HLS_SYN__ -I /mnt/share/tools/Xilinx/Vitis_HLS/2020.2/common/technology/autopilot -I /mnt/share/tools/Xilinx/Vitis_HLS/2020.2/common/technology/autopilot/ap_sysc -include etc/autopilot_ssdm_op.h -D__DSP48E2__ -g -o /local-scratch/localhome/mca307/453/proj_7/buffer/likelihood_buffer.prj/solution1/.autopilot/db/likelihood_kernel.bc > /local-scratch/localhome/mca307/453/proj_7/buffer/likelihood_buffer.prj/solution1/.autopilot/db/clang.likelihood_kernel.pp.0.cpp.out.log 2> /local-scratch/localhome/mca307/453/proj_7/buffer/likelihood_buffer.prj/solution1/.autopilot/db/clang.likelihood_kernel.pp.0.cpp.err.log 
INFO: [HLS 200-111] Finished Source Code Analysis and Preprocessing: CPU user time: 0.14 seconds. CPU system time: 0.1 seconds. Elapsed time: 0.22 seconds; current allocated memory: 167.964 MB.
INFO-FLOW: Linking Debug ...
INFO-FLOW: Linking dut bc code.
Execute         run_link_or_opt -out /local-scratch/localhome/mca307/453/proj_7/buffer/likelihood_buffer.prj/solution1/.autopilot/db/a.g.ld.0.bc -args  "/local-scratch/localhome/mca307/453/proj_7/buffer/likelihood_buffer.prj/solution1/.autopilot/db/likelihood_kernel.g.bc"  
Execute           ap_eval exec -ignorestderr /mnt/share/tools/Xilinx/Vitis_HLS/2020.2/lnx64/tools/clang-3.9-csynth/bin/llvm-link /local-scratch/localhome/mca307/453/proj_7/buffer/likelihood_buffer.prj/solution1/.autopilot/db/likelihood_kernel.g.bc -o /local-scratch/localhome/mca307/453/proj_7/buffer/likelihood_buffer.prj/solution1/.autopilot/db/a.g.ld.0.bc > /local-scratch/localhome/mca307/453/proj_7/buffer/likelihood_buffer.prj/solution1/.autopilot/db/llvm-link.a.g.ld.0.bc.out.log 2> /local-scratch/localhome/mca307/453/proj_7/buffer/likelihood_buffer.prj/solution1/.autopilot/db/llvm-link.a.g.ld.0.bc.err.log 
INFO-FLOW: 
Execute         run_link_or_opt -opt -out /local-scratch/localhome/mca307/453/proj_7/buffer/likelihood_buffer.prj/solution1/.autopilot/db/a.g.ld.1.lower.bc -args /local-scratch/localhome/mca307/453/proj_7/buffer/likelihood_buffer.prj/solution1/.autopilot/db/a.g.ld.0.bc -reflow-lower-math-intrinsics 
Execute           ap_eval exec -ignorestderr /mnt/share/tools/Xilinx/Vitis_HLS/2020.2/lnx64/tools/clang-3.9-csynth/bin/opt -pass-remarks-missed=reflow|pasta|unroll -pass-remarks=reflow|pasta|unroll|inline -pass-remarks-output=/local-scratch/localhome/mca307/453/proj_7/buffer/likelihood_buffer.prj/solution1/.autopilot/db/opt.a.g.ld.1.lower.bc.diag.yml /local-scratch/localhome/mca307/453/proj_7/buffer/likelihood_buffer.prj/solution1/.autopilot/db/a.g.ld.0.bc -reflow-lower-math-intrinsics -o /local-scratch/localhome/mca307/453/proj_7/buffer/likelihood_buffer.prj/solution1/.autopilot/db/a.g.ld.1.lower.bc > /local-scratch/localhome/mca307/453/proj_7/buffer/likelihood_buffer.prj/solution1/.autopilot/db/opt.a.g.ld.1.lower.bc.out.log 2> /local-scratch/localhome/mca307/453/proj_7/buffer/likelihood_buffer.prj/solution1/.autopilot/db/opt.a.g.ld.1.lower.bc.err.log 
INFO-FLOW: 
INFO-FLOW: Linking math bc lib
Execute         run_link_or_opt -out /local-scratch/localhome/mca307/453/proj_7/buffer/likelihood_buffer.prj/solution1/.autopilot/db/a.g.ld.2.m1.bc -args /local-scratch/localhome/mca307/453/proj_7/buffer/likelihood_buffer.prj/solution1/.autopilot/db/a.g.ld.1.lower.bc -only-needed /mnt/share/tools/Xilinx/Vitis_HLS/2020.2/lnx64/lib/libhlsm_39.bc /mnt/share/tools/Xilinx/Vitis_HLS/2020.2/lnx64/lib/libhlsmc++_39.bc 
Execute           ap_eval exec -ignorestderr /mnt/share/tools/Xilinx/Vitis_HLS/2020.2/lnx64/tools/clang-3.9-csynth/bin/llvm-link /local-scratch/localhome/mca307/453/proj_7/buffer/likelihood_buffer.prj/solution1/.autopilot/db/a.g.ld.1.lower.bc -only-needed /mnt/share/tools/Xilinx/Vitis_HLS/2020.2/lnx64/lib/libhlsm_39.bc /mnt/share/tools/Xilinx/Vitis_HLS/2020.2/lnx64/lib/libhlsmc++_39.bc -o /local-scratch/localhome/mca307/453/proj_7/buffer/likelihood_buffer.prj/solution1/.autopilot/db/a.g.ld.2.m1.bc > /local-scratch/localhome/mca307/453/proj_7/buffer/likelihood_buffer.prj/solution1/.autopilot/db/llvm-link.a.g.ld.2.m1.bc.out.log 2> /local-scratch/localhome/mca307/453/proj_7/buffer/likelihood_buffer.prj/solution1/.autopilot/db/llvm-link.a.g.ld.2.m1.bc.err.log 
Command           ap_eval done; 1.15 sec.
INFO-FLOW: 
Command         run_link_or_opt done; 1.15 sec.
Execute         run_link_or_opt -opt -out /local-scratch/localhome/mca307/453/proj_7/buffer/likelihood_buffer.prj/solution1/.autopilot/db/a.g.ld.3.fpc.bc -args /local-scratch/localhome/mca307/453/proj_7/buffer/likelihood_buffer.prj/solution1/.autopilot/db/a.g.ld.2.m1.bc -reflow-globaldce -hls-top-function-name=likelihood_kernel -reflow-float-conversion 
Execute           ap_eval exec -ignorestderr /mnt/share/tools/Xilinx/Vitis_HLS/2020.2/lnx64/tools/clang-3.9-csynth/bin/opt -pass-remarks-missed=reflow|pasta|unroll -pass-remarks=reflow|pasta|unroll|inline -pass-remarks-output=/local-scratch/localhome/mca307/453/proj_7/buffer/likelihood_buffer.prj/solution1/.autopilot/db/opt.a.g.ld.3.fpc.bc.diag.yml /local-scratch/localhome/mca307/453/proj_7/buffer/likelihood_buffer.prj/solution1/.autopilot/db/a.g.ld.2.m1.bc -reflow-globaldce -hls-top-function-name=likelihood_kernel -reflow-float-conversion -o /local-scratch/localhome/mca307/453/proj_7/buffer/likelihood_buffer.prj/solution1/.autopilot/db/a.g.ld.3.fpc.bc > /local-scratch/localhome/mca307/453/proj_7/buffer/likelihood_buffer.prj/solution1/.autopilot/db/opt.a.g.ld.3.fpc.bc.out.log 2> /local-scratch/localhome/mca307/453/proj_7/buffer/likelihood_buffer.prj/solution1/.autopilot/db/opt.a.g.ld.3.fpc.bc.err.log 
Command           ap_eval done; 0.41 sec.
INFO-FLOW: 
Command         run_link_or_opt done; 0.41 sec.
Execute         run_link_or_opt -out /local-scratch/localhome/mca307/453/proj_7/buffer/likelihood_buffer.prj/solution1/.autopilot/db/a.g.ld.4.m2.bc -args /local-scratch/localhome/mca307/453/proj_7/buffer/likelihood_buffer.prj/solution1/.autopilot/db/a.g.ld.3.fpc.bc -only-needed /mnt/share/tools/Xilinx/Vitis_HLS/2020.2/lnx64/lib/libfloatconversion_39.bc 
Execute           ap_eval exec -ignorestderr /mnt/share/tools/Xilinx/Vitis_HLS/2020.2/lnx64/tools/clang-3.9-csynth/bin/llvm-link /local-scratch/localhome/mca307/453/proj_7/buffer/likelihood_buffer.prj/solution1/.autopilot/db/a.g.ld.3.fpc.bc -only-needed /mnt/share/tools/Xilinx/Vitis_HLS/2020.2/lnx64/lib/libfloatconversion_39.bc -o /local-scratch/localhome/mca307/453/proj_7/buffer/likelihood_buffer.prj/solution1/.autopilot/db/a.g.ld.4.m2.bc > /local-scratch/localhome/mca307/453/proj_7/buffer/likelihood_buffer.prj/solution1/.autopilot/db/llvm-link.a.g.ld.4.m2.bc.out.log 2> /local-scratch/localhome/mca307/453/proj_7/buffer/likelihood_buffer.prj/solution1/.autopilot/db/llvm-link.a.g.ld.4.m2.bc.err.log 
INFO-FLOW: 
Execute         run_link_or_opt -opt -out /local-scratch/localhome/mca307/453/proj_7/buffer/likelihood_buffer.prj/solution1/.autopilot/db/a.g.ld.5.gdce.bc -args /local-scratch/localhome/mca307/453/proj_7/buffer/likelihood_buffer.prj/solution1/.autopilot/db/a.g.ld.4.m2.bc -reflow-globaldce -hls-top-function-name=likelihood_kernel 
Execute           ap_eval exec -ignorestderr /mnt/share/tools/Xilinx/Vitis_HLS/2020.2/lnx64/tools/clang-3.9-csynth/bin/opt -pass-remarks-missed=reflow|pasta|unroll -pass-remarks=reflow|pasta|unroll|inline -pass-remarks-output=/local-scratch/localhome/mca307/453/proj_7/buffer/likelihood_buffer.prj/solution1/.autopilot/db/opt.a.g.ld.5.gdce.bc.diag.yml /local-scratch/localhome/mca307/453/proj_7/buffer/likelihood_buffer.prj/solution1/.autopilot/db/a.g.ld.4.m2.bc -reflow-globaldce -hls-top-function-name=likelihood_kernel -o /local-scratch/localhome/mca307/453/proj_7/buffer/likelihood_buffer.prj/solution1/.autopilot/db/a.g.ld.5.gdce.bc > /local-scratch/localhome/mca307/453/proj_7/buffer/likelihood_buffer.prj/solution1/.autopilot/db/opt.a.g.ld.5.gdce.bc.out.log 2> /local-scratch/localhome/mca307/453/proj_7/buffer/likelihood_buffer.prj/solution1/.autopilot/db/opt.a.g.ld.5.gdce.bc.err.log 
INFO-FLOW: 
Execute         get_solution -flow_target 
Execute         get_config_export -xo 
Execute         get_config_export -format 
Execute         get_config_rtl -module_prefix 
Execute         get_config_interface -default_slave_interface 
Execute         get_solution -flow_target 
Execute         get_config_export -xo 
Execute         get_config_export -format 
Execute         get_config_interface -m_axi_offset 
Execute         get_config_interface -m_axi_latency 
Execute         get_config_interface -m_axi_alignment_byte_size 
Execute         get_config_interface -m_axi_min_bitwidth 
Execute         get_config_interface -m_axi_max_bitwidth 
Execute         get_config_interface -m_axi_max_widen_bitwidth 
Execute         get_config_interface -m_axi_num_read_outstanding 
Execute         get_config_interface -m_axi_num_write_outstanding 
Execute         get_config_interface -m_axi_max_read_burst_length 
Execute         get_config_interface -m_axi_max_write_burst_length 
Execute         get_config_interface -m_axi_min_bitwidth 
Execute         get_config_interface -m_axi_max_bitwidth 
Execute         get_config_interface -m_axi_latency 
Execute         get_config_interface -m_axi_min_bitwidth 
Execute         get_config_interface -m_axi_max_bitwidth 
Execute         get_config_interface -m_axi_max_widen_bitwidth 
Execute         get_config_interface -m_axi_auto_max_ports 
Execute         get_config_interface -m_axi_num_read_outstanding 
Execute         get_config_interface -m_axi_num_write_outstanding 
Execute         get_config_interface -m_axi_max_read_burst_length 
Execute         get_config_interface -m_axi_max_write_burst_length 
Execute         get_config_interface -s_axilite_data64 
Execute         get_config_interface -m_axi_alignment_byte_size 
Execute         get_config_compile -pragma_strict_mode 
Execute         get_config_compile -pipeline_style 
Execute         send_msg_by_id INFO @200-777@%s Vivado 
INFO: [HLS 200-777] Using interface defaults for 'Vivado' flow target.
Execute         is_m_axi_addr64 
INFO-FLOW: Doing LTO.
Execute         ap_eval exec -ignorestderr /mnt/share/tools/Xilinx/Vitis_HLS/2020.2/lnx64/tools/clang-3.9-csynth/bin/clang -foptimization-record-file=/local-scratch/localhome/mca307/453/proj_7/buffer/likelihood_buffer.prj/solution1/.autopilot/db/clang.a.g.ld.0.bc.diag.yml -mllvm -pass-remarks-missed=reflow|pasta|unroll -mllvm -pass-remarks=reflow|pasta|unroll|inline -fhls -mllvm -hls-top-function-name=likelihood_kernel -mllvm -hls-db-dir -mllvm /local-scratch/localhome/mca307/453/proj_7/buffer/likelihood_buffer.prj/solution1/.autopilot/db -emit-llvm -c -target fpga64-xilinx-none -mllvm -xcl-xmlinfo=/local-scratch/localhome/mca307/453/proj_7/buffer/likelihood_buffer.prj/solution1/.autopilot/db/kernel.internal.xml -mllvm -top-io-mapping-info=/local-scratch/localhome/mca307/453/proj_7/buffer/likelihood_buffer.prj/solution1/.autopilot/db/top-io-fe.xml -mllvm -hls-bitcode-version=3.1 -mllvm -reflow-enable-slave-interface-default-setting=true -mllvm -gen-kernel-xml=false -mllvm -default-maxi-offset=off -mllvm -maxi-latency=0 -mllvm -hls-maxi-data-size-in-bits=8 -mllvm -hls-maxi-max-data-size-in-bits=1024 -mllvm -hls-max-widen-size-in-bits=0 -mllvm -xcl-kernel-max-mem-ports=0 -mllvm -maxi-read-trans=16 -mllvm -maxi-write-trans=16 -mllvm -maxi-read-burst-len=16 -mllvm -maxi-write-burst-len=16 -mllvm -reflow-enable-saxi-64bits=0 -mllvm -assume-maxi-align=0 -mllvm -no-unaligned-maxi-accesses -mllvm -reflow-pipeline-style-llvm-setting=0 -mllvm -disable-inlined-alloca-merging=true -x ir /local-scratch/localhome/mca307/453/proj_7/buffer/likelihood_buffer.prj/solution1/.autopilot/db/a.g.ld.5.gdce.bc -o /local-scratch/localhome/mca307/453/proj_7/buffer/likelihood_buffer.prj/solution1/.autopilot/db/a.g.lto.bc > /local-scratch/localhome/mca307/453/proj_7/buffer/likelihood_buffer.prj/solution1/.autopilot/db/clang.a.g.ld.0.bc.out.log 2> /local-scratch/localhome/mca307/453/proj_7/buffer/likelihood_buffer.prj/solution1/.autopilot/db/clang.a.g.ld.0.bc.err.log 
Command         ap_eval done; 0.16 sec.
Execute         source /mnt/share/tools/Xilinx/Vitis_HLS/2020.2/tps/tcl/tcllib1.11.1/yaml/yaml.tcl 
Execute           source /mnt/share/tools/Xilinx/Vitis_HLS/2020.2/tps/tcl/tcllib1.11.1/cmdline/cmdline.tcl 
INFO: [HLS 214-131] Inlining function 'load_objxy(double const*, int*, int)' into 'likelihood_kernel' (likelihood_kernel.cpp:153:2)
INFO: [HLS 214-131] Inlining function 'load_particles(double const*, double const*, double*, double*, int, int)' into 'likelihood_kernel' (likelihood_kernel.cpp:166:3)
INFO: [HLS 214-131] Inlining function 'store_likelihood(double*, double const*, int, int)' into 'likelihood_kernel' (likelihood_kernel.cpp:170:3)
INFO: [HLS 214-131] Inlining function 'compute_likelihood(double const*, double const*, int const*, int, int, int, int, long, int const*, double*, int)' into 'likelihood_kernel' (likelihood_kernel.cpp:168:3)
INFO: [HLS 214-178] Inlining function 'fp_struct<double>::fp_struct(double)' into 'int generic_cast_IEEE754<int, (ap_q_mode)6, double>(double, bool, hls::enable_if<std::numeric_limits<int>::is_signed, bool>::type)' (/wrk/ci/prod/2020.2/rdi_builds/continuous/2020_11_18_3064766/src/shared/hls/clib/hlsmath/include/FloatingPoint/hls_case_IEEE754.h:12:0)
INFO: [HLS 214-178] Inlining function 'fp_struct<double>::mantissa() const' into 'int generic_cast_IEEE754<int, (ap_q_mode)6, double>(double, bool, hls::enable_if<std::numeric_limits<int>::is_signed, bool>::type)' (/wrk/ci/prod/2020.2/rdi_builds/continuous/2020_11_18_3064766/src/shared/hls/clib/hlsmath/include/FloatingPoint/hls_case_IEEE754.h:12:0)
INFO: [HLS 214-178] Inlining function 'fp_struct<double>::expv() const' into 'int generic_cast_IEEE754<int, (ap_q_mode)6, double>(double, bool, hls::enable_if<std::numeric_limits<int>::is_signed, bool>::type)' (/wrk/ci/prod/2020.2/rdi_builds/continuous/2020_11_18_3064766/src/shared/hls/clib/hlsmath/include/FloatingPoint/hls_case_IEEE754.h:12:0)
INFO: [HLS 214-178] Inlining function 'fp_struct<double>::__signbit() const' into 'int generic_cast_IEEE754<int, (ap_q_mode)6, double>(double, bool, hls::enable_if<std::numeric_limits<int>::is_signed, bool>::type)' (/wrk/ci/prod/2020.2/rdi_builds/continuous/2020_11_18_3064766/src/shared/hls/clib/hlsmath/include/FloatingPoint/hls_case_IEEE754.h:12:0)
INFO: [HLS 214-178] Inlining function 'int generic_cast_IEEE754<int, (ap_q_mode)6, double>(double, bool, hls::enable_if<std::numeric_limits<int>::is_signed, bool>::type)' into 'int generic_cast_IEEE754<int, double>(double, bool)' (/wrk/ci/prod/2020.2/rdi_builds/continuous/2020_11_18_3064766/src/shared/hls/clib/hlsmath/include/FloatingPoint/hls_case_IEEE754.h:116:0)
INFO: [HLS 214-178] Inlining function 'int generic_cast_IEEE754<int, double>(double, bool)' into '__hls_fptosi_double_i32' (/wrk/ci/prod/2020.2/rdi_builds/continuous/2020_11_18_3064766/src/shared/hls/clib/hlsmath/src/lib_floatconversion.cpp:55:0)
INFO: [HLS 214-178] Inlining function '__hls_fptosi_double_i32' into 'roundDouble(double)' (likelihood_kernel.cpp:14:0)
WARNING: [HLS 214-205] The INTERFACE pragma must have a max_widen_bitwidth setting that is both a power of 2 and in the range [0, 1024]. The current value of '0' will be ignored, in 'likelihood_kernel' (likelihood_kernel.cpp:127:0)
WARNING: [HLS 214-205] The INTERFACE pragma must have a max_widen_bitwidth setting that is both a power of 2 and in the range [0, 1024]. The current value of '0' will be ignored, in 'likelihood_kernel' (likelihood_kernel.cpp:127:0)
WARNING: [HLS 214-205] The INTERFACE pragma must have a max_widen_bitwidth setting that is both a power of 2 and in the range [0, 1024]. The current value of '0' will be ignored, in 'likelihood_kernel' (likelihood_kernel.cpp:127:0)
WARNING: [HLS 214-205] The INTERFACE pragma must have a max_widen_bitwidth setting that is both a power of 2 and in the range [0, 1024]. The current value of '0' will be ignored, in 'likelihood_kernel' (likelihood_kernel.cpp:127:0)
WARNING: [HLS 214-205] The INTERFACE pragma must have a max_widen_bitwidth setting that is both a power of 2 and in the range [0, 1024]. The current value of '0' will be ignored, in 'likelihood_kernel' (likelihood_kernel.cpp:127:0)
INFO: [HLS 214-115] Multiple burst reads of variable length and bit width 64 in loop 'loadObjxy'(likelihood_kernel.cpp:24:4) has been inferred on port 'gmem2' (likelihood_kernel.cpp:24:4)
INFO: [HLS 214-115] Multiple burst reads of variable length and bit width 64 in loop 'loadParticles'(likelihood_kernel.cpp:41:4) has been inferred on port 'gmem0' (likelihood_kernel.cpp:41:4)
INFO: [HLS 214-115] Multiple burst reads of variable length and bit width 64 in loop 'loadParticles'(likelihood_kernel.cpp:41:4) has been inferred on port 'gmem1' (likelihood_kernel.cpp:41:4)
INFO: [HLS 214-115] Multiple burst writes of variable length and bit width 64 in loop 'storeLikelihood'(likelihood_kernel.cpp:109:8) has been inferred on port 'gmem4' (likelihood_kernel.cpp:109:8)
INFO-FLOW: DBG:CMD: copy_raw_kernel_xml ap_link_39: kernel.xml not generated: /local-scratch/localhome/mca307/453/proj_7/buffer/likelihood_buffer.prj/solution1/.autopilot/db/kernel.internal.xml
INFO: [HLS 200-111] Finished Compiling Optimization and Transform: CPU user time: 1.78 seconds. CPU system time: 0.17 seconds. Elapsed time: 1.97 seconds; current allocated memory: 170.468 MB.
INFO: [HLS 200-111] Finished Checking Pragmas: CPU user time: 0 seconds. CPU system time: 0 seconds. Elapsed time: 0.01 seconds; current allocated memory: 170.470 MB.
Execute         opt_and_import_c a -opt_level=2 -skip_syncheck=0 -ng=0 -keep_printf=0 
Execute           cleanup_all_models 
INFO: [HLS 200-10] Starting code transformations ...
INFO-FLOW: Running Standard Transforms...
Execute           transform -hls -share-std-xform -demangle-name -inline-byval-memcpy -always-inline -promote-dbg-pointer -interface-preproc -mem2reg -scalarrepl -mem2reg -keep-read-access -instcombine -dce -promote-dbg-pointer -bitop-raise -loop-simplify -indvarspre -indvars -loop-simplify -xunroll -constprop -instcombine -simplifycfg -indvars -simplifycfg -dce -globaldce -basicaa -simplifycfg -mem2reg -globalopt -global-constprop -deadargelim -instcombine -simplifycfg -scalarrepl -instcombine -reassociate -licm -simplifycfg -loop-simplify -indvars -instcombine -simplifycfg -mem2reg -loop-simplify -indvars -instcombine -gvn -gvn -instcombine -adce -break-crit-edges -simplifycfg -loop-delete -global-array-opt -dce -dse -adce -find-syn-modules -top likelihood_kernel -deadargelim -mem2reg -instcombine -dce -presyn-prepare -auto-rom-infer -interface-preproc -syn-check -check-rec-only -find-region -simplifycfg -func-extr -function-inline -globaldce -mem2reg -instcombine -dce -gvn -globaldce -adce -adse -constprop -instcombine -bit-constprop -instcombine -dce -simplifycfg -bitop-raise -simplifycfg -dce -loop-delete -reassociate -globalopt -global-privatize -mem2reg -dce -global-constprop -pointer-simplify -constprop -dce -func-inst -deadargelim -auto-shift-reg-idiom -promote-dbg-pointer -norm-name /local-scratch/localhome/mca307/453/proj_7/buffer/likelihood_buffer.prj/solution1/.autopilot/db/a.g.0.bc -o /local-scratch/localhome/mca307/453/proj_7/buffer/likelihood_buffer.prj/solution1/.autopilot/db/a.g.1.bc -f -phase std-opt 
INFO: [HLS 200-111] Finished Standard Transforms: CPU user time: 0.06 seconds. CPU system time: 0.01 seconds. Elapsed time: 0.06 seconds; current allocated memory: 185.245 MB.
INFO: [HLS 200-10] Checking synthesizability ...
INFO-FLOW: Checking Synthesizability 1/2..
Execute           transform -hls -syn-check -check-rec-only -disaggr -scalarrepl -norm-name -dce -mem2reg -instcombine -function-uniquify -directive-preproc -mem2reg -dse -dce -auto-rom-infer -dce -pag -array-normalize -instcombine -dce -array-seg-normalize -instcombine -dce -data-pack -instcombine -dce -inst-simplify -array-flatten -instcombine -dce -array-burst -dce -deadargelim -promote-global-argument -simplifycfg -mem2reg -globaldce -dce -deadargelim -dce -instcombine -function-inline -globaldce -dce -doublePtrSimplify -doublePtrElim -dce -doublePtrSimplify -promote-dbg-pointer -dce -scalarrepl -dse -adse -instcombine -ptrLegalization -simplifycfg -dce -instcombine -pointer-simplify -ptrArgReplace -dce -instcombine -resolve-double-ptr -disaggr -scalarrepl -norm-name -dce -mem2reg -instcombine -ptrLegalization -simplifycfg -deadargelim -instcombine -dce -inst-simplify -function-uniquify -directive-preproc -mem2reg -dse -dce -globaldce -check-dspbuiltin /local-scratch/localhome/mca307/453/proj_7/buffer/likelihood_buffer.prj/solution1/.autopilot/db/a.g.1.bc -o /local-scratch/localhome/mca307/453/proj_7/buffer/likelihood_buffer.prj/solution1/.autopilot/db/a.g.2.prechk.bc -f 
INFO: [XFORM 203-602] Inlining function 'roundDouble' into 'likelihood_kernel' (likelihood_kernel.cpp:27) automatically.
INFO-FLOW: Checking Synthesizability 2/2..
Execute           transform -syn-check /local-scratch/localhome/mca307/453/proj_7/buffer/likelihood_buffer.prj/solution1/.autopilot/db/a.g.2.prechk.bc -o /local-scratch/localhome/mca307/453/proj_7/buffer/likelihood_buffer.prj/solution1/.autopilot/db/a.g.2.bc -f -phase syn-check 
INFO: [HLS 200-111] Finished Checking Synthesizability: CPU user time: 0.13 seconds. CPU system time: 0.01 seconds. Elapsed time: 0.14 seconds; current allocated memory: 207.001 MB.
INFO-FLOW: Compiler optimizing ...
INFO-FLOW: Share syncheck's 1.bc for syn flow: copy /local-scratch/localhome/mca307/453/proj_7/buffer/likelihood_buffer.prj/solution1/.autopilot/db/a.g.1.bc to /local-scratch/localhome/mca307/453/proj_7/buffer/likelihood_buffer.prj/solution1/.autopilot/db/a.o.1.bc
INFO-FLOW: Presyn 1...
Execute           transform -hls -tmp /local-scratch/localhome/mca307/453/proj_7/buffer/likelihood_buffer.prj/solution1/.autopilot/db -interface-port-rename -function-uniquify -directive-preproc -mem2reg -dse -dce -disaggr -scalarrepl -norm-name -deadargelim -mem2reg -instcombine -dce -simplifycfg -auto-rom-infer -dce -function-uniquify -resource-proc -clib-intrinsic-prepare -dce -func-buffer -dce -pag -array-normalize -func-legal -instcombine -gvn -constprop -dce -simplifycfg -mem2reg -globaldce -resolve-double-ptr -dce -deadargelim -dce -instcombine -ptrArgReplace -mem2reg -dce -array-seg-normalize -deadargelim -instcombine -dce -function-uniquify -directive-preproc -mem2reg -dse -dce -pointer-simplify -dce -port-alignment -dce -interface-preproc -data-pack -instcombine -dce -basicaa -aggr-aa -aggrmodref-aa -aggr-aa -gvn -gvn -basicaa -aggr-aa -aggrmodref-aa -aggr-aa -dse -adse -adce -loop-simplify -indvars -instcombine -gvn -loop-simplify -mem2reg -dce -find-region -instcombine -auto-loop-pipeline -inst-simplify -interface-preproc -cfgopt -instcombine -indvars -auto-loop-unroll -loop-simplify -loop-bound -xunroll -constprop -instcombine -simplifycfg -indvars -simplifycfg -dce -globaldce -clean-region -attach-range -gvn -inst-simplify -constprop -simplifycfg -dce -pointer-simplify -dce -globalopt -constprop -dce -array-promote -constprop -dce -ptrArgReplace -mem2reg -simplifycfg -dce -instcombine -dce -array-transform-check -array-reshape -instcombine -simplifycfg -dce -ptrArgReplace -deadargelim -mem2reg -instcombine -simplifycfg -dce -indvars -loop-simplify -loop-bound -xunroll -constprop -instcombine -simplifycfg -indvars -simplifycfg -dce -globaldce -basicaa -aggr-aa -aggrmodref-aa -aggr-aa -dse -duplicate-dataflow-processes -globaldce -instcombine -array-partition -instcombine -simplifycfg -dce -ptrArgReplace -global-constprop -deadargelim -mem2reg -func-legal -dce -global-constprop -deadargelim -mem2reg -simplifycfg -dce -merge-param -deadargelim -globalopt -constprop -dce -array-promote -constprop -dce -ptrArgReplace -mem2reg -simplifycfg -dce -mem-intrinsic-preproc -dce -global-internalize -global-privatize -mem2reg -globaldce -promote-global-argument -ptrArgReplace -mem2reg -dce -globalopt -mergereturn -simplify-global-access -mem2reg -dce -pointer-simplify -dce -functionattrs -basicaa -aggr-aa -aggrmodref-aa -aggr-aa -gvn -gvn -basicaa -aggr-aa -aggrmodref-aa -aggr-aa -dse -adse -adce -dce -norm-name -basicaa -aggr-aa -aggrmodref-aa -aggr-aa -accesses-merge -function-inline -complex-op-raise -inst-simplify -globaldce -func-inst -constprop -instcombine -simplifycfg -dce -func-legal -dce -loop-bound -arraycheck -bitwidthmin2 -bitwidthmin2 -on-by-dataflow -loop-delete -instcombine -simplifycfg -globaldce -dce -gvn -deadargelim -dce -loop-simplify -clean-region -simplifycfg -propagate-stable-arguments -loop-stream -instcombine -simplifycfg -dce -globaldce -duplicate-dataflow-processes -stream-intrinsic-preproc -dce -check-ap-stream -loop-simplify -eliminate-keepreads -extract-dataflow-in-loop -loop-simplify -dce -gvn -deadargelim -dse -check-dataflow-syntax -legalize-stream-variable -legalize-global -extract-subproc -dce -dead-channel-elimination -canonicalize-gep -globaldce -dce -gvn -hls-dead-arg-elim -deadargelim -directive-preproc -annotate-dataflow-channels -scalar-propagation -deadargelim -globaldce -mem2reg -check-dataflow-channels -function-stream -dce -globaldce -prop-fifo-spec -internal-stream-gen -canonicalize-gep -globaldce -dce -gvn -deadargelim -mergereturn -indvars -loop-simplify -instcombine -array-stream -array-seg-normalize -array-partition -func-legal -instcombine -simplifycfg -dce -bundle-memfifo-ops -deadargelim -function-uniquify -directive-preproc -mem2reg -dse -dce -group-axi-access -licm -simplifycfg -dce -loop-delete -norm-name /local-scratch/localhome/mca307/453/proj_7/buffer/likelihood_buffer.prj/solution1/.autopilot/db/a.o.1.bc -o /local-scratch/localhome/mca307/453/proj_7/buffer/likelihood_buffer.prj/solution1/.autopilot/db/a.o.1.tmp.bc -f 
INFO: [XFORM 203-602] Inlining function 'roundDouble' into 'likelihood_kernel' (likelihood_kernel.cpp:27) automatically.
Command           transform done; 0.22 sec.
INFO-FLOW: Presyn 2...
Execute           transform -hls -keep-callgraph -scalarrepl -mem2reg -port-alignment -attach-range -dce -pipe-mux-gen -indvars -loop-bound -inst-simplify -instcombine -dce -merge-array-access -mem2reg -dce -clean-region -mergereturn -if-conv -instcombine -dce -constprop -basicaa -aggr-aa -aggrmodref-aa -aggr-aa -gvn -gvn -basicaa -aggr-aa -aggrmodref-aa -aggr-aa -dse -adse -adce -scalarrepl -mem2reg -global-constprop -deadargelim -deadargelim -instcombine -dce -simplifycfg -ptrArgReplace -mem2reg -function-inline -globaldce -mem2reg -instcombine -dce -expr-balance -instcombine -dce -bitwidthmin2 -bitwidthmin2 -interface-preproc -directive-preproc -inst-rectify -instcombine -dce -functionattrs -constprop -instcombine -bit-constprop -simplify-global-access -globalopt -globaldce -inst-simplify -instcombine -elimdeaddata -dce -loop-delete -simplifycfg -loop-simplify -auto-burst -barrier -norm-name /local-scratch/localhome/mca307/453/proj_7/buffer/likelihood_buffer.prj/solution1/.autopilot/db/a.o.1.tmp.bc -o /local-scratch/localhome/mca307/453/proj_7/buffer/likelihood_buffer.prj/solution1/.autopilot/db/a.o.2.bc -f -phase presyn 
Command           transform done; 0.11 sec.
INFO: [HLS 200-111] Finished Loop, function and other optimizations: CPU user time: 0.32 seconds. CPU system time: 0.01 seconds. Elapsed time: 0.33 seconds; current allocated memory: 251.248 MB.
Execute           get_config_compile -enable_loop_extract 
Execute           get_config_compile -disable_auto_rewind 
Execute           get_config_compile -enable_auto_rewind 
INFO-FLOW: Building ssdm...
Execute           transform -hls -function-uniquify -auto-function-inline -globaldce -ptrArgReplace -mem2reg -dce -reset-lda -loop-simplify -indvars -aggr-aa -licm -loop-dep -loop-bound -licm -loop-simplify -flattenloopnest -array-flatten -gvn -instcombine -dce -array-map -dce -func-legal -gvn -adce -instcombine -cfgopt -simplifycfg -loop-simplify -array-burst -promote-global-argument -dce -array-seg-normalize -basicaa -aggrmodref-aa -globalsmodref-aa -aggr-aa -gvn -gvn -basicaa -aggrmodref-aa -globalsmodref-aa -aggr-aa -dse -adse -adce -licm -inst-simplify -dce -globaldce -instcombine -array-stream -eliminate-keepreads -instcombine -dce -deadargelim -doublePtrSimplify -doublePtrElim -dce -doublePtrSimplify -promote-dbg-pointer -dce -scalarrepl -mem2reg -disaggr -norm-name -mem2reg -instcombine -dse -adse -adce -ptrLegalization -dce -auto-rom-infer -array-flatten -dce -instcombine -check-doubleptr -loop-rot -constprop -cfgopt -simplifycfg -loop-simplify -indvars -pointer-simplify -dce -loop-bound -loop-simplify -loop-preproc -constprop -global-constprop -gvn -mem2reg -instcombine -dce -loop-bound -loop-merge -dce -bitwidthmin2 -bitwidthmin2 -deadargelim -dce -canonicalize-dataflow -dce -scalar-propagation -deadargelim -globaldce -mem2reg -read-loop-dep -interface-preproc -directive-preproc -interface-gen -bram-byte-enable -deadargelim -inst-simplify -dce -gvn -mem2reg -instcombine -dce -adse -loop-bound -instcombine -cfgopt -simplifycfg -loop-simplify -clean-region -io-protocol -find-region -mem2reg -bitop-raise -complex-op-raise -inst-simplify -inst-rectify -instcombine -adce -deadargelim -loop-simplify -phi-opt -bitop-raise -cfgopt -simplifycfg -strip-dead-prototypes -interface-lower -bitop-lower -intrinsic-lower -auto-function-inline -basicaa -aggrmodref-aa -globalsmodref-aa -aggr-aa -inst-simplify -simplifycfg -loop-simplify -mergereturn -inst-simplify -inst-rectify -dce -load-elim -bitop-lower -float-op-raise -loop-rewind -pointer-simplify -dce -cfgopt -dce -loop-bound -loop-dep -read-loop-dep -dce -dyn-mem-reuse -dce -check-stream -norm-name -legalize -validate-dataflow -inst-clarity -bitwidth -dump-loop-dep-to-ir -check-all-ssdm -cdfg-build /local-scratch/localhome/mca307/453/proj_7/buffer/likelihood_buffer.prj/solution1/.autopilot/db/a.o.2.bc -o /local-scratch/localhome/mca307/453/proj_7/buffer/likelihood_buffer.prj/solution1/.autopilot/db/a.o.3.bc -f -phase build-ssdm 
WARNING: [HLS 200-960] Cannot flatten loop 'computeLikelihood' (likelihood_kernel.cpp:70:17) in function 'likelihood_kernel' more than one sub loop.
INFO: [HLS 200-472] Inferring partial write operation for 'buffer_objxy' (likelihood_kernel.cpp:27:18)
INFO: [HLS 200-472] Inferring partial write operation for 'buffer_X' (likelihood_kernel.cpp:44:14)
INFO: [HLS 200-472] Inferring partial write operation for 'buffer_Y' (likelihood_kernel.cpp:45:24)
INFO: [HLS 200-472] Inferring partial write operation for 'ind_buffer' (likelihood_kernel.cpp:89:19)
INFO: [HLS 200-472] Inferring partial write operation for 'buffer_likelihood' (likelihood_kernel.cpp:98:31)
Command           transform done; 0.21 sec.
INFO: [HLS 200-111] Finished Architecture Synthesis: CPU user time: 0.22 seconds. CPU system time: 0 seconds. Elapsed time: 0.21 seconds; current allocated memory: 256.544 MB.
INFO-FLOW: Finish building internal data model.
Command         opt_and_import_c done; 0.75 sec.
Command       elaborate done; 2.95 sec.
Execute       autosyn -from_csynth_design=1 
INFO: [HLS 200-10] Starting hardware synthesis ...
INFO-FLOW: Synthesizing C/C++ design ...
INFO: [HLS 200-10] Synthesizing 'likelihood_kernel' ...
Execute         ap_set_top_model likelihood_kernel 
Execute         get_model_list likelihood_kernel -filter all-wo-channel -topdown 
Execute         preproc_iomode -model likelihood_kernel 
Execute         get_model_list likelihood_kernel -filter all-wo-channel 
INFO-FLOW: Model list for configure: likelihood_kernel
INFO-FLOW: Configuring Module : likelihood_kernel ...
Execute         set_default_model likelihood_kernel 
Execute         apply_spec_resource_limit likelihood_kernel 
INFO-FLOW: Model list for preprocess: likelihood_kernel
INFO-FLOW: Preprocessing Module: likelihood_kernel ...
Execute         set_default_model likelihood_kernel 
Execute         cdfg_preprocess -model likelihood_kernel 
Execute         rtl_gen_preprocess likelihood_kernel 
INFO-FLOW: Model list for synthesis: likelihood_kernel
INFO: [HLS 200-10] ----------------------------------------------------------------
INFO: [HLS 200-42] -- Implementing module 'likelihood_kernel' 
INFO: [HLS 200-10] ----------------------------------------------------------------
Execute         set_default_model likelihood_kernel 
Execute         schedule -model likelihood_kernel 
INFO: [SCHED 204-11] Starting scheduling ...
INFO: [HLS 200-1457] Automatically inferring 1WnR RAM type for array 'buffer_objxy'. Use bind_storage pragma to overwrite if needed.
INFO: [SCHED 204-61] Pipelining loop 'loadObjxy'.
INFO: [HLS 200-1470] Pipelining result : Target II = 1, Final II = 1, Depth = 12, loop 'loadObjxy'
INFO: [SCHED 204-61] Pipelining loop 'loadParticles'.
INFO: [HLS 200-1470] Pipelining result : Target II = 1, Final II = 1, Depth = 3, loop 'loadParticles'
INFO: [SCHED 204-61] Pipelining loop 'computeIndices'.
INFO: [HLS 200-1470] Pipelining result : Target II = 1, Final II = 1, Depth = 9, loop 'computeIndices'
INFO: [SCHED 204-61] Pipelining loop 'accumuLikelihood'.
INFO: [HLS 200-1470] Pipelining result : Target II = 1, Final II = 1, Depth = 11, loop 'accumuLikelihood'
INFO: [SCHED 204-61] Pipelining loop 'storeLikelihood'.
INFO: [HLS 200-1470] Pipelining result : Target II = 1, Final II = 1, Depth = 3, loop 'storeLikelihood'
INFO: [SCHED 204-11] Finished scheduling.
Command         schedule done; 0.19 sec.
INFO: [HLS 200-111] Finished Scheduling: CPU user time: 0.19 seconds. CPU system time: 0.01 seconds. Elapsed time: 0.2 seconds; current allocated memory: 257.942 MB.
Execute         syn_report -verbosereport -o /local-scratch/localhome/mca307/453/proj_7/buffer/likelihood_buffer.prj/solution1/.autopilot/db/likelihood_kernel.verbose.sched.rpt 
Execute           AP::get_flow_target_display_name
Execute             get_solution -flow_target 
Command         syn_report done; 0.22 sec.
Execute         db_write -o /local-scratch/localhome/mca307/453/proj_7/buffer/likelihood_buffer.prj/solution1/.autopilot/db/likelihood_kernel.sched.adb -f 
INFO-FLOW: Finish scheduling likelihood_kernel.
Execute         set_default_model likelihood_kernel 
Execute         bind -model likelihood_kernel 
INFO: [BIND 205-100] Starting micro-architecture generation ...
INFO: [BIND 205-101] Performing variable lifetime analysis.
INFO: [BIND 205-101] Exploring resource sharing.
INFO: [BIND 205-101] Binding ...
INFO: [BIND 205-100] Finished micro-architecture generation.
Command         bind done; 0.14 sec.
INFO: [HLS 200-111] Finished Binding: CPU user time: 0.37 seconds. CPU system time: 0 seconds. Elapsed time: 0.37 seconds; current allocated memory: 259.601 MB.
Execute         syn_report -verbosereport -o /local-scratch/localhome/mca307/453/proj_7/buffer/likelihood_buffer.prj/solution1/.autopilot/db/likelihood_kernel.verbose.bind.rpt 
Execute           AP::get_flow_target_display_name
Execute             get_solution -flow_target 
Command         syn_report done; 0.19 sec.
Execute         db_write -o /local-scratch/localhome/mca307/453/proj_7/buffer/likelihood_buffer.prj/solution1/.autopilot/db/likelihood_kernel.bind.adb -f 
INFO-FLOW: Finish binding likelihood_kernel.
Execute         get_model_list likelihood_kernel -filter all-wo-channel 
INFO-FLOW: Preprocessing for RTLGen ...
Execute         rtl_gen_preprocess likelihood_kernel 
INFO-FLOW: Model list for RTL generation: likelihood_kernel
INFO: [HLS 200-10] ----------------------------------------------------------------
INFO: [HLS 200-10] -- Generating RTL for module 'likelihood_kernel' 
INFO: [HLS 200-10] ----------------------------------------------------------------
Execute         get_config_rtl -module_prefix 
Execute         get_config_rtl -module_prefix 
Execute         get_config_rtl -module_auto_prefix 
Execute         create_rtl_model likelihood_kernel -top_prefix  -sub_prefix likelihood_kernel_ -mg_file /local-scratch/localhome/mca307/453/proj_7/buffer/likelihood_buffer.prj/solution1/.autopilot/db/likelihood_kernel.compgen.tcl 
WARNING: [RTGEN 206-101] Design contains AXI ports. Reset is fixed to synchronous and active low.
INFO: [RTGEN 206-500] Setting interface mode on port 'likelihood_kernel/gmem0' to 'm_axi'.
INFO: [RTGEN 206-500] Setting interface mode on port 'likelihood_kernel/gmem1' to 'm_axi'.
INFO: [RTGEN 206-500] Setting interface mode on port 'likelihood_kernel/gmem2' to 'm_axi'.
INFO: [RTGEN 206-500] Setting interface mode on port 'likelihood_kernel/gmem3' to 'm_axi'.
INFO: [RTGEN 206-500] Setting interface mode on port 'likelihood_kernel/gmem4' to 'm_axi'.
INFO: [RTGEN 206-500] Setting interface mode on port 'likelihood_kernel/Nparticles' to 's_axilite & ap_none'.
INFO: [RTGEN 206-500] Setting interface mode on port 'likelihood_kernel/countOnes' to 's_axilite & ap_none'.
INFO: [RTGEN 206-500] Setting interface mode on port 'likelihood_kernel/IszY' to 's_axilite & ap_none'.
INFO: [RTGEN 206-500] Setting interface mode on port 'likelihood_kernel/Nfr' to 's_axilite & ap_none'.
INFO: [RTGEN 206-500] Setting interface mode on port 'likelihood_kernel/k' to 's_axilite & ap_none'.
INFO: [RTGEN 206-500] Setting interface mode on port 'likelihood_kernel/max_size' to 's_axilite & ap_none'.
INFO: [RTGEN 206-500] Setting interface mode on port 'likelihood_kernel/arrayX' to 's_axilite & ap_none'.
INFO: [RTGEN 206-500] Setting interface mode on port 'likelihood_kernel/arrayY' to 's_axilite & ap_none'.
INFO: [RTGEN 206-500] Setting interface mode on port 'likelihood_kernel/objxy' to 's_axilite & ap_none'.
INFO: [RTGEN 206-500] Setting interface mode on port 'likelihood_kernel/I' to 's_axilite & ap_none'.
INFO: [RTGEN 206-500] Setting interface mode on port 'likelihood_kernel/likelihood' to 's_axilite & ap_none'.
INFO: [RTGEN 206-500] Setting interface mode on function 'likelihood_kernel' to 's_axilite & ap_ctrl_hs'.
INFO: [RTGEN 206-100] Bundling port 'Nparticles', 'countOnes', 'IszY', 'Nfr', 'k', 'max_size', 'arrayX', 'arrayY', 'objxy', 'I', 'likelihood' and 'return' to AXI-Lite port control.
INFO: [RTGEN 206-100] Generating core module 'dadd_64ns_64ns_64_8_full_dsp_1': 2 instance(s).
INFO: [RTGEN 206-100] Generating core module 'ddiv_64ns_64ns_64_31_no_dsp_1': 1 instance(s).
INFO: [RTGEN 206-100] Generating core module 'dmul_64ns_64ns_64_8_max_dsp_1': 1 instance(s).
INFO: [RTGEN 206-100] Generating core module 'mul_32s_32s_32_2_1': 2 instance(s).
INFO: [RTGEN 206-100] Generating core module 'sitodp_32ns_64_5_no_dsp_1': 1 instance(s).
INFO: [RTGEN 206-100] Finished creating RTL model for 'likelihood_kernel'.
INFO: [HLS 200-111] Finished Creating RTL model: CPU user time: 0.3 seconds. CPU system time: 0 seconds. Elapsed time: 0.31 seconds; current allocated memory: 264.063 MB.
Execute         source /local-scratch/localhome/mca307/453/proj_7/buffer/likelihood_buffer.prj/solution1/.autopilot/db/likelihood_kernel.rtl_wrap.cfg.tcl 
Execute         gen_rtl likelihood_kernel -istop -style xilinx -f -lang vhdl -o /local-scratch/localhome/mca307/453/proj_7/buffer/likelihood_buffer.prj/solution1/syn/vhdl/likelihood_kernel 
Execute         gen_rtl likelihood_kernel -istop -style xilinx -f -lang vlog -o /local-scratch/localhome/mca307/453/proj_7/buffer/likelihood_buffer.prj/solution1/syn/verilog/likelihood_kernel 
Execute         syn_report -csynth -model likelihood_kernel -o /local-scratch/localhome/mca307/453/proj_7/buffer/likelihood_buffer.prj/solution1/syn/report/likelihood_kernel_csynth.rpt 
Execute           AP::get_flow_target_display_name
Execute             get_solution -flow_target 
Execute         syn_report -rtlxml -model likelihood_kernel -o /local-scratch/localhome/mca307/453/proj_7/buffer/likelihood_buffer.prj/solution1/syn/report/likelihood_kernel_csynth.xml 
Execute           get_solution -flow_target
Execute             get_solution -flow_target 
Execute         syn_report -verbosereport -model likelihood_kernel -o /local-scratch/localhome/mca307/453/proj_7/buffer/likelihood_buffer.prj/solution1/.autopilot/db/likelihood_kernel.verbose.rpt 
Execute           AP::get_flow_target_display_name
Execute             get_solution -flow_target 
Command         syn_report done; 0.24 sec.
Execute         db_write -model likelihood_kernel -f -o /local-scratch/localhome/mca307/453/proj_7/buffer/likelihood_buffer.prj/solution1/.autopilot/db/likelihood_kernel.adb 
Execute         gen_tb_info likelihood_kernel -p /local-scratch/localhome/mca307/453/proj_7/buffer/likelihood_buffer.prj/solution1/.autopilot/db -o /local-scratch/localhome/mca307/453/proj_7/buffer/likelihood_buffer.prj/solution1/.autopilot/db/likelihood_kernel 
Execute         export_constraint_db -f -tool general -o /local-scratch/localhome/mca307/453/proj_7/buffer/likelihood_buffer.prj/solution1/.autopilot/db/likelihood_kernel.constraint.tcl 
Execute         syn_report -designview -model likelihood_kernel -o /local-scratch/localhome/mca307/453/proj_7/buffer/likelihood_buffer.prj/solution1/.autopilot/db/likelihood_kernel.design.xml 
Execute         syn_report -csynthDesign -model likelihood_kernel -o /local-scratch/localhome/mca307/453/proj_7/buffer/likelihood_buffer.prj/solution1/syn/report/csynth.rpt 
Execute           AP::get_flow_target_display_name
Execute             get_solution -flow_target 
Execute         get_config_rtl -disable_wave_debug 
Execute         syn_report -wcfg -model likelihood_kernel -o /local-scratch/localhome/mca307/453/proj_7/buffer/likelihood_buffer.prj/solution1/.autopilot/db/likelihood_kernel_dataflow_ana.wcfg 
Execute         syn_report -protoinst -model likelihood_kernel -o /local-scratch/localhome/mca307/453/proj_7/buffer/likelihood_buffer.prj/solution1/.autopilot/db/likelihood_kernel.protoinst 
Execute         get_config_debug -directory 
Execute         sc_get_clocks likelihood_kernel 
Execute         get_config_export -vivado_clock 
Execute         get_config_rtl -module_prefix 
Execute         get_config_rtl -module_prefix 
Execute         get_config_rtl -module_auto_prefix 
Execute         sc_get_portdomain likelihood_kernel 
INFO-FLOW: Model list for RTL component generation: likelihood_kernel
INFO-FLOW: Handling components in module [likelihood_kernel] ... 
Execute         source /local-scratch/localhome/mca307/453/proj_7/buffer/likelihood_buffer.prj/solution1/.autopilot/db/likelihood_kernel.compgen.tcl 
INFO-FLOW: Found component likelihood_kernel_dadd_64ns_64ns_64_8_full_dsp_1.
INFO-FLOW: Append model likelihood_kernel_dadd_64ns_64ns_64_8_full_dsp_1
INFO-FLOW: Found component likelihood_kernel_dmul_64ns_64ns_64_8_max_dsp_1.
INFO-FLOW: Append model likelihood_kernel_dmul_64ns_64ns_64_8_max_dsp_1
INFO-FLOW: Found component likelihood_kernel_ddiv_64ns_64ns_64_31_no_dsp_1.
INFO-FLOW: Append model likelihood_kernel_ddiv_64ns_64ns_64_31_no_dsp_1
INFO-FLOW: Found component likelihood_kernel_sitodp_32ns_64_5_no_dsp_1.
INFO-FLOW: Append model likelihood_kernel_sitodp_32ns_64_5_no_dsp_1
INFO-FLOW: Found component likelihood_kernel_mul_32s_32s_32_2_1.
INFO-FLOW: Append model likelihood_kernel_mul_32s_32s_32_2_1
INFO-FLOW: Found component likelihood_kernel_ind_buffer.
INFO-FLOW: Append model likelihood_kernel_ind_buffer
INFO-FLOW: Found component likelihood_kernel_buffer_objxy.
INFO-FLOW: Append model likelihood_kernel_buffer_objxy
INFO-FLOW: Found component likelihood_kernel_buffer_X.
INFO-FLOW: Append model likelihood_kernel_buffer_X
INFO-FLOW: Found component likelihood_kernel_control_s_axi.
INFO-FLOW: Append model likelihood_kernel_control_s_axi
INFO-FLOW: Found component likelihood_kernel_gmem0_m_axi.
INFO-FLOW: Append model likelihood_kernel_gmem0_m_axi
INFO-FLOW: Found component likelihood_kernel_gmem1_m_axi.
INFO-FLOW: Append model likelihood_kernel_gmem1_m_axi
INFO-FLOW: Found component likelihood_kernel_gmem2_m_axi.
INFO-FLOW: Append model likelihood_kernel_gmem2_m_axi
INFO-FLOW: Found component likelihood_kernel_gmem3_m_axi.
INFO-FLOW: Append model likelihood_kernel_gmem3_m_axi
INFO-FLOW: Found component likelihood_kernel_gmem4_m_axi.
INFO-FLOW: Append model likelihood_kernel_gmem4_m_axi
INFO-FLOW: Append model likelihood_kernel
INFO-FLOW: Generating RTL model list ...
INFO-FLOW: All models in this session: likelihood_kernel_dadd_64ns_64ns_64_8_full_dsp_1 likelihood_kernel_dmul_64ns_64ns_64_8_max_dsp_1 likelihood_kernel_ddiv_64ns_64ns_64_31_no_dsp_1 likelihood_kernel_sitodp_32ns_64_5_no_dsp_1 likelihood_kernel_mul_32s_32s_32_2_1 likelihood_kernel_ind_buffer likelihood_kernel_buffer_objxy likelihood_kernel_buffer_X likelihood_kernel_control_s_axi likelihood_kernel_gmem0_m_axi likelihood_kernel_gmem1_m_axi likelihood_kernel_gmem2_m_axi likelihood_kernel_gmem3_m_axi likelihood_kernel_gmem4_m_axi likelihood_kernel
INFO-FLOW: To file: write model likelihood_kernel_dadd_64ns_64ns_64_8_full_dsp_1
INFO-FLOW: To file: write model likelihood_kernel_dmul_64ns_64ns_64_8_max_dsp_1
INFO-FLOW: To file: write model likelihood_kernel_ddiv_64ns_64ns_64_31_no_dsp_1
INFO-FLOW: To file: write model likelihood_kernel_sitodp_32ns_64_5_no_dsp_1
INFO-FLOW: To file: write model likelihood_kernel_mul_32s_32s_32_2_1
INFO-FLOW: To file: write model likelihood_kernel_ind_buffer
INFO-FLOW: To file: write model likelihood_kernel_buffer_objxy
INFO-FLOW: To file: write model likelihood_kernel_buffer_X
INFO-FLOW: To file: write model likelihood_kernel_control_s_axi
INFO-FLOW: To file: write model likelihood_kernel_gmem0_m_axi
INFO-FLOW: To file: write model likelihood_kernel_gmem1_m_axi
INFO-FLOW: To file: write model likelihood_kernel_gmem2_m_axi
INFO-FLOW: To file: write model likelihood_kernel_gmem3_m_axi
INFO-FLOW: To file: write model likelihood_kernel_gmem4_m_axi
INFO-FLOW: To file: write model likelihood_kernel
INFO-FLOW: Finished generating RTL model list.


INFO-FLOW: RTL Generation done.
INFO-FLOW: CAS Generation done.
INFO-FLOW: CBC Generation done.
Execute         get_top 
Execute         get_config_export -ipname 
Execute         get_config_export -xo 
Execute         get_config_export -format 
Execute         get_config_rtl -module_auto_prefix 
INFO-FLOW: DBG:CMD:   auto_impl: set ipname to top (module_auto_prefix): likelihood_kernel
INFO-FLOW: DBG:CMD: auto_generate_csynth_design
INFO-FLOW: DBG:CMD:     auto_generate --sim-model -phase csynth_design -d /local-scratch/localhome/mca307/453/proj_7/buffer/likelihood_buffer.prj/solution1
Execute         get_solution -flow_target 
Execute         get_config_export -xo 
Execute         get_config_export -format 
Execute         source /local-scratch/localhome/mca307/453/proj_7/buffer/likelihood_buffer.prj/solution1/.autopilot/db/global.setting.tcl 
INFO-FLOW: DBG:CMD: read_platform_lib /local-scratch/localhome/mca307/453/proj_7/buffer/likelihood_buffer.prj/solution1/.autopilot/db/global.setting.tcl
Execute         source /mnt/share/tools/Xilinx/Vitis_HLS/2020.2/common/technology/generic/autopilot/common.gen 
Execute           source /mnt/share/tools/Xilinx/Vitis_HLS/2020.2/common/technology/generic/autopilot/APCoreGen.gen 
Execute         source /mnt/share/tools/Xilinx/Vitis_HLS/2020.2/common/technology/generic/autopilot/op.gen 
Execute         source /mnt/share/tools/Xilinx/Vitis_HLS/2020.2/common/technology/generic/autopilot/op_simcore.gen 
Execute         source /mnt/share/tools/Xilinx/Vitis_HLS/2020.2/common/technology/generic/autopilot/interface.gen 
Execute         source /local-scratch/localhome/mca307/453/proj_7/buffer/likelihood_buffer.prj/solution1/.autopilot/db/global.setting.tcl 
Execute         source /mnt/share/tools/Xilinx/Vitis_HLS/2020.2/common/technology/xilinx/common/xilinx.gen 
Execute           source /mnt/share/tools/Xilinx/Vitis_HLS/2020.2/common/technology/xilinx/interface/plb46.gen 
Execute           source /mnt/share/tools/Xilinx/Vitis_HLS/2020.2/common/technology/xilinx/interface/axi4.gen 
Execute           source /mnt/share/tools/Xilinx/Vitis_HLS/2020.2/common/technology/xilinx/interface/nativeAXI4.gen 
Execute             source /mnt/share/tools/Xilinx/Vitis_HLS/2020.2/common/technology/xilinx/interface/saxilite.gen 
Execute             source /mnt/share/tools/Xilinx/Vitis_HLS/2020.2/common/technology/xilinx/interface/maxi.gen 
Execute           source /mnt/share/tools/Xilinx/Vitis_HLS/2020.2/common/technology/xilinx/scripts/xilinxcoregen.gen 
Execute           source /mnt/share/tools/Xilinx/Vitis_HLS/2020.2/common/technology/xilinx/interface/XilEDKCoreGen.gen 
Execute           source /mnt/share/tools/Xilinx/Vitis_HLS/2020.2/common/technology/xilinx/ip/dds_compiler.gen 
Execute           source /mnt/share/tools/Xilinx/Vitis_HLS/2020.2/common/technology/xilinx/ip/util.gen 
Execute           source /mnt/share/tools/Xilinx/Vitis_HLS/2020.2/common/technology/xilinx/ip/xfft.gen 
Execute           source /mnt/share/tools/Xilinx/Vitis_HLS/2020.2/common/technology/xilinx/ip/xfir.gen 
Execute           source /mnt/share/tools/Xilinx/Vitis_HLS/2020.2/common/technology/xilinx/DSP48/dsp48.gen 
INFO-FLOW: DBG:CMD:   using AESL_AUTOCG::g_clock_period=3.330 (was NA)
INFO-FLOW: DBG:CMD:       generate_ip_cores sim=1 export=0 expOnly=0 dstVlogDir=syn/verilog
Execute         source /local-scratch/localhome/mca307/453/proj_7/buffer/likelihood_buffer.prj/solution1/.autopilot/db/global.setting.tcl 
Execute         ap_part_info -name xcu50-fsvh2104-2-e -data names -quiet 
Execute         ap_part_info -name xcu50-fsvh2104-2-e -data info -quiet 
Execute         source /local-scratch/localhome/mca307/453/proj_7/buffer/likelihood_buffer.prj/solution1/.autopilot/db/global.setting.tcl 
Execute         source /local-scratch/localhome/mca307/453/proj_7/buffer/likelihood_buffer.prj/solution1/.autopilot/db/global.setting.tcl 
Execute         source /local-scratch/localhome/mca307/453/proj_7/buffer/likelihood_buffer.prj/solution1/.autopilot/db/likelihood_kernel.compgen.tcl 
Execute           ap_part_info -name xcu50-fsvh2104-2-e -data names -quiet 
Execute           ap_part_info -name xcu50-fsvh2104-2-e -data info -quiet 
Execute           ap_part_info -name xcu50-fsvh2104-2-e -data names -quiet 
Execute           ap_part_info -name xcu50-fsvh2104-2-e -data info -quiet 
Execute           ap_part_info -name xcu50-fsvh2104-2-e -data names -quiet 
Execute           ap_part_info -name xcu50-fsvh2104-2-e -data info -quiet 
Execute           ap_part_info -name xcu50-fsvh2104-2-e -data names -quiet 
Execute           ap_part_info -name xcu50-fsvh2104-2-e -data info -quiet 
Execute           ap_part_info -name xcu50-fsvh2104-2-e -data names -quiet 
Execute           ap_part_info -name xcu50-fsvh2104-2-e -data info -quiet 
Execute           ap_part_info -name xcu50-fsvh2104-2-e -data names -quiet 
Execute           ap_part_info -name xcu50-fsvh2104-2-e -data info -quiet 
INFO: [RTMG 210-282] Generating pipelined core: 'likelihood_kernel_mul_32s_32s_32_2_1_Multiplier_0'
INFO: [RTMG 210-278] Implementing memory 'likelihood_kernel_ind_buffer_ram (RAM)' using auto RAMs.
Execute           ap_part_info -name xcu50-fsvh2104-2-e -data names -quiet 
Execute           ap_part_info -name xcu50-fsvh2104-2-e -data info -quiet 
INFO: [RTMG 210-278] Implementing memory 'likelihood_kernel_buffer_objxy_ram (RAM_1WnR)' using auto RAMs.
Execute           ap_part_info -name xcu50-fsvh2104-2-e -data names -quiet 
Execute           ap_part_info -name xcu50-fsvh2104-2-e -data info -quiet 
INFO: [RTMG 210-278] Implementing memory 'likelihood_kernel_buffer_X_ram (RAM)' using auto RAMs.
Execute           ap_part_info -name xcu50-fsvh2104-2-e -data names -quiet 
Execute           ap_part_info -name xcu50-fsvh2104-2-e -data info -quiet 
Execute           source ./control.slave.tcl 
Execute           ap_part_info -name xcu50-fsvh2104-2-e -data names -quiet 
Execute           ap_part_info -name xcu50-fsvh2104-2-e -data info -quiet 
Execute           ap_part_info -name xcu50-fsvh2104-2-e -data names -quiet 
Execute           ap_part_info -name xcu50-fsvh2104-2-e -data info -quiet 
Execute           ap_part_info -name xcu50-fsvh2104-2-e -data names -quiet 
Execute           ap_part_info -name xcu50-fsvh2104-2-e -data info -quiet 
Execute           ap_part_info -name xcu50-fsvh2104-2-e -data names -quiet 
Execute           ap_part_info -name xcu50-fsvh2104-2-e -data info -quiet 
Execute           ap_part_info -name xcu50-fsvh2104-2-e -data names -quiet 
Execute           ap_part_info -name xcu50-fsvh2104-2-e -data info -quiet 
Command         ap_source done; 0.22 sec.
INFO-FLOW: DBG:CMD:     auto_generate -export -impltomg_flag -rtl both -tool Vivado -pcore_version 1.00.a -phase csynth_design -d /local-scratch/localhome/mca307/453/proj_7/buffer/likelihood_buffer.prj/solution1
Execute         get_solution -flow_target 
Execute         get_config_export -xo 
Execute         get_config_export -format 
Execute         source /local-scratch/localhome/mca307/453/proj_7/buffer/likelihood_buffer.prj/solution1/.autopilot/db/global.setting.tcl 
INFO-FLOW: DBG:CMD: read_platform_lib /local-scratch/localhome/mca307/453/proj_7/buffer/likelihood_buffer.prj/solution1/.autopilot/db/global.setting.tcl
Execute         source /mnt/share/tools/Xilinx/Vitis_HLS/2020.2/common/technology/generic/autopilot/common.gen 
Execute           source /mnt/share/tools/Xilinx/Vitis_HLS/2020.2/common/technology/generic/autopilot/APCoreGen.gen 
Execute         source /mnt/share/tools/Xilinx/Vitis_HLS/2020.2/common/technology/generic/autopilot/op.gen 
Execute         source /mnt/share/tools/Xilinx/Vitis_HLS/2020.2/common/technology/generic/autopilot/op_simcore.gen 
Execute         source /mnt/share/tools/Xilinx/Vitis_HLS/2020.2/common/technology/generic/autopilot/interface.gen 
Execute         source /local-scratch/localhome/mca307/453/proj_7/buffer/likelihood_buffer.prj/solution1/.autopilot/db/global.setting.tcl 
Execute         source /mnt/share/tools/Xilinx/Vitis_HLS/2020.2/common/technology/xilinx/common/xilinx.gen 
Execute           source /mnt/share/tools/Xilinx/Vitis_HLS/2020.2/common/technology/xilinx/interface/plb46.gen 
Execute           source /mnt/share/tools/Xilinx/Vitis_HLS/2020.2/common/technology/xilinx/interface/axi4.gen 
Execute           source /mnt/share/tools/Xilinx/Vitis_HLS/2020.2/common/technology/xilinx/interface/nativeAXI4.gen 
Execute             source /mnt/share/tools/Xilinx/Vitis_HLS/2020.2/common/technology/xilinx/interface/saxilite.gen 
Execute             source /mnt/share/tools/Xilinx/Vitis_HLS/2020.2/common/technology/xilinx/interface/maxi.gen 
Execute           source /mnt/share/tools/Xilinx/Vitis_HLS/2020.2/common/technology/xilinx/scripts/xilinxcoregen.gen 
Execute           source /mnt/share/tools/Xilinx/Vitis_HLS/2020.2/common/technology/xilinx/interface/XilEDKCoreGen.gen 
Execute           source /mnt/share/tools/Xilinx/Vitis_HLS/2020.2/common/technology/xilinx/ip/dds_compiler.gen 
Execute           source /mnt/share/tools/Xilinx/Vitis_HLS/2020.2/common/technology/xilinx/ip/util.gen 
Execute           source /mnt/share/tools/Xilinx/Vitis_HLS/2020.2/common/technology/xilinx/ip/xfft.gen 
Execute           source /mnt/share/tools/Xilinx/Vitis_HLS/2020.2/common/technology/xilinx/ip/xfir.gen 
Execute           source /mnt/share/tools/Xilinx/Vitis_HLS/2020.2/common/technology/xilinx/DSP48/dsp48.gen 
INFO-FLOW: DBG:CMD:       initCTypeInfo top_module=likelihood_kernel xml_exists=0
Execute         source /local-scratch/localhome/mca307/453/proj_7/buffer/likelihood_buffer.prj/solution1/.autopilot/db/likelihood_kernel.rtl_wrap.cfg.tcl 
Execute         source /local-scratch/localhome/mca307/453/proj_7/buffer/likelihood_buffer.prj/solution1/.autopilot/db/likelihood_kernel.rtl_wrap.cfg.tcl 
Execute         source /local-scratch/localhome/mca307/453/proj_7/buffer/likelihood_buffer.prj/solution1/.autopilot/db/likelihood_kernel.rtl_wrap.cfg.tcl 
Execute         source /local-scratch/localhome/mca307/453/proj_7/buffer/likelihood_buffer.prj/solution1/.autopilot/db/likelihood_kernel.tbgen.tcl 
Execute         source /local-scratch/localhome/mca307/453/proj_7/buffer/likelihood_buffer.prj/solution1/.autopilot/db/likelihood_kernel.tbgen.tcl 
INFO-FLOW: DBG:CMD:       export_impl_rtl
INFO-FLOW: DBG:CMD:       generate_ip_cores sim=0 export=0 expOnly=0 dstVlogDir=impl/.verilog
Execute         source /local-scratch/localhome/mca307/453/proj_7/buffer/likelihood_buffer.prj/solution1/.autopilot/db/global.setting.tcl 
Execute         source /local-scratch/localhome/mca307/453/proj_7/buffer/likelihood_buffer.prj/solution1/.autopilot/db/likelihood_kernel.compgen.tcl 
Execute           ap_part_info -name xcu50-fsvh2104-2-e -data names -quiet 
Execute           ap_part_info -name xcu50-fsvh2104-2-e -data info -quiet 
Execute           ap_part_info -name xcu50-fsvh2104-2-e -data names -quiet 
Execute           ap_part_info -name xcu50-fsvh2104-2-e -data info -quiet 
Execute           ap_part_info -name xcu50-fsvh2104-2-e -data names -quiet 
Execute           ap_part_info -name xcu50-fsvh2104-2-e -data info -quiet 
Execute           ap_part_info -name xcu50-fsvh2104-2-e -data names -quiet 
Execute           ap_part_info -name xcu50-fsvh2104-2-e -data info -quiet 
INFO-FLOW: DBG:CMD:       generate_ip_cores sim=0 export=1 expOnly=1 dstVlogDir=impl/.pcores/verilog
Execute         source /local-scratch/localhome/mca307/453/proj_7/buffer/likelihood_buffer.prj/solution1/.autopilot/db/global.setting.tcl 
Execute         source /local-scratch/localhome/mca307/453/proj_7/buffer/likelihood_buffer.prj/solution1/.autopilot/db/likelihood_kernel.compgen.tcl 
Execute           ap_part_info -name xcu50-fsvh2104-2-e -data names -quiet 
Execute           ap_part_info -name xcu50-fsvh2104-2-e -data info -quiet 
Execute           ap_part_info -name xcu50-fsvh2104-2-e -data names -quiet 
Execute           ap_part_info -name xcu50-fsvh2104-2-e -data info -quiet 
Execute           ap_part_info -name xcu50-fsvh2104-2-e -data names -quiet 
Execute           ap_part_info -name xcu50-fsvh2104-2-e -data info -quiet 
Execute           ap_part_info -name xcu50-fsvh2104-2-e -data names -quiet 
Execute           ap_part_info -name xcu50-fsvh2104-2-e -data info -quiet 
Execute           ap_part_info -name xcu50-fsvh2104-2-e -data names -quiet 
Execute           ap_part_info -name xcu50-fsvh2104-2-e -data info -quiet 
Execute           ap_part_info -name xcu50-fsvh2104-2-e -data names -quiet 
Execute           ap_part_info -name xcu50-fsvh2104-2-e -data info -quiet 
Execute         ap_part_info -name xcu50-fsvh2104-2-e -data names -quiet 
Execute         ap_part_info -name xcu50-fsvh2104-2-e -data info -quiet 
INFO-FLOW: DBG:CMD:       generate_ip_cores sim=0 export=0 expOnly=0 dstVlogDir=impl/.pcores/verilog_sim
Execute         source /local-scratch/localhome/mca307/453/proj_7/buffer/likelihood_buffer.prj/solution1/.autopilot/db/global.setting.tcl 
Execute         source /local-scratch/localhome/mca307/453/proj_7/buffer/likelihood_buffer.prj/solution1/.autopilot/db/likelihood_kernel.compgen.tcl 
Execute         ap_part_info -name xcu50-fsvh2104-2-e -data names -quiet 
Execute         ap_part_info -name xcu50-fsvh2104-2-e -data info -quiet 
Execute         ap_part_info -name xcu50-fsvh2104-2-e -data names -quiet 
Execute         ap_part_info -name xcu50-fsvh2104-2-e -data info -quiet 
Execute         source /local-scratch/localhome/mca307/453/proj_7/buffer/likelihood_buffer.prj/solution1/.autopilot/db/global.setting.tcl 
Execute         ap_part_info -name xcu50-fsvh2104-2-e -data names -quiet 
Execute         ap_part_info -name xcu50-fsvh2104-2-e -data info -quiet 
Execute         source /local-scratch/localhome/mca307/453/proj_7/buffer/likelihood_buffer.prj/solution1/.autopilot/db/likelihood_kernel.constraint.tcl 
Execute         source /local-scratch/localhome/mca307/453/proj_7/buffer/likelihood_buffer.prj/solution1/.autopilot/db/likelihood_kernel.tbgen.tcl 
INFO-FLOW: DBG:CMD:       hasPcoreIpAdapter=false #gSsdmPorts=0
INFO-FLOW: DBG:CMD: Skipping loadAnalyze_DB, #g_database=16
INFO-FLOW: DBG:CMD:       generate_json is_phase_csynth=1 g_has_adaptors=false generate_bd_files=0 #modelList=15 #gSsdmPorts=0
Execute         source /mnt/share/tools/Xilinx/Vitis_HLS/2020.2/tps/tcl/tcllib1.11.1/fileutil/fileutil.tcl 
Execute         source /local-scratch/localhome/mca307/453/proj_7/buffer/likelihood_buffer.prj/solution1/.autopilot/db/global.setting.tcl 
Execute         source /local-scratch/localhome/mca307/453/proj_7/buffer/likelihood_buffer.prj/solution1/.autopilot/db/global.setting.tcl 
Execute         source /local-scratch/localhome/mca307/453/proj_7/buffer/likelihood_buffer.prj/solution1/.autopilot/db/top-io-be.tcl 
Execute         source /local-scratch/localhome/mca307/453/proj_7/buffer/likelihood_buffer.prj/solution1/.autopilot/db/likelihood_kernel.tbgen.tcl 
Execute         source /local-scratch/localhome/mca307/453/proj_7/buffer/likelihood_buffer.prj/solution1/.autopilot/db/likelihood_kernel.compgen.dataonly.tcl 
Execute         source /local-scratch/localhome/mca307/453/proj_7/buffer/likelihood_buffer.prj/solution1/.autopilot/db/likelihood_kernel.compgen.dataonly.tcl 
Execute         source /local-scratch/localhome/mca307/453/proj_7/buffer/likelihood_buffer.prj/solution1/.autopilot/db/likelihood_kernel.tbgen.tcl 
Execute         source /local-scratch/localhome/mca307/453/proj_7/buffer/likelihood_buffer.prj/solution1/.autopilot/db/likelihood_kernel.tbgen.tcl 
Execute         source /local-scratch/localhome/mca307/453/proj_7/buffer/likelihood_buffer.prj/solution1/.autopilot/db/likelihood_kernel.tbgen.tcl 
Execute         source /local-scratch/localhome/mca307/453/proj_7/buffer/likelihood_buffer.prj/solution1/.autopilot/db/likelihood_kernel.tbgen.tcl 
Execute         source /local-scratch/localhome/mca307/453/proj_7/buffer/likelihood_buffer.prj/solution1/.autopilot/db/likelihood_kernel.tbgen.tcl 
Execute         source /local-scratch/localhome/mca307/453/proj_7/buffer/likelihood_buffer.prj/solution1/.autopilot/db/likelihood_kernel.rtl_wrap.cfg.tcl 
Execute         source /local-scratch/localhome/mca307/453/proj_7/buffer/likelihood_buffer.prj/solution1/.autopilot/db/likelihood_kernel.compgen.dataonly.tcl 
Execute         get_config_export -format 
Execute         ap_part_info -name xcu50-fsvh2104-2-e -data names -quiet 
Execute         ap_part_info -name xcu50-fsvh2104-2-e -data info -quiet 
Execute         source /local-scratch/localhome/mca307/453/proj_7/buffer/likelihood_buffer.prj/solution1/.autopilot/db/likelihood_kernel.tbgen.tcl 
Execute         source /local-scratch/localhome/mca307/453/proj_7/buffer/likelihood_buffer.prj/solution1/.autopilot/db/global.setting.tcl 
Execute         ap_part_info -name xcu50-fsvh2104-2-e -data names -quiet 
Execute         ap_part_info -name xcu50-fsvh2104-2-e -data info -quiet 
Execute         get_solution -flow_target 
Execute         get_config_rtl -kernel_profile 
Execute         get_config_rtl -kernel_profile 
Execute         get_config_rtl -stall_sig_gen 
Execute         get_config_rtl -profile 
Execute         source /local-scratch/localhome/mca307/453/proj_7/buffer/likelihood_buffer.prj/solution1/.autopilot/db/likelihood_kernel.constraint.tcl 
Execute         sc_get_clocks likelihood_kernel 
Execute         source /local-scratch/localhome/mca307/453/proj_7/buffer/likelihood_buffer.prj/solution1/.autopilot/db/global.setting.tcl 
Execute         get_config_debug -directory 
Execute         source /local-scratch/localhome/mca307/453/proj_7/buffer/likelihood_buffer.prj/solution1/impl/misc/likelihood_kernel_ap_dadd_6_full_dsp_64_ip.tcl 
Execute         source /local-scratch/localhome/mca307/453/proj_7/buffer/likelihood_buffer.prj/solution1/impl/misc/likelihood_kernel_ap_ddiv_29_no_dsp_64_ip.tcl 
Execute         source /local-scratch/localhome/mca307/453/proj_7/buffer/likelihood_buffer.prj/solution1/impl/misc/likelihood_kernel_ap_dmul_6_max_dsp_64_ip.tcl 
Execute         source /local-scratch/localhome/mca307/453/proj_7/buffer/likelihood_buffer.prj/solution1/impl/misc/likelihood_kernel_ap_sitodp_3_no_dsp_32_ip.tcl 
INFO-FLOW: DBG:CMD:       delete-temp-dirs (skipped for debug)
INFO: [HLS 200-111] Finished Generating all RTL models: CPU user time: 1.77 seconds. CPU system time: 0.05 seconds. Elapsed time: 1.85 seconds; current allocated memory: 280.781 MB.
INFO: [VHDL 208-304] Generating VHDL RTL for likelihood_kernel.
INFO: [VLOG 209-307] Generating Verilog RTL for likelihood_kernel.
INFO-FLOW: DBG:CMD:       update_csynth_xml_report append design.xml content design_xml=/local-scratch/localhome/mca307/453/proj_7/buffer/likelihood_buffer.prj/solution1/.autopilot/db/likelihood_kernel.design.xml
INFO-FLOW: DBG:CMD:       update_csynth_xml_report json2reportxml
Execute         send_msg_by_id INFO @200-1603@%s  and missed bursts 
INFO: [HLS 200-1603] Design has MAXI bursts and missed bursts, see Vitis HLS GUI synthesis summary report for detailed information.
INFO-FLOW: DBG:CMD:       update_csynth_xml_report done
Execute         syn_report -model likelihood_kernel -printsummary 
INFO: [HLS 200-790] **** Loop Constraint Status: All loop constraints were satisfied.
INFO: [HLS 200-789] **** Estimated Fmax: 411.37 MHz
Command       autosyn done; 2.91 sec.
Command     csynth_design done; 5.87 sec.
INFO: [HLS 200-111] Finished Command csynth_design CPU user time: 5.45 seconds. CPU system time: 0.36 seconds. Elapsed time: 5.87 seconds; current allocated memory: 282.229 MB.
Execute     close_project 
Execute       cleanup_all -project 
Execute     cleanup_all 
