

================================================================
== Synthesis Summary Report of 'likelihood_kernel'
================================================================
+ General Information: 
    * Date:           Tue Mar 24 15:13:20 2026
    * Version:        2020.2 (Build 3064766 on Wed Nov 18 09:12:47 MST 2020)
    * Project:        likelihood_memopt.prj
    * Solution:       solution1 (Vivado IP Flow Target)
    * Product family: virtexuplus
    * Target device:  xcu50-fsvh2104-2-e
    

+ Performance & Resource Estimates: 
    
    PS: '+' for module; 'o' for loop; '*' for dataflow
    +----------------------------------+------+-------+---------+-----------+----------+---------+------+----------+----------+----------+-------------+------------+-----+
    |              Modules             | Issue|       | Latency |  Latency  | Iteration|         | Trip |          |          |          |             |            |     |
    |              & Loops             | Type | Slack | (cycles)|    (ns)   |  Latency | Interval| Count| Pipelined|   BRAM   |    DSP   |      FF     |     LUT    | URAM|
    +----------------------------------+------+-------+---------+-----------+----------+---------+------+----------+----------+----------+-------------+------------+-----+
    |+ likelihood_kernel               |     -|  -0.00|   273242|  9.099e+05|         -|   273243|     -|        no|  145 (5%)|  11 (~0%)|   26479 (1%)|  17745 (2%)|    -|
    | + grp_compute_likelihood_fu_420  |     -|  -0.00|     8492|  2.828e+04|         -|     8492|     -|        no|         -|   8 (~0%)|   1609 (~0%)|  3453 (~0%)|    -|
    |  o computeParticles              |     -|  -2.43|     8448|  2.813e+04|       132|        -|    64|        no|         -|         -|            -|           -|    -|
    |   o accumulatePoints             |     -|  -2.43|       91|    303.030|        13|        1|    80|       yes|         -|         -|            -|           -|    -|
    | + grp_load_particles_fu_458      |     -|  -0.00|       18|     59.940|         -|       18|     -|        no|         -|         -|  15760 (~0%)|  1427 (~0%)|    -|
    |  o loadParticlesWide             |     -|  -2.43|       16|     53.280|        10|        1|     8|       yes|         -|         -|            -|           -|    -|
    | + grp_store_likelihood_fu_487    |     -|  -0.00|       16|     53.280|         -|       16|     -|        no|         -|         -|    715 (~0%)|  1218 (~0%)|    -|
    |  o storeLikelihoodWide           |     -|  -2.43|       14|     46.620|         8|        1|     8|       yes|         -|         -|            -|           -|    -|
    | o loadObjxy                      |    II|  -2.43|      183|    609.390|        26|        2|    80|       yes|         -|         -|            -|           -|    -|
    | o Particle_loop                  |     -|  -2.43|   273056|  9.093e+05|      8533|        -|    32|        no|         -|         -|            -|           -|    -|
    +----------------------------------+------+-------+---------+-----------+----------+---------+------+----------+----------+----------+-------------+------------+-----+

