

================================================================
== Vitis HLS Report for 'likelihood_kernel'
================================================================
* Date:           Tue Mar 24 15:13:19 2026

* Version:        2020.2 (Build 3064766 on Wed Nov 18 09:12:47 MST 2020)
* Project:        likelihood_memopt.prj
* Solution:       solution1 (Vivado IP Flow Target)
* Product family: virtexuplus
* Target device:  xcu50-fsvh2104-2-e


================================================================
== Performance Estimates
================================================================
+ Timing: 
    * Summary: 
    +--------+---------+----------+------------+
    |  Clock |  Target | Estimated| Uncertainty|
    +--------+---------+----------+------------+
    |ap_clk  |  3.33 ns|  2.431 ns|     0.90 ns|
    +--------+---------+----------+------------+

+ Latency: 
    * Summary: 
    +---------+---------+-----------+----------+------+--------+---------+
    |  Latency (cycles) |  Latency (absolute)  |    Interval   | Pipeline|
    |   min   |   max   |    min    |    max   |  min |   max  |   Type  |
    +---------+---------+-----------+----------+------+--------+---------+
    |     8079|   273242|  26.903 us|  0.910 ms|  8080|  273243|     none|
    +---------+---------+-----------+----------+------+--------+---------+

    + Detail: 
        * Instance: 
        +-------------------------------+--------------------+---------+---------+-----------+-----------+------+------+---------+
        |                               |                    |  Latency (cycles) |   Latency (absolute)  |   Interval  | Pipeline|
        |            Instance           |       Module       |   min   |   max   |    min    |    max    |  min |  max |   Type  |
        +-------------------------------+--------------------+---------+---------+-----------+-----------+------+------+---------+
        |grp_compute_likelihood_fu_420  |compute_likelihood  |     7852|     8492|  26.147 us|  28.278 us|  7852|  8492|     none|
        |grp_load_particles_fu_458      |load_particles      |       18|       18|  59.940 ns|  59.940 ns|    18|    18|     none|
        |grp_store_likelihood_fu_487    |store_likelihood    |       16|       16|  53.280 ns|  53.280 ns|    16|    16|     none|
        +-------------------------------+--------------------+---------+---------+-----------+-----------+------+------+---------+

        * Loop: 
        +-----------------+---------+---------+-------------+-----------+-----------+--------+----------+
        |                 |  Latency (cycles) |  Iteration  |  Initiation Interval  |  Trip  |          |
        |    Loop Name    |   min   |   max   |   Latency   |  achieved |   target  |  Count | Pipelined|
        +-----------------+---------+---------+-------------+-----------+-----------+--------+----------+
        |- loadObjxy      |      183|      183|           26|          2|          1|      80|       yes|
        |- Particle_loop  |     7893|   273056|  7893 ~ 8533|          -|          -|  1 ~ 32|        no|
        +-----------------+---------+---------+-------------+-----------+-----------+--------+----------+



================================================================
== Utilization Estimates
================================================================
* Summary: 
+---------------------+---------+------+---------+--------+-----+
|         Name        | BRAM_18K|  DSP |    FF   |   LUT  | URAM|
+---------------------+---------+------+---------+--------+-----+
|DSP                  |        -|     -|        -|       -|    -|
|Expression           |        -|     -|        0|    2625|    -|
|FIFO                 |        -|     -|        -|       -|    -|
|Instance             |       96|    11|    25068|   14060|    -|
|Memory               |       49|     -|        0|       0|    -|
|Multiplexer          |        -|     -|        -|     964|    -|
|Register             |        -|     -|     1411|      96|    -|
+---------------------+---------+------+---------+--------+-----+
|Total                |      145|    11|    26479|   17745|    0|
+---------------------+---------+------+---------+--------+-----+
|Available SLR        |     1344|  2976|   871680|  435840|  320|
+---------------------+---------+------+---------+--------+-----+
|Utilization SLR (%)  |       10|    ~0|        3|       4|    0|
+---------------------+---------+------+---------+--------+-----+
|Available            |     2688|  5952|  1743360|  871680|  640|
+---------------------+---------+------+---------+--------+-----+
|Utilization (%)      |        5|    ~0|        1|       2|    0|
+---------------------+---------+------+---------+--------+-----+

+ Detail: 
    * Instance: 
    +------------------------------------+--------------------------------+---------+----+-------+------+-----+
    |              Instance              |             Module             | BRAM_18K| DSP|   FF  |  LUT | URAM|
    +------------------------------------+--------------------------------+---------+----+-------+------+-----+
    |grp_compute_likelihood_fu_420       |compute_likelihood              |        0|   8|   1609|  3453|    0|
    |control_s_axi_U                     |control_s_axi                   |        0|   0|    646|  1128|    0|
    |dadd_64ns_64ns_64_8_full_dsp_1_U82  |dadd_64ns_64ns_64_8_full_dsp_1  |        0|   3|    685|   635|    0|
    |gmem0_m_axi_U                       |gmem0_m_axi                     |       30|   0|   1415|  1585|    0|
    |gmem1_m_axi_U                       |gmem1_m_axi                     |       30|   0|   1415|  1585|    0|
    |gmem2_m_axi_U                       |gmem2_m_axi                     |        4|   0|    566|   766|    0|
    |gmem3_m_axi_U                       |gmem3_m_axi                     |        2|   0|    512|   580|    0|
    |gmem4_m_axi_U                       |gmem4_m_axi                     |       30|   0|   1415|  1585|    0|
    |grp_load_particles_fu_458           |load_particles                  |        0|   0|  15760|  1427|    0|
    |mul_32s_32s_32_2_1_U83              |mul_32s_32s_32_2_1              |        0|   0|    165|    49|    0|
    |mul_32s_32s_32_2_1_U84              |mul_32s_32s_32_2_1              |        0|   0|    165|    49|    0|
    |grp_store_likelihood_fu_487         |store_likelihood                |        0|   0|    715|  1218|    0|
    +------------------------------------+--------------------------------+---------+----+-------+------+-----+
    |Total                               |                                |       96|  11|  25068| 14060|    0|
    +------------------------------------+--------------------------------+---------+----+-------+------+-----+

    * DSP: 
    N/A

    * Memory: 
    +-----------------------+--------------------+---------+---+----+-----+------+-----+------+-------------+
    |         Memory        |       Module       | BRAM_18K| FF| LUT| URAM| Words| Bits| Banks| W*Bits*Banks|
    +-----------------------+--------------------+---------+---+----+-----+------+-----+------+-------------+
    |buffer_X_0_U           |buffer_X_0          |        2|  0|   0|    0|     8|   64|     1|          512|
    |buffer_X_1_U           |buffer_X_0          |        2|  0|   0|    0|     8|   64|     1|          512|
    |buffer_X_2_U           |buffer_X_0          |        2|  0|   0|    0|     8|   64|     1|          512|
    |buffer_X_3_U           |buffer_X_0          |        2|  0|   0|    0|     8|   64|     1|          512|
    |buffer_X_4_U           |buffer_X_0          |        2|  0|   0|    0|     8|   64|     1|          512|
    |buffer_X_5_U           |buffer_X_0          |        2|  0|   0|    0|     8|   64|     1|          512|
    |buffer_X_6_U           |buffer_X_0          |        2|  0|   0|    0|     8|   64|     1|          512|
    |buffer_X_7_U           |buffer_X_0          |        2|  0|   0|    0|     8|   64|     1|          512|
    |buffer_Y_0_U           |buffer_X_0          |        2|  0|   0|    0|     8|   64|     1|          512|
    |buffer_Y_1_U           |buffer_X_0          |        2|  0|   0|    0|     8|   64|     1|          512|
    |buffer_Y_2_U           |buffer_X_0          |        2|  0|   0|    0|     8|   64|     1|          512|
    |buffer_Y_3_U           |buffer_X_0          |        2|  0|   0|    0|     8|   64|     1|          512|
    |buffer_Y_4_U           |buffer_X_0          |        2|  0|   0|    0|     8|   64|     1|          512|
    |buffer_Y_5_U           |buffer_X_0          |        2|  0|   0|    0|     8|   64|     1|          512|
    |buffer_Y_6_U           |buffer_X_0          |        2|  0|   0|    0|     8|   64|     1|          512|
    |buffer_Y_7_U           |buffer_X_0          |        2|  0|   0|    0|     8|   64|     1|          512|
    |buffer_likelihood_0_U  |buffer_X_0          |        2|  0|   0|    0|     8|   64|     1|          512|
    |buffer_likelihood_1_U  |buffer_X_0          |        2|  0|   0|    0|     8|   64|     1|          512|
    |buffer_likelihood_2_U  |buffer_X_0          |        2|  0|   0|    0|     8|   64|     1|          512|
    |buffer_likelihood_3_U  |buffer_X_0          |        2|  0|   0|    0|     8|   64|     1|          512|
    |buffer_likelihood_4_U  |buffer_X_0          |        2|  0|   0|    0|     8|   64|     1|          512|
    |buffer_likelihood_5_U  |buffer_X_0          |        2|  0|   0|    0|     8|   64|     1|          512|
    |buffer_likelihood_6_U  |buffer_X_0          |        2|  0|   0|    0|     8|   64|     1|          512|
    |buffer_likelihood_7_U  |buffer_X_0          |        2|  0|   0|    0|     8|   64|     1|          512|
    |buffer_obj_offsets_U   |buffer_obj_offsets  |        1|  0|   0|    0|    80|   32|     1|         2560|
    +-----------------------+--------------------+---------+---+----+-----+------+-----+------+-------------+
    |Total                  |                    |       49|  0|   0|    0|   272| 1568|    25|        14848|
    +-----------------------+--------------------+---------+---+----+-----+------+-----+------+-------------+

    * FIFO: 
    N/A

    * Expression: 
    +-----------------------------------+----------+----+---+-----+------------+------------+
    |           Variable Name           | Operation| DSP| FF| LUT | Bitwidth P0| Bitwidth P1|
    +-----------------------------------+----------+----+---+-----+------------+------------+
    |add_ln225_fu_879_p2                |         +|   0|  0|   39|          32|           6|
    |add_ln46_fu_514_p2                 |         +|   0|  0|   14|           7|           1|
    |add_ln50_fu_547_p2                 |         +|   0|  0|   71|          64|          64|
    |add_ln510_1_fu_625_p2              |         +|   0|  0|   19|          12|          11|
    |add_ln510_fu_757_p2                |         +|   0|  0|   19|          12|          11|
    |add_ln52_fu_858_p2                 |         +|   0|  0|   39|          32|          32|
    |base_1_fu_952_p2                   |         +|   0|  0|   39|          32|           7|
    |result_V_2_fu_846_p2               |         -|   0|  0|   39|           1|          32|
    |result_V_6_fu_707_p2               |         -|   0|  0|   39|           1|          32|
    |sub_ln1311_1_fu_639_p2             |         -|   0|  0|   18|          10|          11|
    |sub_ln1311_fu_771_p2               |         -|   0|  0|   18|          10|          11|
    |sub_ln225_1_fu_907_p2              |         -|   0|  0|   33|           1|          26|
    |sub_ln225_fu_892_p2                |         -|   0|  0|   39|           7|          32|
    |sub_ln231_fu_963_p2                |         -|   0|  0|   39|          32|          32|
    |ap_block_pp0_stage0_11001          |       and|   0|  0|    2|           1|           1|
    |ap_block_state10_pp0_stage0_iter4  |       and|   0|  0|    2|           1|           1|
    |ap_block_state11_pp0_stage1_iter4  |       and|   0|  0|    2|           1|           1|
    |ap_block_state3_io                 |       and|   0|  0|    2|           1|           1|
    |ap_predicate_op132_readreq_state3  |       and|   0|  0|    2|           1|           1|
    |icmp_ln225_fu_947_p2               |      icmp|   0|  0|   20|          32|          32|
    |icmp_ln230_fu_958_p2               |      icmp|   0|  0|   20|          32|          32|
    |icmp_ln46_fu_520_p2                |      icmp|   0|  0|   10|           7|           7|
    |icmp_ln49_fu_530_p2                |      icmp|   0|  0|   20|          32|          32|
    |r_V_2_fu_665_p2                    |      lshr|   0|  0|  460|         137|         137|
    |r_V_fu_797_p2                      |      lshr|   0|  0|  460|         137|         137|
    |ap_block_pp0_stage1_11001          |        or|   0|  0|    2|           1|           1|
    |result_V_7_fu_712_p3               |    select|   0|  0|   32|           1|          32|
    |result_V_fu_851_p3                 |    select|   0|  0|   32|           1|          32|
    |select_ln225_1_fu_931_p3           |    select|   0|  0|   26|           1|           1|
    |select_ln225_fu_923_p3             |    select|   0|  0|   26|           1|          26|
    |tileSize_fu_968_p3                 |    select|   0|  0|   32|           1|          32|
    |ush_1_fu_649_p3                    |    select|   0|  0|   12|           1|          12|
    |ush_fu_781_p3                      |    select|   0|  0|   12|           1|          12|
    |val_1_fu_699_p3                    |    select|   0|  0|   32|           1|          32|
    |val_fu_831_p3                      |    select|   0|  0|   32|           1|          32|
    |r_V_1_fu_803_p2                    |       shl|   0|  0|  460|         137|         137|
    |r_V_3_fu_671_p2                    |       shl|   0|  0|  460|         137|         137|
    |ap_enable_pp0                      |       xor|   0|  0|    2|           1|           2|
    +-----------------------------------+----------+----+---+-----+------------+------------+
    |Total                              |          |   0|  0| 2625|         920|        1178|
    +-----------------------------------+----------+----+---+-----+------------+------------+

    * Multiplexer: 
    +----------------------------+----+-----------+-----+-----------+
    |            Name            | LUT| Input Size| Bits| Total Bits|
    +----------------------------+----+-----------+-----+-----------+
    |ap_NS_fsm                   |  65|         12|    1|         12|
    |ap_enable_reg_pp0_iter12    |   9|          2|    1|          2|
    |ap_phi_mux_i_phi_fu_400_p4  |   9|          2|    7|         14|
    |base_reg_408                |   9|          2|   32|         64|
    |buffer_X_0_ce0              |   9|          2|    1|          2|
    |buffer_X_0_ce1              |   9|          2|    1|          2|
    |buffer_X_0_we1              |   9|          2|    1|          2|
    |buffer_X_1_ce0              |   9|          2|    1|          2|
    |buffer_X_1_ce1              |   9|          2|    1|          2|
    |buffer_X_1_we1              |   9|          2|    1|          2|
    |buffer_X_2_ce0              |   9|          2|    1|          2|
    |buffer_X_2_ce1              |   9|          2|    1|          2|
    |buffer_X_2_we1              |   9|          2|    1|          2|
    |buffer_X_3_ce0              |   9|          2|    1|          2|
    |buffer_X_3_ce1              |   9|          2|    1|          2|
    |buffer_X_3_we1              |   9|          2|    1|          2|
    |buffer_X_4_ce0              |   9|          2|    1|          2|
    |buffer_X_4_ce1              |   9|          2|    1|          2|
    |buffer_X_4_we1              |   9|          2|    1|          2|
    |buffer_X_5_ce0              |   9|          2|    1|          2|
    |buffer_X_5_ce1              |   9|          2|    1|          2|
    |buffer_X_5_we1              |   9|          2|    1|          2|
    |buffer_X_6_ce0              |   9|          2|    1|          2|
    |buffer_X_6_ce1              |   9|          2|    1|          2|
    |buffer_X_6_we1              |   9|          2|    1|          2|
    |buffer_X_7_ce0              |   9|          2|    1|          2|
    |buffer_X_7_ce1              |   9|          2|    1|          2|
    |buffer_X_7_we1              |   9|          2|    1|          2|
    |buffer_Y_0_ce0              |   9|          2|    1|          2|
    |buffer_Y_0_ce1              |   9|          2|    1|          2|
    |buffer_Y_0_we1              |   9|          2|    1|          2|
    |buffer_Y_1_ce0              |   9|          2|    1|          2|
    |buffer_Y_1_ce1              |   9|          2|    1|          2|
    |buffer_Y_1_we1              |   9|          2|    1|          2|
    |buffer_Y_2_ce0              |   9|          2|    1|          2|
    |buffer_Y_2_ce1              |   9|          2|    1|          2|
    |buffer_Y_2_we1              |   9|          2|    1|          2|
    |buffer_Y_3_ce0              |   9|          2|    1|          2|
    |buffer_Y_3_ce1              |   9|          2|    1|          2|
    |buffer_Y_3_we1              |   9|          2|    1|          2|
    |buffer_Y_4_ce0              |   9|          2|    1|          2|
    |buffer_Y_4_ce1              |   9|          2|    1|          2|
    |buffer_Y_4_we1              |   9|          2|    1|          2|
    |buffer_Y_5_ce0              |   9|          2|    1|          2|
    |buffer_Y_5_ce1              |   9|          2|    1|          2|
    |buffer_Y_5_we1              |   9|          2|    1|          2|
    |buffer_Y_6_ce0              |   9|          2|    1|          2|
    |buffer_Y_6_ce1              |   9|          2|    1|          2|
    |buffer_Y_6_we1              |   9|          2|    1|          2|
    |buffer_Y_7_ce0              |   9|          2|    1|          2|
    |buffer_Y_7_ce1              |   9|          2|    1|          2|
    |buffer_Y_7_we1              |   9|          2|    1|          2|
    |buffer_likelihood_0_ce0     |   9|          2|    1|          2|
    |buffer_likelihood_0_ce1     |   9|          2|    1|          2|
    |buffer_likelihood_0_we1     |   9|          2|    1|          2|
    |buffer_likelihood_1_ce0     |   9|          2|    1|          2|
    |buffer_likelihood_1_ce1     |   9|          2|    1|          2|
    |buffer_likelihood_1_we1     |   9|          2|    1|          2|
    |buffer_likelihood_2_ce0     |   9|          2|    1|          2|
    |buffer_likelihood_2_ce1     |   9|          2|    1|          2|
    |buffer_likelihood_2_we1     |   9|          2|    1|          2|
    |buffer_likelihood_3_ce0     |   9|          2|    1|          2|
    |buffer_likelihood_3_ce1     |   9|          2|    1|          2|
    |buffer_likelihood_3_we1     |   9|          2|    1|          2|
    |buffer_likelihood_4_ce0     |   9|          2|    1|          2|
    |buffer_likelihood_4_ce1     |   9|          2|    1|          2|
    |buffer_likelihood_4_we1     |   9|          2|    1|          2|
    |buffer_likelihood_5_ce0     |   9|          2|    1|          2|
    |buffer_likelihood_5_ce1     |   9|          2|    1|          2|
    |buffer_likelihood_5_we1     |   9|          2|    1|          2|
    |buffer_likelihood_6_ce0     |   9|          2|    1|          2|
    |buffer_likelihood_6_ce1     |   9|          2|    1|          2|
    |buffer_likelihood_6_we1     |   9|          2|    1|          2|
    |buffer_likelihood_7_ce0     |   9|          2|    1|          2|
    |buffer_likelihood_7_ce1     |   9|          2|    1|          2|
    |buffer_likelihood_7_we1     |   9|          2|    1|          2|
    |buffer_obj_offsets_ce0      |   9|          2|    1|          2|
    |gmem0_ARVALID               |   9|          2|    1|          2|
    |gmem0_RREADY                |   9|          2|    1|          2|
    |gmem1_ARVALID               |   9|          2|    1|          2|
    |gmem1_RREADY                |   9|          2|    1|          2|
    |gmem2_blk_n_AR              |   9|          2|    1|          2|
    |gmem2_blk_n_R               |   9|          2|    1|          2|
    |gmem3_ARVALID               |   9|          2|    1|          2|
    |gmem3_RREADY                |   9|          2|    1|          2|
    |gmem4_AWVALID               |   9|          2|    1|          2|
    |gmem4_BREADY                |   9|          2|    1|          2|
    |gmem4_WVALID                |   9|          2|    1|          2|
    |grp_fu_505_ce               |  14|          3|    1|          3|
    |grp_fu_505_p0               |  20|          4|   64|        256|
    |grp_fu_505_p1               |   9|          2|   64|        128|
    |grp_fu_718_ce               |  14|          3|    1|          3|
    |grp_fu_718_p0               |   9|          2|   32|         64|
    |grp_fu_718_p1               |   9|          2|   32|         64|
    |grp_fu_863_ce               |  14|          3|    1|          3|
    |grp_fu_863_p0               |   9|          2|   32|         64|
    |grp_fu_863_p1               |   9|          2|   32|         64|
    |i_reg_396                   |   9|          2|    7|         14|
    +----------------------------+----+-----------+-----+-----------+
    |Total                       | 964|        211|  391|        923|
    +----------------------------+----+-----------+-----+-----------+

    * Register: 
    +--------------------------------------------+----+----+-----+-----------+
    |                    Name                    | FF | LUT| Bits| Const Bits|
    +--------------------------------------------+----+----+-----+-----------+
    |I_read_reg_981                              |  64|   0|   64|          0|
    |IszY_read_reg_1017                          |  32|   0|   32|          0|
    |Nfr_read_reg_1011                           |  32|   0|   32|          0|
    |Nparticles_read_reg_1029                    |  32|   0|   32|          0|
    |add_ln46_reg_1038                           |   7|   0|    7|          0|
    |add_ln52_reg_1114                           |  32|   0|   32|          0|
    |ap_CS_fsm                                   |  11|   0|   11|          0|
    |ap_enable_reg_pp0_iter0                     |   1|   0|    1|          0|
    |ap_enable_reg_pp0_iter1                     |   1|   0|    1|          0|
    |ap_enable_reg_pp0_iter10                    |   1|   0|    1|          0|
    |ap_enable_reg_pp0_iter11                    |   1|   0|    1|          0|
    |ap_enable_reg_pp0_iter12                    |   1|   0|    1|          0|
    |ap_enable_reg_pp0_iter2                     |   1|   0|    1|          0|
    |ap_enable_reg_pp0_iter3                     |   1|   0|    1|          0|
    |ap_enable_reg_pp0_iter4                     |   1|   0|    1|          0|
    |ap_enable_reg_pp0_iter5                     |   1|   0|    1|          0|
    |ap_enable_reg_pp0_iter6                     |   1|   0|    1|          0|
    |ap_enable_reg_pp0_iter7                     |   1|   0|    1|          0|
    |ap_enable_reg_pp0_iter8                     |   1|   0|    1|          0|
    |ap_enable_reg_pp0_iter9                     |   1|   0|    1|          0|
    |arrayX_read_reg_996                         |  64|   0|   64|          0|
    |arrayY_read_reg_991                         |  64|   0|   64|          0|
    |base_1_reg_1132                             |  32|   0|   32|          0|
    |base_reg_408                                |  32|   0|   32|          0|
    |countOnes_read_reg_1023                     |  32|   0|   32|          0|
    |data_V_reg_1098                             |  64|   0|   64|          0|
    |dc_1_reg_1077                               |  64|   0|   64|          0|
    |dc_reg_1072                                 |  64|   0|   64|          0|
    |grp_compute_likelihood_fu_420_ap_start_reg  |   1|   0|    1|          0|
    |grp_load_particles_fu_458_ap_start_reg      |   1|   0|    1|          0|
    |grp_store_likelihood_fu_487_ap_start_reg    |   1|   0|    1|          0|
    |i_reg_396                                   |   7|   0|    7|          0|
    |icmp_ln46_reg_1043                          |   1|   0|    1|          0|
    |icmp_ln49_reg_1047                          |   1|   0|    1|          0|
    |k_read_reg_1006                             |  32|   0|   32|          0|
    |likelihood_read_reg_976                     |  64|   0|   64|          0|
    |max_size_read_reg_1001                      |  64|   0|   64|          0|
    |mul_ln52_1_reg_1119                         |  32|   0|   32|          0|
    |mul_ln52_reg_1109                           |  32|   0|   32|          0|
    |objxy_read_reg_986                          |  64|   0|   64|          0|
    |p_Result_1_reg_1082                         |   1|   0|    1|          0|
    |reg_510                                     |  64|   0|   64|          0|
    |result_V_7_reg_1093                         |  32|   0|   32|          0|
    |tileSize_reg_1137                           |  32|   0|   32|          0|
    |tmp_12_reg_1124                             |  26|   0|   32|          6|
    |trunc_ln_reg_1051                           |  61|   0|   61|          0|
    |val_1_reg_1087                              |  32|   0|   32|          0|
    |val_reg_1103                                |  32|   0|   32|          0|
    |dc_reg_1072                                 |  64|  32|   64|          0|
    |i_reg_396                                   |  64|  32|    7|          0|
    |icmp_ln49_reg_1047                          |  64|  32|    1|          0|
    +--------------------------------------------+----+----+-----+-----------+
    |Total                                       |1411|  96| 1297|          6|
    +--------------------------------------------+----+----+-----+-----------+



================================================================
== Interface
================================================================
* Summary: 
+-----------------------+-----+-----+------------+-------------------+--------------+
|       RTL Ports       | Dir | Bits|  Protocol  |   Source Object   |    C Type    |
+-----------------------+-----+-----+------------+-------------------+--------------+
|s_axi_control_AWVALID  |   in|    1|       s_axi|            control|        scalar|
|s_axi_control_AWREADY  |  out|    1|       s_axi|            control|        scalar|
|s_axi_control_AWADDR   |   in|    7|       s_axi|            control|        scalar|
|s_axi_control_WVALID   |   in|    1|       s_axi|            control|        scalar|
|s_axi_control_WREADY   |  out|    1|       s_axi|            control|        scalar|
|s_axi_control_WDATA    |   in|   32|       s_axi|            control|        scalar|
|s_axi_control_WSTRB    |   in|    4|       s_axi|            control|        scalar|
|s_axi_control_ARVALID  |   in|    1|       s_axi|            control|        scalar|
|s_axi_control_ARREADY  |  out|    1|       s_axi|            control|        scalar|
|s_axi_control_ARADDR   |   in|    7|       s_axi|            control|        scalar|
|s_axi_control_RVALID   |  out|    1|       s_axi|            control|        scalar|
|s_axi_control_RREADY   |   in|    1|       s_axi|            control|        scalar|
|s_axi_control_RDATA    |  out|   32|       s_axi|            control|        scalar|
|s_axi_control_RRESP    |  out|    2|       s_axi|            control|        scalar|
|s_axi_control_BVALID   |  out|    1|       s_axi|            control|        scalar|
|s_axi_control_BREADY   |   in|    1|       s_axi|            control|        scalar|
|s_axi_control_BRESP    |  out|    2|       s_axi|            control|        scalar|
|ap_clk                 |   in|    1|  ap_ctrl_hs|  likelihood_kernel|  return value|
|ap_rst_n               |   in|    1|  ap_ctrl_hs|  likelihood_kernel|  return value|
|interrupt              |  out|    1|  ap_ctrl_hs|  likelihood_kernel|  return value|
|m_axi_gmem0_AWVALID    |  out|    1|       m_axi|              gmem0|       pointer|
|m_axi_gmem0_AWREADY    |   in|    1|       m_axi|              gmem0|       pointer|
|m_axi_gmem0_AWADDR     |  out|   64|       m_axi|              gmem0|       pointer|
|m_axi_gmem0_AWID       |  out|    1|       m_axi|              gmem0|       pointer|
|m_axi_gmem0_AWLEN      |  out|    8|       m_axi|              gmem0|       pointer|
|m_axi_gmem0_AWSIZE     |  out|    3|       m_axi|              gmem0|       pointer|
|m_axi_gmem0_AWBURST    |  out|    2|       m_axi|              gmem0|       pointer|
|m_axi_gmem0_AWLOCK     |  out|    2|       m_axi|              gmem0|       pointer|
|m_axi_gmem0_AWCACHE    |  out|    4|       m_axi|              gmem0|       pointer|
|m_axi_gmem0_AWPROT     |  out|    3|       m_axi|              gmem0|       pointer|
|m_axi_gmem0_AWQOS      |  out|    4|       m_axi|              gmem0|       pointer|
|m_axi_gmem0_AWREGION   |  out|    4|       m_axi|              gmem0|       pointer|
|m_axi_gmem0_AWUSER     |  out|    1|       m_axi|              gmem0|       pointer|
|m_axi_gmem0_WVALID     |  out|    1|       m_axi|              gmem0|       pointer|
|m_axi_gmem0_WREADY     |   in|    1|       m_axi|              gmem0|       pointer|
|m_axi_gmem0_WDATA      |  out|  512|       m_axi|              gmem0|       pointer|
|m_axi_gmem0_WSTRB      |  out|   64|       m_axi|              gmem0|       pointer|
|m_axi_gmem0_WLAST      |  out|    1|       m_axi|              gmem0|       pointer|
|m_axi_gmem0_WID        |  out|    1|       m_axi|              gmem0|       pointer|
|m_axi_gmem0_WUSER      |  out|    1|       m_axi|              gmem0|       pointer|
|m_axi_gmem0_ARVALID    |  out|    1|       m_axi|              gmem0|       pointer|
|m_axi_gmem0_ARREADY    |   in|    1|       m_axi|              gmem0|       pointer|
|m_axi_gmem0_ARADDR     |  out|   64|       m_axi|              gmem0|       pointer|
|m_axi_gmem0_ARID       |  out|    1|       m_axi|              gmem0|       pointer|
|m_axi_gmem0_ARLEN      |  out|    8|       m_axi|              gmem0|       pointer|
|m_axi_gmem0_ARSIZE     |  out|    3|       m_axi|              gmem0|       pointer|
|m_axi_gmem0_ARBURST    |  out|    2|       m_axi|              gmem0|       pointer|
|m_axi_gmem0_ARLOCK     |  out|    2|       m_axi|              gmem0|       pointer|
|m_axi_gmem0_ARCACHE    |  out|    4|       m_axi|              gmem0|       pointer|
|m_axi_gmem0_ARPROT     |  out|    3|       m_axi|              gmem0|       pointer|
|m_axi_gmem0_ARQOS      |  out|    4|       m_axi|              gmem0|       pointer|
|m_axi_gmem0_ARREGION   |  out|    4|       m_axi|              gmem0|       pointer|
|m_axi_gmem0_ARUSER     |  out|    1|       m_axi|              gmem0|       pointer|
|m_axi_gmem0_RVALID     |   in|    1|       m_axi|              gmem0|       pointer|
|m_axi_gmem0_RREADY     |  out|    1|       m_axi|              gmem0|       pointer|
|m_axi_gmem0_RDATA      |   in|  512|       m_axi|              gmem0|       pointer|
|m_axi_gmem0_RLAST      |   in|    1|       m_axi|              gmem0|       pointer|
|m_axi_gmem0_RID        |   in|    1|       m_axi|              gmem0|       pointer|
|m_axi_gmem0_RUSER      |   in|    1|       m_axi|              gmem0|       pointer|
|m_axi_gmem0_RRESP      |   in|    2|       m_axi|              gmem0|       pointer|
|m_axi_gmem0_BVALID     |   in|    1|       m_axi|              gmem0|       pointer|
|m_axi_gmem0_BREADY     |  out|    1|       m_axi|              gmem0|       pointer|
|m_axi_gmem0_BRESP      |   in|    2|       m_axi|              gmem0|       pointer|
|m_axi_gmem0_BID        |   in|    1|       m_axi|              gmem0|       pointer|
|m_axi_gmem0_BUSER      |   in|    1|       m_axi|              gmem0|       pointer|
|m_axi_gmem1_AWVALID    |  out|    1|       m_axi|              gmem1|       pointer|
|m_axi_gmem1_AWREADY    |   in|    1|       m_axi|              gmem1|       pointer|
|m_axi_gmem1_AWADDR     |  out|   64|       m_axi|              gmem1|       pointer|
|m_axi_gmem1_AWID       |  out|    1|       m_axi|              gmem1|       pointer|
|m_axi_gmem1_AWLEN      |  out|    8|       m_axi|              gmem1|       pointer|
|m_axi_gmem1_AWSIZE     |  out|    3|       m_axi|              gmem1|       pointer|
|m_axi_gmem1_AWBURST    |  out|    2|       m_axi|              gmem1|       pointer|
|m_axi_gmem1_AWLOCK     |  out|    2|       m_axi|              gmem1|       pointer|
|m_axi_gmem1_AWCACHE    |  out|    4|       m_axi|              gmem1|       pointer|
|m_axi_gmem1_AWPROT     |  out|    3|       m_axi|              gmem1|       pointer|
|m_axi_gmem1_AWQOS      |  out|    4|       m_axi|              gmem1|       pointer|
|m_axi_gmem1_AWREGION   |  out|    4|       m_axi|              gmem1|       pointer|
|m_axi_gmem1_AWUSER     |  out|    1|       m_axi|              gmem1|       pointer|
|m_axi_gmem1_WVALID     |  out|    1|       m_axi|              gmem1|       pointer|
|m_axi_gmem1_WREADY     |   in|    1|       m_axi|              gmem1|       pointer|
|m_axi_gmem1_WDATA      |  out|  512|       m_axi|              gmem1|       pointer|
|m_axi_gmem1_WSTRB      |  out|   64|       m_axi|              gmem1|       pointer|
|m_axi_gmem1_WLAST      |  out|    1|       m_axi|              gmem1|       pointer|
|m_axi_gmem1_WID        |  out|    1|       m_axi|              gmem1|       pointer|
|m_axi_gmem1_WUSER      |  out|    1|       m_axi|              gmem1|       pointer|
|m_axi_gmem1_ARVALID    |  out|    1|       m_axi|              gmem1|       pointer|
|m_axi_gmem1_ARREADY    |   in|    1|       m_axi|              gmem1|       pointer|
|m_axi_gmem1_ARADDR     |  out|   64|       m_axi|              gmem1|       pointer|
|m_axi_gmem1_ARID       |  out|    1|       m_axi|              gmem1|       pointer|
|m_axi_gmem1_ARLEN      |  out|    8|       m_axi|              gmem1|       pointer|
|m_axi_gmem1_ARSIZE     |  out|    3|       m_axi|              gmem1|       pointer|
|m_axi_gmem1_ARBURST    |  out|    2|       m_axi|              gmem1|       pointer|
|m_axi_gmem1_ARLOCK     |  out|    2|       m_axi|              gmem1|       pointer|
|m_axi_gmem1_ARCACHE    |  out|    4|       m_axi|              gmem1|       pointer|
|m_axi_gmem1_ARPROT     |  out|    3|       m_axi|              gmem1|       pointer|
|m_axi_gmem1_ARQOS      |  out|    4|       m_axi|              gmem1|       pointer|
|m_axi_gmem1_ARREGION   |  out|    4|       m_axi|              gmem1|       pointer|
|m_axi_gmem1_ARUSER     |  out|    1|       m_axi|              gmem1|       pointer|
|m_axi_gmem1_RVALID     |   in|    1|       m_axi|              gmem1|       pointer|
|m_axi_gmem1_RREADY     |  out|    1|       m_axi|              gmem1|       pointer|
|m_axi_gmem1_RDATA      |   in|  512|       m_axi|              gmem1|       pointer|
|m_axi_gmem1_RLAST      |   in|    1|       m_axi|              gmem1|       pointer|
|m_axi_gmem1_RID        |   in|    1|       m_axi|              gmem1|       pointer|
|m_axi_gmem1_RUSER      |   in|    1|       m_axi|              gmem1|       pointer|
|m_axi_gmem1_RRESP      |   in|    2|       m_axi|              gmem1|       pointer|
|m_axi_gmem1_BVALID     |   in|    1|       m_axi|              gmem1|       pointer|
|m_axi_gmem1_BREADY     |  out|    1|       m_axi|              gmem1|       pointer|
|m_axi_gmem1_BRESP      |   in|    2|       m_axi|              gmem1|       pointer|
|m_axi_gmem1_BID        |   in|    1|       m_axi|              gmem1|       pointer|
|m_axi_gmem1_BUSER      |   in|    1|       m_axi|              gmem1|       pointer|
|m_axi_gmem2_AWVALID    |  out|    1|       m_axi|              gmem2|       pointer|
|m_axi_gmem2_AWREADY    |   in|    1|       m_axi|              gmem2|       pointer|
|m_axi_gmem2_AWADDR     |  out|   64|       m_axi|              gmem2|       pointer|
|m_axi_gmem2_AWID       |  out|    1|       m_axi|              gmem2|       pointer|
|m_axi_gmem2_AWLEN      |  out|    8|       m_axi|              gmem2|       pointer|
|m_axi_gmem2_AWSIZE     |  out|    3|       m_axi|              gmem2|       pointer|
|m_axi_gmem2_AWBURST    |  out|    2|       m_axi|              gmem2|       pointer|
|m_axi_gmem2_AWLOCK     |  out|    2|       m_axi|              gmem2|       pointer|
|m_axi_gmem2_AWCACHE    |  out|    4|       m_axi|              gmem2|       pointer|
|m_axi_gmem2_AWPROT     |  out|    3|       m_axi|              gmem2|       pointer|
|m_axi_gmem2_AWQOS      |  out|    4|       m_axi|              gmem2|       pointer|
|m_axi_gmem2_AWREGION   |  out|    4|       m_axi|              gmem2|       pointer|
|m_axi_gmem2_AWUSER     |  out|    1|       m_axi|              gmem2|       pointer|
|m_axi_gmem2_WVALID     |  out|    1|       m_axi|              gmem2|       pointer|
|m_axi_gmem2_WREADY     |   in|    1|       m_axi|              gmem2|       pointer|
|m_axi_gmem2_WDATA      |  out|   64|       m_axi|              gmem2|       pointer|
|m_axi_gmem2_WSTRB      |  out|    8|       m_axi|              gmem2|       pointer|
|m_axi_gmem2_WLAST      |  out|    1|       m_axi|              gmem2|       pointer|
|m_axi_gmem2_WID        |  out|    1|       m_axi|              gmem2|       pointer|
|m_axi_gmem2_WUSER      |  out|    1|       m_axi|              gmem2|       pointer|
|m_axi_gmem2_ARVALID    |  out|    1|       m_axi|              gmem2|       pointer|
|m_axi_gmem2_ARREADY    |   in|    1|       m_axi|              gmem2|       pointer|
|m_axi_gmem2_ARADDR     |  out|   64|       m_axi|              gmem2|       pointer|
|m_axi_gmem2_ARID       |  out|    1|       m_axi|              gmem2|       pointer|
|m_axi_gmem2_ARLEN      |  out|    8|       m_axi|              gmem2|       pointer|
|m_axi_gmem2_ARSIZE     |  out|    3|       m_axi|              gmem2|       pointer|
|m_axi_gmem2_ARBURST    |  out|    2|       m_axi|              gmem2|       pointer|
|m_axi_gmem2_ARLOCK     |  out|    2|       m_axi|              gmem2|       pointer|
|m_axi_gmem2_ARCACHE    |  out|    4|       m_axi|              gmem2|       pointer|
|m_axi_gmem2_ARPROT     |  out|    3|       m_axi|              gmem2|       pointer|
|m_axi_gmem2_ARQOS      |  out|    4|       m_axi|              gmem2|       pointer|
|m_axi_gmem2_ARREGION   |  out|    4|       m_axi|              gmem2|       pointer|
|m_axi_gmem2_ARUSER     |  out|    1|       m_axi|              gmem2|       pointer|
|m_axi_gmem2_RVALID     |   in|    1|       m_axi|              gmem2|       pointer|
|m_axi_gmem2_RREADY     |  out|    1|       m_axi|              gmem2|       pointer|
|m_axi_gmem2_RDATA      |   in|   64|       m_axi|              gmem2|       pointer|
|m_axi_gmem2_RLAST      |   in|    1|       m_axi|              gmem2|       pointer|
|m_axi_gmem2_RID        |   in|    1|       m_axi|              gmem2|       pointer|
|m_axi_gmem2_RUSER      |   in|    1|       m_axi|              gmem2|       pointer|
|m_axi_gmem2_RRESP      |   in|    2|       m_axi|              gmem2|       pointer|
|m_axi_gmem2_BVALID     |   in|    1|       m_axi|              gmem2|       pointer|
|m_axi_gmem2_BREADY     |  out|    1|       m_axi|              gmem2|       pointer|
|m_axi_gmem2_BRESP      |   in|    2|       m_axi|              gmem2|       pointer|
|m_axi_gmem2_BID        |   in|    1|       m_axi|              gmem2|       pointer|
|m_axi_gmem2_BUSER      |   in|    1|       m_axi|              gmem2|       pointer|
|m_axi_gmem3_AWVALID    |  out|    1|       m_axi|              gmem3|       pointer|
|m_axi_gmem3_AWREADY    |   in|    1|       m_axi|              gmem3|       pointer|
|m_axi_gmem3_AWADDR     |  out|   64|       m_axi|              gmem3|       pointer|
|m_axi_gmem3_AWID       |  out|    1|       m_axi|              gmem3|       pointer|
|m_axi_gmem3_AWLEN      |  out|    8|       m_axi|              gmem3|       pointer|
|m_axi_gmem3_AWSIZE     |  out|    3|       m_axi|              gmem3|       pointer|
|m_axi_gmem3_AWBURST    |  out|    2|       m_axi|              gmem3|       pointer|
|m_axi_gmem3_AWLOCK     |  out|    2|       m_axi|              gmem3|       pointer|
|m_axi_gmem3_AWCACHE    |  out|    4|       m_axi|              gmem3|       pointer|
|m_axi_gmem3_AWPROT     |  out|    3|       m_axi|              gmem3|       pointer|
|m_axi_gmem3_AWQOS      |  out|    4|       m_axi|              gmem3|       pointer|
|m_axi_gmem3_AWREGION   |  out|    4|       m_axi|              gmem3|       pointer|
|m_axi_gmem3_AWUSER     |  out|    1|       m_axi|              gmem3|       pointer|
|m_axi_gmem3_WVALID     |  out|    1|       m_axi|              gmem3|       pointer|
|m_axi_gmem3_WREADY     |   in|    1|       m_axi|              gmem3|       pointer|
|m_axi_gmem3_WDATA      |  out|   32|       m_axi|              gmem3|       pointer|
|m_axi_gmem3_WSTRB      |  out|    4|       m_axi|              gmem3|       pointer|
|m_axi_gmem3_WLAST      |  out|    1|       m_axi|              gmem3|       pointer|
|m_axi_gmem3_WID        |  out|    1|       m_axi|              gmem3|       pointer|
|m_axi_gmem3_WUSER      |  out|    1|       m_axi|              gmem3|       pointer|
|m_axi_gmem3_ARVALID    |  out|    1|       m_axi|              gmem3|       pointer|
|m_axi_gmem3_ARREADY    |   in|    1|       m_axi|              gmem3|       pointer|
|m_axi_gmem3_ARADDR     |  out|   64|       m_axi|              gmem3|       pointer|
|m_axi_gmem3_ARID       |  out|    1|       m_axi|              gmem3|       pointer|
|m_axi_gmem3_ARLEN      |  out|    8|       m_axi|              gmem3|       pointer|
|m_axi_gmem3_ARSIZE     |  out|    3|       m_axi|              gmem3|       pointer|
|m_axi_gmem3_ARBURST    |  out|    2|       m_axi|              gmem3|       pointer|
|m_axi_gmem3_ARLOCK     |  out|    2|       m_axi|              gmem3|       pointer|
|m_axi_gmem3_ARCACHE    |  out|    4|       m_axi|              gmem3|       pointer|
|m_axi_gmem3_ARPROT     |  out|    3|       m_axi|              gmem3|       pointer|
|m_axi_gmem3_ARQOS      |  out|    4|       m_axi|              gmem3|       pointer|
|m_axi_gmem3_ARREGION   |  out|    4|       m_axi|              gmem3|       pointer|
|m_axi_gmem3_ARUSER     |  out|    1|       m_axi|              gmem3|       pointer|
|m_axi_gmem3_RVALID     |   in|    1|       m_axi|              gmem3|       pointer|
|m_axi_gmem3_RREADY     |  out|    1|       m_axi|              gmem3|       pointer|
|m_axi_gmem3_RDATA      |   in|   32|       m_axi|              gmem3|       pointer|
|m_axi_gmem3_RLAST      |   in|    1|       m_axi|              gmem3|       pointer|
|m_axi_gmem3_RID        |   in|    1|       m_axi|              gmem3|       pointer|
|m_axi_gmem3_RUSER      |   in|    1|       m_axi|              gmem3|       pointer|
|m_axi_gmem3_RRESP      |   in|    2|       m_axi|              gmem3|       pointer|
|m_axi_gmem3_BVALID     |   in|    1|       m_axi|              gmem3|       pointer|
|m_axi_gmem3_BREADY     |  out|    1|       m_axi|              gmem3|       pointer|
|m_axi_gmem3_BRESP      |   in|    2|       m_axi|              gmem3|       pointer|
|m_axi_gmem3_BID        |   in|    1|       m_axi|              gmem3|       pointer|
|m_axi_gmem3_BUSER      |   in|    1|       m_axi|              gmem3|       pointer|
|m_axi_gmem4_AWVALID    |  out|    1|       m_axi|              gmem4|       pointer|
|m_axi_gmem4_AWREADY    |   in|    1|       m_axi|              gmem4|       pointer|
|m_axi_gmem4_AWADDR     |  out|   64|       m_axi|              gmem4|       pointer|
|m_axi_gmem4_AWID       |  out|    1|       m_axi|              gmem4|       pointer|
|m_axi_gmem4_AWLEN      |  out|    8|       m_axi|              gmem4|       pointer|
|m_axi_gmem4_AWSIZE     |  out|    3|       m_axi|              gmem4|       pointer|
|m_axi_gmem4_AWBURST    |  out|    2|       m_axi|              gmem4|       pointer|
|m_axi_gmem4_AWLOCK     |  out|    2|       m_axi|              gmem4|       pointer|
|m_axi_gmem4_AWCACHE    |  out|    4|       m_axi|              gmem4|       pointer|
|m_axi_gmem4_AWPROT     |  out|    3|       m_axi|              gmem4|       pointer|
|m_axi_gmem4_AWQOS      |  out|    4|       m_axi|              gmem4|       pointer|
|m_axi_gmem4_AWREGION   |  out|    4|       m_axi|              gmem4|       pointer|
|m_axi_gmem4_AWUSER     |  out|    1|       m_axi|              gmem4|       pointer|
|m_axi_gmem4_WVALID     |  out|    1|       m_axi|              gmem4|       pointer|
|m_axi_gmem4_WREADY     |   in|    1|       m_axi|              gmem4|       pointer|
|m_axi_gmem4_WDATA      |  out|  512|       m_axi|              gmem4|       pointer|
|m_axi_gmem4_WSTRB      |  out|   64|       m_axi|              gmem4|       pointer|
|m_axi_gmem4_WLAST      |  out|    1|       m_axi|              gmem4|       pointer|
|m_axi_gmem4_WID        |  out|    1|       m_axi|              gmem4|       pointer|
|m_axi_gmem4_WUSER      |  out|    1|       m_axi|              gmem4|       pointer|
|m_axi_gmem4_ARVALID    |  out|    1|       m_axi|              gmem4|       pointer|
|m_axi_gmem4_ARREADY    |   in|    1|       m_axi|              gmem4|       pointer|
|m_axi_gmem4_ARADDR     |  out|   64|       m_axi|              gmem4|       pointer|
|m_axi_gmem4_ARID       |  out|    1|       m_axi|              gmem4|       pointer|
|m_axi_gmem4_ARLEN      |  out|    8|       m_axi|              gmem4|       pointer|
|m_axi_gmem4_ARSIZE     |  out|    3|       m_axi|              gmem4|       pointer|
|m_axi_gmem4_ARBURST    |  out|    2|       m_axi|              gmem4|       pointer|
|m_axi_gmem4_ARLOCK     |  out|    2|       m_axi|              gmem4|       pointer|
|m_axi_gmem4_ARCACHE    |  out|    4|       m_axi|              gmem4|       pointer|
|m_axi_gmem4_ARPROT     |  out|    3|       m_axi|              gmem4|       pointer|
|m_axi_gmem4_ARQOS      |  out|    4|       m_axi|              gmem4|       pointer|
|m_axi_gmem4_ARREGION   |  out|    4|       m_axi|              gmem4|       pointer|
|m_axi_gmem4_ARUSER     |  out|    1|       m_axi|              gmem4|       pointer|
|m_axi_gmem4_RVALID     |   in|    1|       m_axi|              gmem4|       pointer|
|m_axi_gmem4_RREADY     |  out|    1|       m_axi|              gmem4|       pointer|
|m_axi_gmem4_RDATA      |   in|  512|       m_axi|              gmem4|       pointer|
|m_axi_gmem4_RLAST      |   in|    1|       m_axi|              gmem4|       pointer|
|m_axi_gmem4_RID        |   in|    1|       m_axi|              gmem4|       pointer|
|m_axi_gmem4_RUSER      |   in|    1|       m_axi|              gmem4|       pointer|
|m_axi_gmem4_RRESP      |   in|    2|       m_axi|              gmem4|       pointer|
|m_axi_gmem4_BVALID     |   in|    1|       m_axi|              gmem4|       pointer|
|m_axi_gmem4_BREADY     |  out|    1|       m_axi|              gmem4|       pointer|
|m_axi_gmem4_BRESP      |   in|    2|       m_axi|              gmem4|       pointer|
|m_axi_gmem4_BID        |   in|    1|       m_axi|              gmem4|       pointer|
|m_axi_gmem4_BUSER      |   in|    1|       m_axi|              gmem4|       pointer|
+-----------------------+-----+-----+------------+-------------------+--------------+

