
****** Vitis HLS - High-Level Synthesis from C, C++ and OpenCL v2020.2 (64-bit)
  **** SW Build 3064766 on Wed Nov 18 09:12:47 MST 2020
  **** IP Build 3064653 on Wed Nov 18 14:17:31 MST 2020
    ** Copyright 1986-2020 Xilinx, Inc. All Rights Reserved.

source /mnt/share/tools/Xilinx/Vitis_HLS/2020.2/scripts/vitis_hls/hls.tcl -notrace
INFO: Applying HLS Y2K22 patch v1.2 for IP revision
INFO: [HLS 200-10] Running '/mnt/share/tools/Xilinx/Vitis_HLS/2020.2/bin/unwrapped/lnx64.o/vitis_hls'
INFO: [HLS 200-10] For user 'rkk10' on host 'ensc-rla-37.engineering.sfu.ca' (Linux_x86_64 version 5.4.0-152-generic) on Fri Mar 20 11:37:10 PDT 2026
INFO: [HLS 200-10] On os Ubuntu 18.04.6 LTS
INFO: [HLS 200-10] In directory '/local-scratch/localhome/rkk10/Downloads/proj_7/proj_7/buffer'
Sourcing Tcl script 'run_hls.tcl'
INFO: [HLS 200-1510] Running: open_project likelihood_buffer.prj -reset 
INFO: [HLS 200-10] Opening and resetting project '/local-scratch/localhome/rkk10/Downloads/proj_7/proj_7/buffer/likelihood_buffer.prj'.
WARNING: [HLS 200-40] No /local-scratch/localhome/rkk10/Downloads/proj_7/proj_7/buffer/likelihood_buffer.prj/solution1/solution1.aps file found.
INFO: [HLS 200-1510] Running: set_top likelihood_kernel 
INFO: [HLS 200-1510] Running: add_files likelihood_kernel.cpp 
INFO: [HLS 200-10] Adding design file 'likelihood_kernel.cpp' to the project
INFO: [HLS 200-1510] Running: add_files likelihood_kernel.h 
INFO: [HLS 200-10] Adding design file 'likelihood_kernel.h' to the project
INFO: [HLS 200-1510] Running: add_files -tb likelihood_tb.cpp 
INFO: [HLS 200-10] Adding test bench file 'likelihood_tb.cpp' to the project
INFO: [HLS 200-1510] Running: open_solution solution1 
INFO: [HLS 200-10] Creating and opening solution '/local-scratch/localhome/rkk10/Downloads/proj_7/proj_7/buffer/likelihood_buffer.prj/solution1'.
INFO: [HLS 200-1505] Using default flow_target 'vivado'
Resolution: For help on HLS 200-1505 see www.xilinx.com/cgi-bin/docs/rdoc?v=2020.2;t=hls+guidance;d=200-1505.html
INFO: [HLS 200-1510] Running: set_part xcu50-fsvh2104-2-e 
INFO: [HLS 200-10] Setting target device to 'xcu50-fsvh2104-2-e'
INFO: [HLS 200-1510] Running: create_clock -period 3.33 
INFO: [SYN 201-201] Setting up clock 'default' with a period of 3.33ns.
INFO: [HLS 200-1510] Running: csim_design 
INFO: [SIM 211-2] *************** CSIM start ***************
INFO: [SIM 211-4] CSIM will launch GCC as the compiler.
   Compiling ../../../../likelihood_tb.cpp in debug mode
   Compiling ../../../../likelihood_kernel.cpp in debug mode
   Generating csim.exe
Kernel execution time: 0.000744232 s
likelihood[0] = -225.28
likelihood[1] = -225.28
likelihood[2] = -225.28
likelihood[3] = -225.28
likelihood[4] = -225.28
INFO: [SIM 211-1] CSim done with 0 errors.
INFO: [SIM 211-3] *************** CSIM finish ***************
INFO: [HLS 200-111] Finished Command csim_design CPU user time: 0.85 seconds. CPU system time: 0.26 seconds. Elapsed time: 0.62 seconds; current allocated memory: 151.174 MB.
INFO: [HLS 200-1510] Running: csynth_design 
INFO: [HLS 200-111] Finished File checks and directory preparation: CPU user time: 0.01 seconds. CPU system time: 0 seconds. Elapsed time: 0.01 seconds; current allocated memory: 151.394 MB.
INFO: [HLS 200-10] Analyzing design file 'likelihood_kernel.cpp' ... 
INFO: [HLS 200-111] Finished Source Code Analysis and Preprocessing: CPU user time: 0.39 seconds. CPU system time: 0.21 seconds. Elapsed time: 0.44 seconds; current allocated memory: 152.018 MB.
INFO: [HLS 200-777] Using interface defaults for 'Vivado' flow target.
INFO: [HLS 214-131] Inlining function 'load_objxy(double const*, double*, int)' into 'likelihood_kernel' (likelihood_kernel.cpp:159:2)
INFO: [HLS 214-131] Inlining function 'store_likelihood(double*, double const*, int, int)' into 'likelihood_kernel' (likelihood_kernel.cpp:176:3)
INFO: [HLS 214-131] Inlining function 'compute_likelihood(double const*, double const*, double const*, int, int, int, int, long, int const*, double*, int*, int)' into 'likelihood_kernel' (likelihood_kernel.cpp:174:3)
INFO: [HLS 214-131] Inlining function 'load_particles(double const*, double const*, double*, double*, int, int)' into 'likelihood_kernel' (likelihood_kernel.cpp:172:3)
INFO: [HLS 214-178] Inlining function 'fp_struct<double>::fp_struct(double)' into 'int generic_cast_IEEE754<int, (ap_q_mode)6, double>(double, bool, hls::enable_if<std::numeric_limits<int>::is_signed, bool>::type)' (/wrk/ci/prod/2020.2/rdi_builds/continuous/2020_11_18_3064766/src/shared/hls/clib/hlsmath/include/FloatingPoint/hls_case_IEEE754.h:12:0)
INFO: [HLS 214-178] Inlining function 'fp_struct<double>::mantissa() const' into 'int generic_cast_IEEE754<int, (ap_q_mode)6, double>(double, bool, hls::enable_if<std::numeric_limits<int>::is_signed, bool>::type)' (/wrk/ci/prod/2020.2/rdi_builds/continuous/2020_11_18_3064766/src/shared/hls/clib/hlsmath/include/FloatingPoint/hls_case_IEEE754.h:12:0)
INFO: [HLS 214-178] Inlining function 'fp_struct<double>::expv() const' into 'int generic_cast_IEEE754<int, (ap_q_mode)6, double>(double, bool, hls::enable_if<std::numeric_limits<int>::is_signed, bool>::type)' (/wrk/ci/prod/2020.2/rdi_builds/continuous/2020_11_18_3064766/src/shared/hls/clib/hlsmath/include/FloatingPoint/hls_case_IEEE754.h:12:0)
INFO: [HLS 214-178] Inlining function 'fp_struct<double>::__signbit() const' into 'int generic_cast_IEEE754<int, (ap_q_mode)6, double>(double, bool, hls::enable_if<std::numeric_limits<int>::is_signed, bool>::type)' (/wrk/ci/prod/2020.2/rdi_builds/continuous/2020_11_18_3064766/src/shared/hls/clib/hlsmath/include/FloatingPoint/hls_case_IEEE754.h:12:0)
INFO: [HLS 214-178] Inlining function 'int generic_cast_IEEE754<int, (ap_q_mode)6, double>(double, bool, hls::enable_if<std::numeric_limits<int>::is_signed, bool>::type)' into 'int generic_cast_IEEE754<int, double>(double, bool)' (/wrk/ci/prod/2020.2/rdi_builds/continuous/2020_11_18_3064766/src/shared/hls/clib/hlsmath/include/FloatingPoint/hls_case_IEEE754.h:116:0)
INFO: [HLS 214-178] Inlining function 'int generic_cast_IEEE754<int, double>(double, bool)' into '__hls_fptosi_double_i32' (/wrk/ci/prod/2020.2/rdi_builds/continuous/2020_11_18_3064766/src/shared/hls/clib/hlsmath/src/lib_floatconversion.cpp:55:0)
INFO: [HLS 214-178] Inlining function '__hls_fptosi_double_i32' into 'roundDouble(double)' (likelihood_kernel.cpp:10:0)
WARNING: [HLS 214-205] The INTERFACE pragma must have a max_widen_bitwidth setting that is both a power of 2 and in the range [0, 1024]. The current value of '0' will be ignored, in 'likelihood_kernel' (likelihood_kernel.cpp:120:0)
WARNING: [HLS 214-205] The INTERFACE pragma must have a max_widen_bitwidth setting that is both a power of 2 and in the range [0, 1024]. The current value of '0' will be ignored, in 'likelihood_kernel' (likelihood_kernel.cpp:120:0)
WARNING: [HLS 214-205] The INTERFACE pragma must have a max_widen_bitwidth setting that is both a power of 2 and in the range [0, 1024]. The current value of '0' will be ignored, in 'likelihood_kernel' (likelihood_kernel.cpp:120:0)
WARNING: [HLS 214-205] The INTERFACE pragma must have a max_widen_bitwidth setting that is both a power of 2 and in the range [0, 1024]. The current value of '0' will be ignored, in 'likelihood_kernel' (likelihood_kernel.cpp:120:0)
WARNING: [HLS 214-205] The INTERFACE pragma must have a max_widen_bitwidth setting that is both a power of 2 and in the range [0, 1024]. The current value of '0' will be ignored, in 'likelihood_kernel' (likelihood_kernel.cpp:120:0)
INFO: [HLS 214-115] Multiple burst reads of variable length and bit width 64 in loop 'loadObjxy'(likelihood_kernel.cpp:20:3) has been inferred on port 'gmem2' (likelihood_kernel.cpp:20:3)
INFO: [HLS 214-115] Multiple burst reads of variable length and bit width 64 in loop 'loadParticles'(likelihood_kernel.cpp:37:3) has been inferred on port 'gmem0' (likelihood_kernel.cpp:37:3)
INFO: [HLS 214-115] Multiple burst reads of variable length and bit width 64 in loop 'loadParticles'(likelihood_kernel.cpp:37:3) has been inferred on port 'gmem1' (likelihood_kernel.cpp:37:3)
INFO: [HLS 214-115] Multiple burst writes of variable length and bit width 64 in loop 'storeLikelihood'(likelihood_kernel.cpp:102:7) has been inferred on port 'gmem4' (likelihood_kernel.cpp:102:7)
INFO: [HLS 200-111] Finished Compiling Optimization and Transform: CPU user time: 2.01 seconds. CPU system time: 0.29 seconds. Elapsed time: 2.39 seconds; current allocated memory: 154.454 MB.
INFO: [HLS 200-111] Finished Checking Pragmas: CPU user time: 0 seconds. CPU system time: 0 seconds. Elapsed time: 0 seconds; current allocated memory: 154.456 MB.
INFO: [HLS 200-10] Starting code transformations ...
INFO: [HLS 200-111] Finished Standard Transforms: CPU user time: 0.08 seconds. CPU system time: 0.01 seconds. Elapsed time: 0.09 seconds; current allocated memory: 169.274 MB.
INFO: [HLS 200-10] Checking synthesizability ...
INFO: [XFORM 203-602] Inlining function 'roundDouble' into 'likelihood_kernel' (likelihood_kernel.cpp:70) automatically.
INFO: [HLS 200-111] Finished Checking Synthesizability: CPU user time: 0.15 seconds. CPU system time: 0.01 seconds. Elapsed time: 0.17 seconds; current allocated memory: 191.030 MB.
INFO: [XFORM 203-502] Unrolling all sub-loops inside loop 'Particle_loop' (likelihood_kernel.cpp:163) in function 'likelihood_kernel' for pipelining.
WARNING: [XFORM 203-503] Ignored partial unroll directive for loop 'loadParticles' (likelihood_kernel.cpp:37) because its parent loop or function is pipelined.
WARNING: [XFORM 203-503] Ignored partial unroll directive for loop 'computeLikelihood' (likelihood_kernel.cpp:63) because its parent loop or function is pipelined.
WARNING: [XFORM 203-503] Ignored partial unroll directive for loop 'computeIndices' (likelihood_kernel.cpp:67) because its parent loop or function is pipelined.
WARNING: [XFORM 203-503] Ignored partial unroll directive for loop 'accumuLikelihood' (likelihood_kernel.cpp:82) because its parent loop or function is pipelined.
WARNING: [XFORM 203-503] Ignored partial unroll directive for loop 'storeLikelihood' (likelihood_kernel.cpp:102) because its parent loop or function is pipelined.
WARNING: [HLS 200-936] Cannot unroll loop 'loadParticles' (likelihood_kernel.cpp:37) in function 'likelihood_kernel': cannot completely unroll a loop with a variable trip count.
Resolution: For help on HLS 200-936 see www.xilinx.com/cgi-bin/docs/rdoc?v=2020.2;t=hls+guidance;d=200-936.html
WARNING: [HLS 200-936] Cannot unroll loop 'computeLikelihood' (likelihood_kernel.cpp:63) in function 'likelihood_kernel': cannot completely unroll a loop with a variable trip count.
Resolution: For help on HLS 200-936 see www.xilinx.com/cgi-bin/docs/rdoc?v=2020.2;t=hls+guidance;d=200-936.html
WARNING: [HLS 200-936] Cannot unroll loop 'computeIndices' (likelihood_kernel.cpp:67) in function 'likelihood_kernel': cannot completely unroll a loop with a variable trip count.
Resolution: For help on HLS 200-936 see www.xilinx.com/cgi-bin/docs/rdoc?v=2020.2;t=hls+guidance;d=200-936.html
WARNING: [HLS 200-936] Cannot unroll loop 'accumuLikelihood' (likelihood_kernel.cpp:82) in function 'likelihood_kernel': cannot completely unroll a loop with a variable trip count.
Resolution: For help on HLS 200-936 see www.xilinx.com/cgi-bin/docs/rdoc?v=2020.2;t=hls+guidance;d=200-936.html
WARNING: [HLS 200-936] Cannot unroll loop 'storeLikelihood' (likelihood_kernel.cpp:102) in function 'likelihood_kernel': cannot completely unroll a loop with a variable trip count.
Resolution: For help on HLS 200-936 see www.xilinx.com/cgi-bin/docs/rdoc?v=2020.2;t=hls+guidance;d=200-936.html
INFO: [XFORM 203-602] Inlining function 'roundDouble' into 'likelihood_kernel' (likelihood_kernel.cpp:70) automatically.
INFO: [HLS 200-111] Finished Loop, function and other optimizations: CPU user time: 0.38 seconds. CPU system time: 0 seconds. Elapsed time: 0.39 seconds; current allocated memory: 235.434 MB.
WARNING: [HLS 200-960] Cannot flatten loop 'computeLikelihood' (likelihood_kernel.cpp:63:16) in function 'likelihood_kernel' more than one sub loop.
Resolution: For help on HLS 200-960 see www.xilinx.com/cgi-bin/docs/rdoc?v=2020.2;t=hls+guidance;d=200-960.html
WARNING: [HLS 200-960] Cannot flatten loop 'Particle_loop' (likelihood_kernel.cpp:163:12) in function 'likelihood_kernel' more than one sub loop.
Resolution: For help on HLS 200-960 see www.xilinx.com/cgi-bin/docs/rdoc?v=2020.2;t=hls+guidance;d=200-960.html
INFO: [HLS 200-472] Inferring partial write operation for 'buffer_objxy' (likelihood_kernel.cpp:23:18)
INFO: [HLS 200-472] Inferring partial write operation for 'buffer_X' (likelihood_kernel.cpp:40:14)
INFO: [HLS 200-472] Inferring partial write operation for 'buffer_Y' (likelihood_kernel.cpp:41:23)
INFO: [HLS 200-472] Inferring partial write operation for 'ind_buffer' 
INFO: [HLS 200-472] Inferring partial write operation for 'buffer_likelihood' (likelihood_kernel.cpp:91:31)
INFO: [HLS 200-111] Finished Architecture Synthesis: CPU user time: 0.24 seconds. CPU system time: 0 seconds. Elapsed time: 0.25 seconds; current allocated memory: 240.662 MB.
INFO: [HLS 200-10] Starting hardware synthesis ...
INFO: [HLS 200-10] Synthesizing 'likelihood_kernel' ...
INFO: [HLS 200-10] ----------------------------------------------------------------
INFO: [HLS 200-42] -- Implementing module 'likelihood_kernel' 
INFO: [HLS 200-10] ----------------------------------------------------------------
INFO: [SCHED 204-11] Starting scheduling ...
INFO: [HLS 200-486] Changing DSP48 latency (root=empty_42) to 3 in order to utilize available DSP registers.
INFO: [HLS 200-1457] Automatically inferring 1WnR RAM type for array 'buffer_objxy'. Use bind_storage pragma to overwrite if needed.
INFO: [SCHED 204-61] Pipelining loop 'loadObjxy'.
INFO: [HLS 200-1470] Pipelining result : Target II = 1, Final II = 1, Depth = 3, loop 'loadObjxy'
WARNING: [SCHED 204-65] Unable to satisfy pipeline directive for loop 'Particle_loop': contains subloop(s) that are not unrolled or flattened.
INFO: [SCHED 204-61] Pipelining loop 'loadParticles'.
INFO: [HLS 200-1470] Pipelining result : Target II = 1, Final II = 1, Depth = 3, loop 'loadParticles'
WARNING: [SCHED 204-65] Unable to satisfy pipeline directive for loop 'computeLikelihood': contains subloop(s) that are not unrolled or flattened.
INFO: [SCHED 204-61] Pipelining loop 'computeIndices'.
INFO: [HLS 200-1470] Pipelining result : Target II = 1, Final II = 1, Depth = 20, loop 'computeIndices'
INFO: [SCHED 204-61] Pipelining loop 'accumuLikelihood'.
WARNING: [HLS 200-881] Unable to enforce a carried constraint (II = 1) between 'dadd' operation ('add53_i', likelihood_kernel.cpp:88) and 'dadd' operation ('add53_i', likelihood_kernel.cpp:88).
Resolution: For help on HLS 200-881 see www.xilinx.com/cgi-bin/docs/rdoc?v=2020.2;t=hls+guidance;d=200-881.html
WARNING: [HLS 200-881] Unable to enforce a carried constraint (II = 2) between 'dadd' operation ('add53_i', likelihood_kernel.cpp:88) and 'dadd' operation ('add53_i', likelihood_kernel.cpp:88).
Resolution: For help on HLS 200-881 see www.xilinx.com/cgi-bin/docs/rdoc?v=2020.2;t=hls+guidance;d=200-881.html
WARNING: [HLS 200-881] Unable to enforce a carried constraint (II = 3) between 'dadd' operation ('add53_i', likelihood_kernel.cpp:88) and 'dadd' operation ('add53_i', likelihood_kernel.cpp:88).
Resolution: For help on HLS 200-881 see www.xilinx.com/cgi-bin/docs/rdoc?v=2020.2;t=hls+guidance;d=200-881.html
WARNING: [HLS 200-881] Unable to enforce a carried constraint (II = 4) between 'dadd' operation ('add53_i', likelihood_kernel.cpp:88) and 'dadd' operation ('add53_i', likelihood_kernel.cpp:88).
Resolution: For help on HLS 200-881 see www.xilinx.com/cgi-bin/docs/rdoc?v=2020.2;t=hls+guidance;d=200-881.html
INFO: [HLS 200-1470] Pipelining result : Target II = 1, Final II = 5, Depth = 64, loop 'accumuLikelihood'
INFO: [SCHED 204-61] Pipelining loop 'storeLikelihood'.
INFO: [HLS 200-1470] Pipelining result : Target II = 1, Final II = 1, Depth = 3, loop 'storeLikelihood'
WARNING: [HLS 200-871] Estimated clock period (3.946ns) exceeds the target (target clock period: 3.33ns, clock uncertainty: 0.8991ns, effective delay budget: 2.4309ns).
Resolution: For help on HLS 200-871 see www.xilinx.com/cgi-bin/docs/rdoc?v=2020.2;t=hls+guidance;d=200-871.html
WARNING: [HLS 200-1016] The critical path in module 'likelihood_kernel' consists of the following:	'dadd' operation ('add53_i', likelihood_kernel.cpp:88) [345]  (1.97 ns)
	'phi' operation ('empty_43', likelihood_kernel.cpp:88) with incoming values : ('add53_i', likelihood_kernel.cpp:88) [315]  (0 ns)
	'dadd' operation ('add53_i', likelihood_kernel.cpp:88) [345]  (1.97 ns)

Resolution: For help on HLS 200-1016 see www.xilinx.com/cgi-bin/docs/rdoc?v=2020.2;t=hls+guidance;d=200-1016.html
INFO: [SCHED 204-11] Finished scheduling.
INFO: [HLS 200-111] Finished Scheduling: CPU user time: 0.26 seconds. CPU system time: 0.01 seconds. Elapsed time: 0.26 seconds; current allocated memory: 242.271 MB.
INFO: [BIND 205-100] Starting micro-architecture generation ...
INFO: [BIND 205-101] Performing variable lifetime analysis.
INFO: [BIND 205-101] Exploring resource sharing.
INFO: [BIND 205-101] Binding ...
INFO: [BIND 205-100] Finished micro-architecture generation.
INFO: [HLS 200-111] Finished Binding: CPU user time: 0.44 seconds. CPU system time: 0 seconds. Elapsed time: 0.44 seconds; current allocated memory: 244.147 MB.
INFO: [HLS 200-10] ----------------------------------------------------------------
INFO: [HLS 200-10] -- Generating RTL for module 'likelihood_kernel' 
INFO: [HLS 200-10] ----------------------------------------------------------------
WARNING: [RTGEN 206-101] Design contains AXI ports. Reset is fixed to synchronous and active low.
INFO: [RTGEN 206-500] Setting interface mode on port 'likelihood_kernel/gmem0' to 'm_axi'.
INFO: [RTGEN 206-500] Setting interface mode on port 'likelihood_kernel/gmem1' to 'm_axi'.
INFO: [RTGEN 206-500] Setting interface mode on port 'likelihood_kernel/gmem2' to 'm_axi'.
INFO: [RTGEN 206-500] Setting interface mode on port 'likelihood_kernel/gmem3' to 'm_axi'.
INFO: [RTGEN 206-500] Setting interface mode on port 'likelihood_kernel/gmem4' to 'm_axi'.
INFO: [RTGEN 206-500] Setting interface mode on port 'likelihood_kernel/Nparticles' to 's_axilite & ap_none'.
INFO: [RTGEN 206-500] Setting interface mode on port 'likelihood_kernel/countOnes' to 's_axilite & ap_none'.
INFO: [RTGEN 206-500] Setting interface mode on port 'likelihood_kernel/IszY' to 's_axilite & ap_none'.
INFO: [RTGEN 206-500] Setting interface mode on port 'likelihood_kernel/Nfr' to 's_axilite & ap_none'.
INFO: [RTGEN 206-500] Setting interface mode on port 'likelihood_kernel/k' to 's_axilite & ap_none'.
INFO: [RTGEN 206-500] Setting interface mode on port 'likelihood_kernel/max_size' to 's_axilite & ap_none'.
INFO: [RTGEN 206-500] Setting interface mode on port 'likelihood_kernel/arrayX' to 's_axilite & ap_none'.
INFO: [RTGEN 206-500] Setting interface mode on port 'likelihood_kernel/arrayY' to 's_axilite & ap_none'.
INFO: [RTGEN 206-500] Setting interface mode on port 'likelihood_kernel/objxy' to 's_axilite & ap_none'.
INFO: [RTGEN 206-500] Setting interface mode on port 'likelihood_kernel/I' to 's_axilite & ap_none'.
INFO: [RTGEN 206-500] Setting interface mode on port 'likelihood_kernel/likelihood' to 's_axilite & ap_none'.
INFO: [RTGEN 206-500] Setting interface mode on function 'likelihood_kernel' to 's_axilite & ap_ctrl_hs'.
INFO: [RTGEN 206-100] Bundling port 'Nparticles', 'countOnes', 'IszY', 'Nfr', 'k', 'max_size', 'arrayX', 'arrayY', 'objxy', 'I', 'likelihood' and 'return' to AXI-Lite port control.
INFO: [RTGEN 206-100] Generating core module 'dadd_64ns_64ns_64_6_no_dsp_1': 1 instance(s).
INFO: [RTGEN 206-100] Generating core module 'dadd_64ns_64ns_64_8_full_dsp_1': 1 instance(s).
INFO: [RTGEN 206-100] Generating core module 'dadddsub_64ns_64ns_64_8_full_dsp_1': 1 instance(s).
INFO: [RTGEN 206-100] Generating core module 'ddiv_64ns_64ns_64_31_no_dsp_1': 1 instance(s).
INFO: [RTGEN 206-100] Generating core module 'mul_32s_32s_32_2_1': 4 instance(s).
INFO: [RTGEN 206-100] Generating core module 'mul_mul_7ns_16s_16_4_1': 1 instance(s).
INFO: [RTGEN 206-100] Generating core module 'sitodp_32ns_64_5_no_dsp_1': 1 instance(s).
INFO: [RTGEN 206-100] Finished creating RTL model for 'likelihood_kernel'.
INFO: [HLS 200-111] Finished Creating RTL model: CPU user time: 0.38 seconds. CPU system time: 0 seconds. Elapsed time: 0.38 seconds; current allocated memory: 249.071 MB.
INFO: [RTMG 210-282] Generating pipelined core: 'likelihood_kernel_mul_32s_32s_32_2_1_Multiplier_0'
INFO: [RTMG 210-278] Implementing memory 'likelihood_kernel_buffer_likelihood_ram (RAM)' using auto RAMs.
INFO: [RTMG 210-278] Implementing memory 'likelihood_kernel_buffer_objxy_ram (RAM_1WnR)' using auto RAMs.
INFO: [RTMG 210-278] Implementing memory 'likelihood_kernel_ind_buffer_ram (RAM)' using auto RAMs.
INFO: [HLS 200-111] Finished Generating all RTL models: CPU user time: 2.35 seconds. CPU system time: 0.05 seconds. Elapsed time: 2.42 seconds; current allocated memory: 266.297 MB.
INFO: [VHDL 208-304] Generating VHDL RTL for likelihood_kernel.
INFO: [VLOG 209-307] Generating Verilog RTL for likelihood_kernel.
INFO: [HLS 200-1603] Design has MAXI bursts and missed bursts, see Vitis HLS GUI synthesis summary report for detailed information.
INFO: [HLS 200-790] **** Loop Constraint Status: All loop constraints were NOT satisfied.
INFO: [HLS 200-789] **** Estimated Fmax: 253.42 MHz
INFO: [HLS 200-111] Finished Command csynth_design CPU user time: 6.94 seconds. CPU system time: 0.59 seconds. Elapsed time: 7.49 seconds; current allocated memory: 267.726 MB.
INFO: [HLS 200-112] Total CPU user time: 8.64 seconds. Total CPU system time: 1.25 seconds. Total elapsed time: 9 seconds; peak allocated memory: 266.297 MB.
INFO: [Common 17-206] Exiting vitis_hls at Fri Mar 20 11:37:19 2026...
