

================================================================
== Vitis HLS Report for 'likelihood_kernel'
================================================================
* Date:           Fri Mar 20 11:37:16 2026

* Version:        2020.2 (Build 3064766 on Wed Nov 18 09:12:47 MST 2020)
* Project:        likelihood_buffer.prj
* Solution:       solution1 (Vivado IP Flow Target)
* Product family: virtexuplus
* Target device:  xcu50-fsvh2104-2-e


================================================================
== Performance Estimates
================================================================
+ Timing: 
    * Summary: 
    +--------+---------+----------+------------+
    |  Clock |  Target | Estimated| Uncertainty|
    +--------+---------+----------+------------+
    |ap_clk  |  3.33 ns|  3.946 ns|     0.90 ns|
    +--------+---------+----------+------------+

+ Latency: 
    * Summary: 
    +---------+---------+----------+-----------+-----+---------+---------+
    |  Latency (cycles) |  Latency (absolute)  |    Interval   | Pipeline|
    |   min   |   max   |    min   |    max    | min |   max   |   Type  |
    +---------+---------+----------+-----------+-----+---------+---------+
    |       66|  5059235|  0.260 us|  19.964 ms|   67|  5059236|     none|
    +---------+---------+----------+-----------+-----+---------+---------+

    + Detail: 
        * Instance: 
        N/A

        * Loop: 
        +-----------------------+---------+---------+------------+-----------+-----------+------+----------+
        |                       |  Latency (cycles) |  Iteration |  Initiation Interval  | Trip |          |
        |       Loop Name       |   min   |   max   |   Latency  |  achieved |   target  | Count| Pipelined|
        +-----------------------+---------+---------+------------+-----------+-----------+------+----------+
        |- loadObjxy            |      801|      801|           3|          1|          1|   800|       yes|
        |- Particle_loop        |       60|  5058420|  3 ~ 252921|          -|          -|    20|        no|
        | + loadParticles       |      101|      101|           3|          1|          1|   100|       yes|
        | + computeLikelihood   |     3600|   252700|   36 ~ 2527|          -|          -|   100|        no|
        |  ++ computeIndices    |      418|      418|          20|          1|          1|   400|       yes|
        |  ++ accumuLikelihood  |     2058|     2058|          64|          5|          1|   400|       yes|
        | + storeLikelihood     |      101|      101|           3|          1|          1|   100|       yes|
        +-----------------------+---------+---------+------------+-----------+-----------+------+----------+



================================================================
== Utilization Estimates
================================================================
* Summary: 
+---------------------+---------+------+---------+--------+-----+
|         Name        | BRAM_18K|  DSP |    FF   |   LUT  | URAM|
+---------------------+---------+------+---------+--------+-----+
|DSP                  |        -|     1|        -|       -|    -|
|Expression           |        -|     -|        0|    5626|    -|
|FIFO                 |        -|     -|        -|       -|    -|
|Instance             |       18|     6|     5994|    6876|    -|
|Memory               |       26|     -|        0|       0|    -|
|Multiplexer          |        -|     -|        -|     924|    -|
|Register             |        -|     -|     3769|     128|    -|
+---------------------+---------+------+---------+--------+-----+
|Total                |       44|     7|     9763|   13554|    0|
+---------------------+---------+------+---------+--------+-----+
|Available SLR        |     1344|  2976|   871680|  435840|  320|
+---------------------+---------+------+---------+--------+-----+
|Utilization SLR (%)  |        3|    ~0|        1|       3|    0|
+---------------------+---------+------+---------+--------+-----+
|Available            |     2688|  5952|  1743360|  871680|  640|
+---------------------+---------+------+---------+--------+-----+
|Utilization (%)      |        1|    ~0|       ~0|       1|    0|
+---------------------+---------+------+---------+--------+-----+

+ Detail: 
    * Instance: 
    +---------------------------------------+------------------------------------+---------+----+-----+------+-----+
    |                Instance               |               Module               | BRAM_18K| DSP|  FF |  LUT | URAM|
    +---------------------------------------+------------------------------------+---------+----+-----+------+-----+
    |control_s_axi_U                        |control_s_axi                       |        0|   0|  646|  1128|    0|
    |dadd_64ns_64ns_64_6_no_dsp_1_U3        |dadd_64ns_64ns_64_6_no_dsp_1        |        0|   0|  542|   638|    0|
    |dadd_64ns_64ns_64_8_full_dsp_1_U2      |dadd_64ns_64ns_64_8_full_dsp_1      |        0|   3|  685|   635|    0|
    |dadddsub_64ns_64ns_64_8_full_dsp_1_U1  |dadddsub_64ns_64ns_64_8_full_dsp_1  |        0|   3|  685|   635|    0|
    |ddiv_64ns_64ns_64_31_no_dsp_1_U4       |ddiv_64ns_64ns_64_31_no_dsp_1       |        0|   0|    0|     0|    0|
    |gmem0_m_axi_U                          |gmem0_m_axi                         |        4|   0|  566|   766|    0|
    |gmem1_m_axi_U                          |gmem1_m_axi                         |        4|   0|  566|   766|    0|
    |gmem2_m_axi_U                          |gmem2_m_axi                         |        4|   0|  566|   766|    0|
    |gmem3_m_axi_U                          |gmem3_m_axi                         |        2|   0|  512|   580|    0|
    |gmem4_m_axi_U                          |gmem4_m_axi                         |        4|   0|  566|   766|    0|
    |mul_32s_32s_32_2_1_U6                  |mul_32s_32s_32_2_1                  |        0|   0|  165|    49|    0|
    |mul_32s_32s_32_2_1_U7                  |mul_32s_32s_32_2_1                  |        0|   0|  165|    49|    0|
    |mul_32s_32s_32_2_1_U8                  |mul_32s_32s_32_2_1                  |        0|   0|  165|    49|    0|
    |mul_32s_32s_32_2_1_U9                  |mul_32s_32s_32_2_1                  |        0|   0|  165|    49|    0|
    |sitodp_32ns_64_5_no_dsp_1_U5           |sitodp_32ns_64_5_no_dsp_1           |        0|   0|    0|     0|    0|
    +---------------------------------------+------------------------------------+---------+----+-----+------+-----+
    |Total                                  |                                    |       18|   6| 5994|  6876|    0|
    +---------------------------------------+------------------------------------+---------+----+-----+------+-----+

    * DSP: 
    +----------------------------+------------------------+-----------+
    |          Instance          |         Module         | Expression|
    +----------------------------+------------------------+-----------+
    |mul_mul_7ns_16s_16_4_1_U10  |mul_mul_7ns_16s_16_4_1  |    i0 * i1|
    +----------------------------+------------------------+-----------+

    * Memory: 
    +---------------------+-------------------+---------+---+----+-----+-------+-----+------+-------------+
    |        Memory       |       Module      | BRAM_18K| FF| LUT| URAM| Words | Bits| Banks| W*Bits*Banks|
    +---------------------+-------------------+---------+---+----+-----+-------+-----+------+-------------+
    |buffer_likelihood_U  |buffer_likelihood  |        2|  0|   0|    0|    100|   64|     1|         6400|
    |buffer_X_U           |buffer_likelihood  |        2|  0|   0|    0|    100|   64|     1|         6400|
    |buffer_Y_U           |buffer_likelihood  |        2|  0|   0|    0|    100|   64|     1|         6400|
    |buffer_objxy_U       |buffer_objxy       |        4|  0|   0|    0|    800|   64|     1|        51200|
    |ind_buffer_U         |ind_buffer         |       16|  0|   0|    0|  40000|   32|     1|      1280000|
    +---------------------+-------------------+---------+---+----+-----+-------+-----+------+-------------+
    |Total                |                   |       26|  0|   0|    0|  41100|  288|     5|      1350400|
    +---------------------+-------------------+---------+---+----+-----+-------+-----+------+-------------+

    * FIFO: 
    N/A

    * Expression: 
    +-----------------------------------+----------+----+---+-----+------------+------------+
    |           Variable Name           | Operation| DSP| FF| LUT | Bitwidth P0| Bitwidth P1|
    +-----------------------------------+----------+----+---+-----+------------+------------+
    |a_fu_1599_p2                       |         +|   0|  0|   39|          32|           8|
    |add_ln102_fu_1632_p2               |         +|   0|  0|   14|           7|           1|
    |add_ln163_fu_701_p2                |         +|   0|  0|   71|          64|          10|
    |add_ln168_1_fu_723_p2              |         +|   0|  0|   71|          64|          64|
    |add_ln168_2_fu_728_p2              |         +|   0|  0|   71|          64|          64|
    |add_ln168_3_fu_712_p2              |         +|   0|  0|   71|          64|           7|
    |add_ln168_fu_718_p2                |         +|   0|  0|   71|          64|          64|
    |add_ln20_fu_666_p2                 |         +|   0|  0|   17|          10|           1|
    |add_ln37_fu_800_p2                 |         +|   0|  0|   14|           7|           1|
    |add_ln510_1_fu_1033_p2             |         +|   0|  0|   19|          12|          11|
    |add_ln510_2_fu_1225_p2             |         +|   0|  0|   19|          12|          11|
    |add_ln510_3_fu_1351_p2             |         +|   0|  0|   19|          12|          11|
    |add_ln510_fu_907_p2                |         +|   0|  0|   19|          12|          11|
    |add_ln63_fu_829_p2                 |         +|   0|  0|   14|           7|           1|
    |add_ln67_fu_1137_p2                |         +|   0|  0|   38|          31|           1|
    |add_ln73_1_fu_1485_p2              |         +|   0|  0|   39|          32|          32|
    |add_ln73_2_fu_1184_p2              |         +|   0|  0|   23|          16|          16|
    |add_ln73_3_fu_1472_p2              |         +|   0|  0|   32|          32|          32|
    |add_ln73_fu_1476_p2                |         +|   0|  0|   32|          32|          32|
    |add_ln82_fu_1593_p2                |         +|   0|  0|   38|          31|           1|
    |add_ln85_fu_1546_p2                |         +|   0|  0|   23|          16|          16|
    |add_ln86_fu_1568_p2                |         +|   0|  0|   71|          64|          64|
    |b_fu_1604_p2                       |         +|   0|  0|   39|          32|           9|
    |indX_fu_1452_p2                    |         +|   0|  0|   39|          32|          32|
    |neg_fu_1489_p2                     |         -|   0|  0|   39|           1|          32|
    |result_V_10_fu_1457_p2             |         -|   0|  0|   39|           1|          32|
    |result_V_2_fu_1115_p2              |         -|   0|  0|   39|           1|          32|
    |result_V_5_fu_1126_p2              |         -|   0|  0|   39|           1|          32|
    |result_V_9_fu_1440_p2              |         -|   0|  0|   39|           1|          32|
    |sub_ln1311_1_fu_1047_p2            |         -|   0|  0|   18|          10|          11|
    |sub_ln1311_2_fu_1239_p2            |         -|   0|  0|   18|          10|          11|
    |sub_ln1311_3_fu_1365_p2            |         -|   0|  0|   18|          10|          11|
    |sub_ln1311_fu_921_p2               |         -|   0|  0|   18|          10|          11|
    |sub_ln168_fu_742_p2                |         -|   0|  0|   39|          32|          32|
    |ap_block_pp0_stage0_11001          |       and|   0|  0|    2|           1|           1|
    |ap_block_pp1_stage0_11001          |       and|   0|  0|    2|           1|           1|
    |ap_block_pp3_stage2_11001          |       and|   0|  0|    2|           1|           1|
    |ap_block_pp3_stage4_00001          |       and|   0|  0|    2|           1|           1|
    |ap_block_pp4_stage0_11001          |       and|   0|  0|    2|           1|           1|
    |ap_block_state10_pp0_stage0_iter1  |       and|   0|  0|    2|           1|           1|
    |ap_block_state166_io               |       and|   0|  0|    2|           1|           1|
    |ap_block_state171                  |       and|   0|  0|    2|           1|           1|
    |ap_block_state68_io                |       and|   0|  0|    2|           1|           1|
    |ap_block_state75_pp3_stage4_iter1  |       and|   0|  0|    2|           1|           1|
    |abscond_fu_1494_p2                 |      icmp|   0|  0|   20|          32|           1|
    |cmp1_i42_fu_690_p2                 |      icmp|   0|  0|   20|          32|           1|
    |icmp_ln102_fu_1642_p2              |      icmp|   0|  0|   19|          31|          31|
    |icmp_ln163_fu_707_p2               |      icmp|   0|  0|   29|          64|          64|
    |icmp_ln168_fu_733_p2               |      icmp|   0|  0|   29|          64|          64|
    |icmp_ln20_1_fu_676_p2              |      icmp|   0|  0|   19|          31|          31|
    |icmp_ln20_fu_633_p2                |      icmp|   0|  0|   20|          32|           1|
    |icmp_ln37_1_fu_810_p2              |      icmp|   0|  0|   19|          31|          31|
    |icmp_ln37_fu_753_p2                |      icmp|   0|  0|   20|          32|           1|
    |icmp_ln63_fu_839_p2                |      icmp|   0|  0|   19|          31|          31|
    |icmp_ln67_fu_1147_p2               |      icmp|   0|  0|   20|          32|          32|
    |icmp_ln75_fu_1510_p2               |      icmp|   0|  0|   29|          64|          64|
    |icmp_ln82_fu_1537_p2               |      icmp|   0|  0|   20|          32|          32|
    |r_V_2_fu_1073_p2                   |      lshr|   0|  0|  460|         137|         137|
    |r_V_4_fu_1265_p2                   |      lshr|   0|  0|  460|         137|         137|
    |r_V_6_fu_1391_p2                   |      lshr|   0|  0|  460|         137|         137|
    |r_V_fu_947_p2                      |      lshr|   0|  0|  460|         137|         137|
    |ap_block_state19_io                |        or|   0|  0|    2|           1|           1|
    |ap_block_state27_pp1_stage0_iter1  |        or|   0|  0|    2|           1|           1|
    |or_ln70_fu_1173_p2                 |        or|   0|  0|   10|          10|           1|
    |abs_fu_1499_p3                     |    select|   0|  0|   32|           1|          32|
    |result_V_12_fu_1120_p3             |    select|   0|  0|   32|           1|          32|
    |result_V_13_fu_1131_p3             |    select|   0|  0|   32|           1|          32|
    |result_V_14_fu_1445_p3             |    select|   0|  0|   32|           1|          32|
    |result_V_fu_1462_p3                |    select|   0|  0|   32|           1|          32|
    |select_ln75_fu_1521_p3             |    select|   0|  0|   32|           1|           1|
    |tileSize_fu_747_p3                 |    select|   0|  0|   32|           1|          32|
    |ush_1_fu_1057_p3                   |    select|   0|  0|   12|           1|          12|
    |ush_2_fu_1249_p3                   |    select|   0|  0|   12|           1|          12|
    |ush_3_fu_1375_p3                   |    select|   0|  0|   12|           1|          12|
    |ush_fu_931_p3                      |    select|   0|  0|   12|           1|          12|
    |val_1_fu_1107_p3                   |    select|   0|  0|   32|           1|          32|
    |val_2_fu_1299_p3                   |    select|   0|  0|   32|           1|          32|
    |val_3_fu_1425_p3                   |    select|   0|  0|   32|           1|          32|
    |val_fu_981_p3                      |    select|   0|  0|   32|           1|          32|
    |r_V_1_fu_953_p2                    |       shl|   0|  0|  460|         137|         137|
    |r_V_3_fu_1079_p2                   |       shl|   0|  0|  460|         137|         137|
    |r_V_5_fu_1271_p2                   |       shl|   0|  0|  460|         137|         137|
    |r_V_7_fu_1397_p2                   |       shl|   0|  0|  460|         137|         137|
    |ap_enable_pp0                      |       xor|   0|  0|    2|           1|           2|
    |ap_enable_pp1                      |       xor|   0|  0|    2|           1|           2|
    |ap_enable_pp2                      |       xor|   0|  0|    2|           1|           2|
    |ap_enable_pp3                      |       xor|   0|  0|    2|           1|           2|
    |ap_enable_pp4                      |       xor|   0|  0|    2|           1|           2|
    |ap_enable_reg_pp0_iter1            |       xor|   0|  0|    2|           2|           1|
    |ap_enable_reg_pp1_iter1            |       xor|   0|  0|    2|           2|           1|
    |ap_enable_reg_pp2_iter1            |       xor|   0|  0|    2|           2|           1|
    |ap_enable_reg_pp4_iter1            |       xor|   0|  0|    2|           2|           1|
    |xor_ln75_fu_1515_p2                |       xor|   0|  0|    2|           1|           2|
    +-----------------------------------+----------+----+---+-----+------------+------------+
    |Total                              |          |   0|  0| 5626|        2481|        2614|
    +-----------------------------------+----------+----+---+-----+------------+------------+

    * Multiplexer: 
    +-----------------------------------+-----+-----------+-----+-----------+
    |                Name               | LUT | Input Size| Bits| Total Bits|
    +-----------------------------------+-----+-----------+-----+-----------+
    |ap_NS_fsm                          |  429|         88|    1|         88|
    |ap_enable_reg_pp0_iter1            |    9|          2|    1|          2|
    |ap_enable_reg_pp0_iter2            |    9|          2|    1|          2|
    |ap_enable_reg_pp1_iter1            |    9|          2|    1|          2|
    |ap_enable_reg_pp1_iter2            |    9|          2|    1|          2|
    |ap_enable_reg_pp2_iter1            |    9|          2|    1|          2|
    |ap_enable_reg_pp2_iter19           |    9|          2|    1|          2|
    |ap_enable_reg_pp3_iter12           |    9|          2|    1|          2|
    |ap_enable_reg_pp3_iter7            |    9|          2|    1|          2|
    |ap_enable_reg_pp4_iter1            |    9|          2|    1|          2|
    |ap_enable_reg_pp4_iter2            |    9|          2|    1|          2|
    |ap_phi_mux_empty_43_phi_fu_553_p4  |    9|          2|   64|        128|
    |ap_phi_mux_i_phi_fu_472_p4         |    9|          2|   10|         20|
    |ap_phi_mux_x_phi_fu_506_p4         |    9|          2|    7|         14|
    |ap_phi_mux_y_1_phi_fu_541_p4       |    9|          2|   31|         62|
    |base_reg_480                       |    9|          2|   64|        128|
    |buffer_X_address0                  |   14|          3|    7|         21|
    |buffer_Y_address0                  |   14|          3|    7|         21|
    |buffer_likelihood_address0         |   14|          3|    7|         21|
    |buffer_objxy_address0              |   14|          3|   10|         30|
    |empty_43_reg_549                   |    9|          2|   64|        128|
    |empty_44_reg_561                   |    9|          2|   64|        128|
    |gmem0_blk_n_AR                     |    9|          2|    1|          2|
    |gmem0_blk_n_R                      |    9|          2|    1|          2|
    |gmem1_blk_n_AR                     |    9|          2|    1|          2|
    |gmem1_blk_n_R                      |    9|          2|    1|          2|
    |gmem2_blk_n_AR                     |    9|          2|    1|          2|
    |gmem2_blk_n_R                      |    9|          2|    1|          2|
    |gmem3_blk_n_AR                     |    9|          2|    1|          2|
    |gmem3_blk_n_R                      |    9|          2|    1|          2|
    |gmem4_blk_n_AW                     |    9|          2|    1|          2|
    |gmem4_blk_n_B                      |    9|          2|    1|          2|
    |gmem4_blk_n_W                      |    9|          2|    1|          2|
    |grp_fu_585_opcode                  |   14|          3|    2|          6|
    |grp_fu_585_p0                      |   20|          4|   64|        256|
    |grp_fu_585_p1                      |   14|          3|   64|        192|
    |grp_fu_590_p0                      |   14|          3|   64|        192|
    |grp_fu_600_p0                      |   14|          3|   64|        192|
    |grp_fu_600_p1                      |   14|          3|   64|        192|
    |grp_fu_606_p0                      |   20|          4|   32|        128|
    |i_reg_468                          |    9|          2|   10|         20|
    |ind_buffer_address0                |   14|          3|   16|         48|
    |phi_mul_reg_491                    |    9|          2|   64|        128|
    |x_1_reg_514                        |    9|          2|    7|         14|
    |x_2_reg_574                        |    9|          2|    7|         14|
    |x_reg_502                          |    9|          2|    7|         14|
    |y_1_reg_537                        |    9|          2|   31|         62|
    |y_reg_526                          |    9|          2|   31|         62|
    +-----------------------------------+-----+-----------+-----+-----------+
    |Total                              |  924|        196|  884|       2351|
    +-----------------------------------+-----+-----------+-----+-----------+

    * Register: 
    +------------------------------------+----+----+-----+-----------+
    |                Name                | FF | LUT| Bits| Const Bits|
    +------------------------------------+----+----+-----+-----------+
    |I_read_reg_1662                     |  64|   0|   64|          0|
    |IszY_read_reg_1692                  |  32|   0|   32|          0|
    |Nfr_read_reg_1687                   |  32|   0|   32|          0|
    |Nparticles_read_reg_1706            |  32|   0|   32|          0|
    |a_reg_2074                          |  32|   0|   32|          0|
    |add_ln163_reg_1776                  |  64|   0|   64|          0|
    |add_ln168_1_reg_1794                |  64|   0|   64|          0|
    |add_ln168_2_reg_1799                |  64|   0|   64|          0|
    |add_ln168_3_reg_1784                |  64|   0|   64|          0|
    |add_ln168_reg_1789                  |  64|   0|   64|          0|
    |add_ln20_reg_1742                   |  10|   0|   10|          0|
    |add_ln37_reg_1855                   |   7|   0|    7|          0|
    |add_ln63_reg_1874                   |   7|   0|    7|          0|
    |add_ln73_1_reg_2036                 |  32|   0|   32|          0|
    |add_ln73_2_reg_1974                 |  16|   0|   16|          0|
    |add_ln73_reg_2026                   |  32|   0|   32|          0|
    |add_ln82_reg_2063                   |  31|   0|   31|          0|
    |ap_CS_fsm                           |  87|   0|   87|          0|
    |ap_enable_reg_pp0_iter0             |   1|   0|    1|          0|
    |ap_enable_reg_pp0_iter1             |   1|   0|    1|          0|
    |ap_enable_reg_pp0_iter2             |   1|   0|    1|          0|
    |ap_enable_reg_pp1_iter0             |   1|   0|    1|          0|
    |ap_enable_reg_pp1_iter1             |   1|   0|    1|          0|
    |ap_enable_reg_pp1_iter2             |   1|   0|    1|          0|
    |ap_enable_reg_pp2_iter0             |   1|   0|    1|          0|
    |ap_enable_reg_pp2_iter1             |   1|   0|    1|          0|
    |ap_enable_reg_pp2_iter10            |   1|   0|    1|          0|
    |ap_enable_reg_pp2_iter11            |   1|   0|    1|          0|
    |ap_enable_reg_pp2_iter12            |   1|   0|    1|          0|
    |ap_enable_reg_pp2_iter13            |   1|   0|    1|          0|
    |ap_enable_reg_pp2_iter14            |   1|   0|    1|          0|
    |ap_enable_reg_pp2_iter15            |   1|   0|    1|          0|
    |ap_enable_reg_pp2_iter16            |   1|   0|    1|          0|
    |ap_enable_reg_pp2_iter17            |   1|   0|    1|          0|
    |ap_enable_reg_pp2_iter18            |   1|   0|    1|          0|
    |ap_enable_reg_pp2_iter19            |   1|   0|    1|          0|
    |ap_enable_reg_pp2_iter2             |   1|   0|    1|          0|
    |ap_enable_reg_pp2_iter3             |   1|   0|    1|          0|
    |ap_enable_reg_pp2_iter4             |   1|   0|    1|          0|
    |ap_enable_reg_pp2_iter5             |   1|   0|    1|          0|
    |ap_enable_reg_pp2_iter6             |   1|   0|    1|          0|
    |ap_enable_reg_pp2_iter7             |   1|   0|    1|          0|
    |ap_enable_reg_pp2_iter8             |   1|   0|    1|          0|
    |ap_enable_reg_pp2_iter9             |   1|   0|    1|          0|
    |ap_enable_reg_pp3_iter0             |   1|   0|    1|          0|
    |ap_enable_reg_pp3_iter1             |   1|   0|    1|          0|
    |ap_enable_reg_pp3_iter10            |   1|   0|    1|          0|
    |ap_enable_reg_pp3_iter11            |   1|   0|    1|          0|
    |ap_enable_reg_pp3_iter12            |   1|   0|    1|          0|
    |ap_enable_reg_pp3_iter2             |   1|   0|    1|          0|
    |ap_enable_reg_pp3_iter3             |   1|   0|    1|          0|
    |ap_enable_reg_pp3_iter4             |   1|   0|    1|          0|
    |ap_enable_reg_pp3_iter5             |   1|   0|    1|          0|
    |ap_enable_reg_pp3_iter6             |   1|   0|    1|          0|
    |ap_enable_reg_pp3_iter7             |   1|   0|    1|          0|
    |ap_enable_reg_pp3_iter8             |   1|   0|    1|          0|
    |ap_enable_reg_pp3_iter9             |   1|   0|    1|          0|
    |ap_enable_reg_pp4_iter0             |   1|   0|    1|          0|
    |ap_enable_reg_pp4_iter1             |   1|   0|    1|          0|
    |ap_enable_reg_pp4_iter2             |   1|   0|    1|          0|
    |arrayX_read_reg_1672                |  64|   0|   64|          0|
    |arrayY_read_reg_1667                |  64|   0|   64|          0|
    |b_reg_2080                          |  32|   0|   32|          0|
    |base_reg_480                        |  64|   0|   64|          0|
    |buffer_X_load_reg_1913              |  64|   0|   64|          0|
    |buffer_Y_load_reg_1918              |  64|   0|   64|          0|
    |buffer_likelihood_load_reg_2131     |  64|   0|   64|          0|
    |buffer_objxy_load_1_reg_1984        |  64|   0|   64|          0|
    |buffer_objxy_load_reg_1979          |  64|   0|   64|          0|
    |cmp1_i42_reg_1761                   |   1|   0|    1|          0|
    |conv47_i_reg_2096                   |  64|   0|   64|          0|
    |conv49_i_reg_2101                   |  64|   0|   64|          0|
    |conv57_i_reg_1756                   |  64|   0|   64|          0|
    |countOnes_read_reg_1697             |  32|   0|   32|          0|
    |data_V_2_reg_1989                   |  64|   0|   64|          0|
    |empty_37_reg_1717                   |  31|   0|   32|          1|
    |empty_39_reg_1765                   |  16|   0|   16|          0|
    |empty_42_reg_1907                   |  16|   0|   16|          0|
    |empty_43_reg_549                    |  64|   0|   64|          0|
    |empty_44_reg_561                    |  64|   0|   64|          0|
    |empty_reg_1712                      |  30|   0|   30|          0|
    |gmem0_addr_read_reg_1864            |  64|   0|   64|          0|
    |gmem1_addr_read_reg_1869            |  64|   0|   64|          0|
    |gmem2_addr_read_reg_1751            |  64|   0|   64|          0|
    |gmem3_addr_read_reg_2068            |  32|   0|   32|          0|
    |gmem3_addr_reg_2057                 |  64|   0|   64|          0|
    |i_reg_468                           |  10|   0|   10|          0|
    |i_reg_468_pp0_iter1_reg             |  10|   0|   10|          0|
    |icmp_ln102_reg_2122                 |   1|   0|    1|          0|
    |icmp_ln102_reg_2122_pp4_iter1_reg   |   1|   0|    1|          0|
    |icmp_ln168_reg_1804                 |   1|   0|    1|          0|
    |icmp_ln20_1_reg_1747                |   1|   0|    1|          0|
    |icmp_ln20_1_reg_1747_pp0_iter1_reg  |   1|   0|    1|          0|
    |icmp_ln37_1_reg_1860                |   1|   0|    1|          0|
    |icmp_ln37_1_reg_1860_pp1_iter1_reg  |   1|   0|    1|          0|
    |icmp_ln37_reg_1822                  |   1|   0|    1|          0|
    |icmp_ln67_reg_1960                  |   1|   0|    1|          0|
    |icmp_ln82_reg_2048                  |   1|   0|    1|          0|
    |indX_reg_2011                       |  32|   0|   32|          0|
    |k_read_reg_1682                     |  32|   0|   32|          0|
    |likelihood_read_reg_1657            |  64|   0|   64|          0|
    |max_size_read_reg_1677              |  64|   0|   64|          0|
    |mul_ln73_1_reg_2031                 |  32|   0|   32|          0|
    |mul_ln73_reg_2021                   |  32|   0|   32|          0|
    |mul_ln88_1_reg_2091                 |  32|   0|   32|          0|
    |mul_ln88_reg_2086                   |  32|   0|   32|          0|
    |p_Result_1_reg_1934                 |   1|   0|    1|          0|
    |p_Result_3_reg_2000                 |   1|   0|    1|          0|
    |p_Result_s_reg_1923                 |   1|   0|    1|          0|
    |phi_mul_reg_491                     |  64|   0|   64|          0|
    |reg_609                             |  64|   0|   64|          0|
    |reg_614                             |  64|   0|   64|          0|
    |reg_618                             |  64|   0|   64|          0|
    |result_V_12_reg_1945                |  32|   0|   32|          0|
    |result_V_13_reg_1950                |  32|   0|   32|          0|
    |result_V_reg_2016                   |  32|   0|   32|          0|
    |select_ln75_reg_2043                |  32|   0|   32|          0|
    |sext_ln163_reg_1770                 |  64|   0|   64|          0|
    |sub_ln168_reg_1809                  |  32|   0|   32|          0|
    |tileSize_reg_1814                   |  32|   0|   32|          0|
    |trunc_ln20_1_reg_1737               |  30|   0|   31|          1|
    |trunc_ln2_reg_1826                  |  61|   0|   61|          0|
    |trunc_ln37_1_reg_1831               |  61|   0|   61|          0|
    |trunc_ln37_reg_1848                 |  31|   0|   31|          0|
    |trunc_ln3_reg_1887                  |  61|   0|   61|          0|
    |trunc_ln_reg_1726                   |  61|   0|   61|          0|
    |val_1_reg_1939                      |  32|   0|   32|          0|
    |val_2_reg_1994                      |  32|   0|   32|          0|
    |val_3_reg_2005                      |  32|   0|   32|          0|
    |val_reg_1928                        |  32|   0|   32|          0|
    |x_1_reg_514                         |   7|   0|    7|          0|
    |x_2_reg_574                         |   7|   0|    7|          0|
    |x_reg_502                           |   7|   0|    7|          0|
    |x_reg_502_pp1_iter1_reg             |   7|   0|    7|          0|
    |y_1_reg_537                         |  31|   0|   31|          0|
    |y_reg_526                           |  31|   0|   31|          0|
    |zext_ln63_reg_1892                  |   7|   0|   64|         57|
    |add_ln73_2_reg_1974                 |  64|  32|   16|          0|
    |icmp_ln67_reg_1960                  |  64|  32|    1|          0|
    |icmp_ln82_reg_2048                  |  64|  32|    1|          0|
    |result_V_reg_2016                   |  64|  32|   32|          0|
    +------------------------------------+----+----+-----+-----------+
    |Total                               |3769| 128| 3622|         59|
    +------------------------------------+----+----+-----+-----------+



================================================================
== Interface
================================================================
* Summary: 
+-----------------------+-----+-----+------------+-------------------+--------------+
|       RTL Ports       | Dir | Bits|  Protocol  |   Source Object   |    C Type    |
+-----------------------+-----+-----+------------+-------------------+--------------+
|s_axi_control_AWVALID  |   in|    1|       s_axi|            control|        scalar|
|s_axi_control_AWREADY  |  out|    1|       s_axi|            control|        scalar|
|s_axi_control_AWADDR   |   in|    7|       s_axi|            control|        scalar|
|s_axi_control_WVALID   |   in|    1|       s_axi|            control|        scalar|
|s_axi_control_WREADY   |  out|    1|       s_axi|            control|        scalar|
|s_axi_control_WDATA    |   in|   32|       s_axi|            control|        scalar|
|s_axi_control_WSTRB    |   in|    4|       s_axi|            control|        scalar|
|s_axi_control_ARVALID  |   in|    1|       s_axi|            control|        scalar|
|s_axi_control_ARREADY  |  out|    1|       s_axi|            control|        scalar|
|s_axi_control_ARADDR   |   in|    7|       s_axi|            control|        scalar|
|s_axi_control_RVALID   |  out|    1|       s_axi|            control|        scalar|
|s_axi_control_RREADY   |   in|    1|       s_axi|            control|        scalar|
|s_axi_control_RDATA    |  out|   32|       s_axi|            control|        scalar|
|s_axi_control_RRESP    |  out|    2|       s_axi|            control|        scalar|
|s_axi_control_BVALID   |  out|    1|       s_axi|            control|        scalar|
|s_axi_control_BREADY   |   in|    1|       s_axi|            control|        scalar|
|s_axi_control_BRESP    |  out|    2|       s_axi|            control|        scalar|
|ap_clk                 |   in|    1|  ap_ctrl_hs|  likelihood_kernel|  return value|
|ap_rst_n               |   in|    1|  ap_ctrl_hs|  likelihood_kernel|  return value|
|interrupt              |  out|    1|  ap_ctrl_hs|  likelihood_kernel|  return value|
|m_axi_gmem0_AWVALID    |  out|    1|       m_axi|              gmem0|       pointer|
|m_axi_gmem0_AWREADY    |   in|    1|       m_axi|              gmem0|       pointer|
|m_axi_gmem0_AWADDR     |  out|   64|       m_axi|              gmem0|       pointer|
|m_axi_gmem0_AWID       |  out|    1|       m_axi|              gmem0|       pointer|
|m_axi_gmem0_AWLEN      |  out|    8|       m_axi|              gmem0|       pointer|
|m_axi_gmem0_AWSIZE     |  out|    3|       m_axi|              gmem0|       pointer|
|m_axi_gmem0_AWBURST    |  out|    2|       m_axi|              gmem0|       pointer|
|m_axi_gmem0_AWLOCK     |  out|    2|       m_axi|              gmem0|       pointer|
|m_axi_gmem0_AWCACHE    |  out|    4|       m_axi|              gmem0|       pointer|
|m_axi_gmem0_AWPROT     |  out|    3|       m_axi|              gmem0|       pointer|
|m_axi_gmem0_AWQOS      |  out|    4|       m_axi|              gmem0|       pointer|
|m_axi_gmem0_AWREGION   |  out|    4|       m_axi|              gmem0|       pointer|
|m_axi_gmem0_AWUSER     |  out|    1|       m_axi|              gmem0|       pointer|
|m_axi_gmem0_WVALID     |  out|    1|       m_axi|              gmem0|       pointer|
|m_axi_gmem0_WREADY     |   in|    1|       m_axi|              gmem0|       pointer|
|m_axi_gmem0_WDATA      |  out|   64|       m_axi|              gmem0|       pointer|
|m_axi_gmem0_WSTRB      |  out|    8|       m_axi|              gmem0|       pointer|
|m_axi_gmem0_WLAST      |  out|    1|       m_axi|              gmem0|       pointer|
|m_axi_gmem0_WID        |  out|    1|       m_axi|              gmem0|       pointer|
|m_axi_gmem0_WUSER      |  out|    1|       m_axi|              gmem0|       pointer|
|m_axi_gmem0_ARVALID    |  out|    1|       m_axi|              gmem0|       pointer|
|m_axi_gmem0_ARREADY    |   in|    1|       m_axi|              gmem0|       pointer|
|m_axi_gmem0_ARADDR     |  out|   64|       m_axi|              gmem0|       pointer|
|m_axi_gmem0_ARID       |  out|    1|       m_axi|              gmem0|       pointer|
|m_axi_gmem0_ARLEN      |  out|    8|       m_axi|              gmem0|       pointer|
|m_axi_gmem0_ARSIZE     |  out|    3|       m_axi|              gmem0|       pointer|
|m_axi_gmem0_ARBURST    |  out|    2|       m_axi|              gmem0|       pointer|
|m_axi_gmem0_ARLOCK     |  out|    2|       m_axi|              gmem0|       pointer|
|m_axi_gmem0_ARCACHE    |  out|    4|       m_axi|              gmem0|       pointer|
|m_axi_gmem0_ARPROT     |  out|    3|       m_axi|              gmem0|       pointer|
|m_axi_gmem0_ARQOS      |  out|    4|       m_axi|              gmem0|       pointer|
|m_axi_gmem0_ARREGION   |  out|    4|       m_axi|              gmem0|       pointer|
|m_axi_gmem0_ARUSER     |  out|    1|       m_axi|              gmem0|       pointer|
|m_axi_gmem0_RVALID     |   in|    1|       m_axi|              gmem0|       pointer|
|m_axi_gmem0_RREADY     |  out|    1|       m_axi|              gmem0|       pointer|
|m_axi_gmem0_RDATA      |   in|   64|       m_axi|              gmem0|       pointer|
|m_axi_gmem0_RLAST      |   in|    1|       m_axi|              gmem0|       pointer|
|m_axi_gmem0_RID        |   in|    1|       m_axi|              gmem0|       pointer|
|m_axi_gmem0_RUSER      |   in|    1|       m_axi|              gmem0|       pointer|
|m_axi_gmem0_RRESP      |   in|    2|       m_axi|              gmem0|       pointer|
|m_axi_gmem0_BVALID     |   in|    1|       m_axi|              gmem0|       pointer|
|m_axi_gmem0_BREADY     |  out|    1|       m_axi|              gmem0|       pointer|
|m_axi_gmem0_BRESP      |   in|    2|       m_axi|              gmem0|       pointer|
|m_axi_gmem0_BID        |   in|    1|       m_axi|              gmem0|       pointer|
|m_axi_gmem0_BUSER      |   in|    1|       m_axi|              gmem0|       pointer|
|m_axi_gmem1_AWVALID    |  out|    1|       m_axi|              gmem1|       pointer|
|m_axi_gmem1_AWREADY    |   in|    1|       m_axi|              gmem1|       pointer|
|m_axi_gmem1_AWADDR     |  out|   64|       m_axi|              gmem1|       pointer|
|m_axi_gmem1_AWID       |  out|    1|       m_axi|              gmem1|       pointer|
|m_axi_gmem1_AWLEN      |  out|    8|       m_axi|              gmem1|       pointer|
|m_axi_gmem1_AWSIZE     |  out|    3|       m_axi|              gmem1|       pointer|
|m_axi_gmem1_AWBURST    |  out|    2|       m_axi|              gmem1|       pointer|
|m_axi_gmem1_AWLOCK     |  out|    2|       m_axi|              gmem1|       pointer|
|m_axi_gmem1_AWCACHE    |  out|    4|       m_axi|              gmem1|       pointer|
|m_axi_gmem1_AWPROT     |  out|    3|       m_axi|              gmem1|       pointer|
|m_axi_gmem1_AWQOS      |  out|    4|       m_axi|              gmem1|       pointer|
|m_axi_gmem1_AWREGION   |  out|    4|       m_axi|              gmem1|       pointer|
|m_axi_gmem1_AWUSER     |  out|    1|       m_axi|              gmem1|       pointer|
|m_axi_gmem1_WVALID     |  out|    1|       m_axi|              gmem1|       pointer|
|m_axi_gmem1_WREADY     |   in|    1|       m_axi|              gmem1|       pointer|
|m_axi_gmem1_WDATA      |  out|   64|       m_axi|              gmem1|       pointer|
|m_axi_gmem1_WSTRB      |  out|    8|       m_axi|              gmem1|       pointer|
|m_axi_gmem1_WLAST      |  out|    1|       m_axi|              gmem1|       pointer|
|m_axi_gmem1_WID        |  out|    1|       m_axi|              gmem1|       pointer|
|m_axi_gmem1_WUSER      |  out|    1|       m_axi|              gmem1|       pointer|
|m_axi_gmem1_ARVALID    |  out|    1|       m_axi|              gmem1|       pointer|
|m_axi_gmem1_ARREADY    |   in|    1|       m_axi|              gmem1|       pointer|
|m_axi_gmem1_ARADDR     |  out|   64|       m_axi|              gmem1|       pointer|
|m_axi_gmem1_ARID       |  out|    1|       m_axi|              gmem1|       pointer|
|m_axi_gmem1_ARLEN      |  out|    8|       m_axi|              gmem1|       pointer|
|m_axi_gmem1_ARSIZE     |  out|    3|       m_axi|              gmem1|       pointer|
|m_axi_gmem1_ARBURST    |  out|    2|       m_axi|              gmem1|       pointer|
|m_axi_gmem1_ARLOCK     |  out|    2|       m_axi|              gmem1|       pointer|
|m_axi_gmem1_ARCACHE    |  out|    4|       m_axi|              gmem1|       pointer|
|m_axi_gmem1_ARPROT     |  out|    3|       m_axi|              gmem1|       pointer|
|m_axi_gmem1_ARQOS      |  out|    4|       m_axi|              gmem1|       pointer|
|m_axi_gmem1_ARREGION   |  out|    4|       m_axi|              gmem1|       pointer|
|m_axi_gmem1_ARUSER     |  out|    1|       m_axi|              gmem1|       pointer|
|m_axi_gmem1_RVALID     |   in|    1|       m_axi|              gmem1|       pointer|
|m_axi_gmem1_RREADY     |  out|    1|       m_axi|              gmem1|       pointer|
|m_axi_gmem1_RDATA      |   in|   64|       m_axi|              gmem1|       pointer|
|m_axi_gmem1_RLAST      |   in|    1|       m_axi|              gmem1|       pointer|
|m_axi_gmem1_RID        |   in|    1|       m_axi|              gmem1|       pointer|
|m_axi_gmem1_RUSER      |   in|    1|       m_axi|              gmem1|       pointer|
|m_axi_gmem1_RRESP      |   in|    2|       m_axi|              gmem1|       pointer|
|m_axi_gmem1_BVALID     |   in|    1|       m_axi|              gmem1|       pointer|
|m_axi_gmem1_BREADY     |  out|    1|       m_axi|              gmem1|       pointer|
|m_axi_gmem1_BRESP      |   in|    2|       m_axi|              gmem1|       pointer|
|m_axi_gmem1_BID        |   in|    1|       m_axi|              gmem1|       pointer|
|m_axi_gmem1_BUSER      |   in|    1|       m_axi|              gmem1|       pointer|
|m_axi_gmem2_AWVALID    |  out|    1|       m_axi|              gmem2|       pointer|
|m_axi_gmem2_AWREADY    |   in|    1|       m_axi|              gmem2|       pointer|
|m_axi_gmem2_AWADDR     |  out|   64|       m_axi|              gmem2|       pointer|
|m_axi_gmem2_AWID       |  out|    1|       m_axi|              gmem2|       pointer|
|m_axi_gmem2_AWLEN      |  out|    8|       m_axi|              gmem2|       pointer|
|m_axi_gmem2_AWSIZE     |  out|    3|       m_axi|              gmem2|       pointer|
|m_axi_gmem2_AWBURST    |  out|    2|       m_axi|              gmem2|       pointer|
|m_axi_gmem2_AWLOCK     |  out|    2|       m_axi|              gmem2|       pointer|
|m_axi_gmem2_AWCACHE    |  out|    4|       m_axi|              gmem2|       pointer|
|m_axi_gmem2_AWPROT     |  out|    3|       m_axi|              gmem2|       pointer|
|m_axi_gmem2_AWQOS      |  out|    4|       m_axi|              gmem2|       pointer|
|m_axi_gmem2_AWREGION   |  out|    4|       m_axi|              gmem2|       pointer|
|m_axi_gmem2_AWUSER     |  out|    1|       m_axi|              gmem2|       pointer|
|m_axi_gmem2_WVALID     |  out|    1|       m_axi|              gmem2|       pointer|
|m_axi_gmem2_WREADY     |   in|    1|       m_axi|              gmem2|       pointer|
|m_axi_gmem2_WDATA      |  out|   64|       m_axi|              gmem2|       pointer|
|m_axi_gmem2_WSTRB      |  out|    8|       m_axi|              gmem2|       pointer|
|m_axi_gmem2_WLAST      |  out|    1|       m_axi|              gmem2|       pointer|
|m_axi_gmem2_WID        |  out|    1|       m_axi|              gmem2|       pointer|
|m_axi_gmem2_WUSER      |  out|    1|       m_axi|              gmem2|       pointer|
|m_axi_gmem2_ARVALID    |  out|    1|       m_axi|              gmem2|       pointer|
|m_axi_gmem2_ARREADY    |   in|    1|       m_axi|              gmem2|       pointer|
|m_axi_gmem2_ARADDR     |  out|   64|       m_axi|              gmem2|       pointer|
|m_axi_gmem2_ARID       |  out|    1|       m_axi|              gmem2|       pointer|
|m_axi_gmem2_ARLEN      |  out|    8|       m_axi|              gmem2|       pointer|
|m_axi_gmem2_ARSIZE     |  out|    3|       m_axi|              gmem2|       pointer|
|m_axi_gmem2_ARBURST    |  out|    2|       m_axi|              gmem2|       pointer|
|m_axi_gmem2_ARLOCK     |  out|    2|       m_axi|              gmem2|       pointer|
|m_axi_gmem2_ARCACHE    |  out|    4|       m_axi|              gmem2|       pointer|
|m_axi_gmem2_ARPROT     |  out|    3|       m_axi|              gmem2|       pointer|
|m_axi_gmem2_ARQOS      |  out|    4|       m_axi|              gmem2|       pointer|
|m_axi_gmem2_ARREGION   |  out|    4|       m_axi|              gmem2|       pointer|
|m_axi_gmem2_ARUSER     |  out|    1|       m_axi|              gmem2|       pointer|
|m_axi_gmem2_RVALID     |   in|    1|       m_axi|              gmem2|       pointer|
|m_axi_gmem2_RREADY     |  out|    1|       m_axi|              gmem2|       pointer|
|m_axi_gmem2_RDATA      |   in|   64|       m_axi|              gmem2|       pointer|
|m_axi_gmem2_RLAST      |   in|    1|       m_axi|              gmem2|       pointer|
|m_axi_gmem2_RID        |   in|    1|       m_axi|              gmem2|       pointer|
|m_axi_gmem2_RUSER      |   in|    1|       m_axi|              gmem2|       pointer|
|m_axi_gmem2_RRESP      |   in|    2|       m_axi|              gmem2|       pointer|
|m_axi_gmem2_BVALID     |   in|    1|       m_axi|              gmem2|       pointer|
|m_axi_gmem2_BREADY     |  out|    1|       m_axi|              gmem2|       pointer|
|m_axi_gmem2_BRESP      |   in|    2|       m_axi|              gmem2|       pointer|
|m_axi_gmem2_BID        |   in|    1|       m_axi|              gmem2|       pointer|
|m_axi_gmem2_BUSER      |   in|    1|       m_axi|              gmem2|       pointer|
|m_axi_gmem3_AWVALID    |  out|    1|       m_axi|              gmem3|       pointer|
|m_axi_gmem3_AWREADY    |   in|    1|       m_axi|              gmem3|       pointer|
|m_axi_gmem3_AWADDR     |  out|   64|       m_axi|              gmem3|       pointer|
|m_axi_gmem3_AWID       |  out|    1|       m_axi|              gmem3|       pointer|
|m_axi_gmem3_AWLEN      |  out|    8|       m_axi|              gmem3|       pointer|
|m_axi_gmem3_AWSIZE     |  out|    3|       m_axi|              gmem3|       pointer|
|m_axi_gmem3_AWBURST    |  out|    2|       m_axi|              gmem3|       pointer|
|m_axi_gmem3_AWLOCK     |  out|    2|       m_axi|              gmem3|       pointer|
|m_axi_gmem3_AWCACHE    |  out|    4|       m_axi|              gmem3|       pointer|
|m_axi_gmem3_AWPROT     |  out|    3|       m_axi|              gmem3|       pointer|
|m_axi_gmem3_AWQOS      |  out|    4|       m_axi|              gmem3|       pointer|
|m_axi_gmem3_AWREGION   |  out|    4|       m_axi|              gmem3|       pointer|
|m_axi_gmem3_AWUSER     |  out|    1|       m_axi|              gmem3|       pointer|
|m_axi_gmem3_WVALID     |  out|    1|       m_axi|              gmem3|       pointer|
|m_axi_gmem3_WREADY     |   in|    1|       m_axi|              gmem3|       pointer|
|m_axi_gmem3_WDATA      |  out|   32|       m_axi|              gmem3|       pointer|
|m_axi_gmem3_WSTRB      |  out|    4|       m_axi|              gmem3|       pointer|
|m_axi_gmem3_WLAST      |  out|    1|       m_axi|              gmem3|       pointer|
|m_axi_gmem3_WID        |  out|    1|       m_axi|              gmem3|       pointer|
|m_axi_gmem3_WUSER      |  out|    1|       m_axi|              gmem3|       pointer|
|m_axi_gmem3_ARVALID    |  out|    1|       m_axi|              gmem3|       pointer|
|m_axi_gmem3_ARREADY    |   in|    1|       m_axi|              gmem3|       pointer|
|m_axi_gmem3_ARADDR     |  out|   64|       m_axi|              gmem3|       pointer|
|m_axi_gmem3_ARID       |  out|    1|       m_axi|              gmem3|       pointer|
|m_axi_gmem3_ARLEN      |  out|    8|       m_axi|              gmem3|       pointer|
|m_axi_gmem3_ARSIZE     |  out|    3|       m_axi|              gmem3|       pointer|
|m_axi_gmem3_ARBURST    |  out|    2|       m_axi|              gmem3|       pointer|
|m_axi_gmem3_ARLOCK     |  out|    2|       m_axi|              gmem3|       pointer|
|m_axi_gmem3_ARCACHE    |  out|    4|       m_axi|              gmem3|       pointer|
|m_axi_gmem3_ARPROT     |  out|    3|       m_axi|              gmem3|       pointer|
|m_axi_gmem3_ARQOS      |  out|    4|       m_axi|              gmem3|       pointer|
|m_axi_gmem3_ARREGION   |  out|    4|       m_axi|              gmem3|       pointer|
|m_axi_gmem3_ARUSER     |  out|    1|       m_axi|              gmem3|       pointer|
|m_axi_gmem3_RVALID     |   in|    1|       m_axi|              gmem3|       pointer|
|m_axi_gmem3_RREADY     |  out|    1|       m_axi|              gmem3|       pointer|
|m_axi_gmem3_RDATA      |   in|   32|       m_axi|              gmem3|       pointer|
|m_axi_gmem3_RLAST      |   in|    1|       m_axi|              gmem3|       pointer|
|m_axi_gmem3_RID        |   in|    1|       m_axi|              gmem3|       pointer|
|m_axi_gmem3_RUSER      |   in|    1|       m_axi|              gmem3|       pointer|
|m_axi_gmem3_RRESP      |   in|    2|       m_axi|              gmem3|       pointer|
|m_axi_gmem3_BVALID     |   in|    1|       m_axi|              gmem3|       pointer|
|m_axi_gmem3_BREADY     |  out|    1|       m_axi|              gmem3|       pointer|
|m_axi_gmem3_BRESP      |   in|    2|       m_axi|              gmem3|       pointer|
|m_axi_gmem3_BID        |   in|    1|       m_axi|              gmem3|       pointer|
|m_axi_gmem3_BUSER      |   in|    1|       m_axi|              gmem3|       pointer|
|m_axi_gmem4_AWVALID    |  out|    1|       m_axi|              gmem4|       pointer|
|m_axi_gmem4_AWREADY    |   in|    1|       m_axi|              gmem4|       pointer|
|m_axi_gmem4_AWADDR     |  out|   64|       m_axi|              gmem4|       pointer|
|m_axi_gmem4_AWID       |  out|    1|       m_axi|              gmem4|       pointer|
|m_axi_gmem4_AWLEN      |  out|    8|       m_axi|              gmem4|       pointer|
|m_axi_gmem4_AWSIZE     |  out|    3|       m_axi|              gmem4|       pointer|
|m_axi_gmem4_AWBURST    |  out|    2|       m_axi|              gmem4|       pointer|
|m_axi_gmem4_AWLOCK     |  out|    2|       m_axi|              gmem4|       pointer|
|m_axi_gmem4_AWCACHE    |  out|    4|       m_axi|              gmem4|       pointer|
|m_axi_gmem4_AWPROT     |  out|    3|       m_axi|              gmem4|       pointer|
|m_axi_gmem4_AWQOS      |  out|    4|       m_axi|              gmem4|       pointer|
|m_axi_gmem4_AWREGION   |  out|    4|       m_axi|              gmem4|       pointer|
|m_axi_gmem4_AWUSER     |  out|    1|       m_axi|              gmem4|       pointer|
|m_axi_gmem4_WVALID     |  out|    1|       m_axi|              gmem4|       pointer|
|m_axi_gmem4_WREADY     |   in|    1|       m_axi|              gmem4|       pointer|
|m_axi_gmem4_WDATA      |  out|   64|       m_axi|              gmem4|       pointer|
|m_axi_gmem4_WSTRB      |  out|    8|       m_axi|              gmem4|       pointer|
|m_axi_gmem4_WLAST      |  out|    1|       m_axi|              gmem4|       pointer|
|m_axi_gmem4_WID        |  out|    1|       m_axi|              gmem4|       pointer|
|m_axi_gmem4_WUSER      |  out|    1|       m_axi|              gmem4|       pointer|
|m_axi_gmem4_ARVALID    |  out|    1|       m_axi|              gmem4|       pointer|
|m_axi_gmem4_ARREADY    |   in|    1|       m_axi|              gmem4|       pointer|
|m_axi_gmem4_ARADDR     |  out|   64|       m_axi|              gmem4|       pointer|
|m_axi_gmem4_ARID       |  out|    1|       m_axi|              gmem4|       pointer|
|m_axi_gmem4_ARLEN      |  out|    8|       m_axi|              gmem4|       pointer|
|m_axi_gmem4_ARSIZE     |  out|    3|       m_axi|              gmem4|       pointer|
|m_axi_gmem4_ARBURST    |  out|    2|       m_axi|              gmem4|       pointer|
|m_axi_gmem4_ARLOCK     |  out|    2|       m_axi|              gmem4|       pointer|
|m_axi_gmem4_ARCACHE    |  out|    4|       m_axi|              gmem4|       pointer|
|m_axi_gmem4_ARPROT     |  out|    3|       m_axi|              gmem4|       pointer|
|m_axi_gmem4_ARQOS      |  out|    4|       m_axi|              gmem4|       pointer|
|m_axi_gmem4_ARREGION   |  out|    4|       m_axi|              gmem4|       pointer|
|m_axi_gmem4_ARUSER     |  out|    1|       m_axi|              gmem4|       pointer|
|m_axi_gmem4_RVALID     |   in|    1|       m_axi|              gmem4|       pointer|
|m_axi_gmem4_RREADY     |  out|    1|       m_axi|              gmem4|       pointer|
|m_axi_gmem4_RDATA      |   in|   64|       m_axi|              gmem4|       pointer|
|m_axi_gmem4_RLAST      |   in|    1|       m_axi|              gmem4|       pointer|
|m_axi_gmem4_RID        |   in|    1|       m_axi|              gmem4|       pointer|
|m_axi_gmem4_RUSER      |   in|    1|       m_axi|              gmem4|       pointer|
|m_axi_gmem4_RRESP      |   in|    2|       m_axi|              gmem4|       pointer|
|m_axi_gmem4_BVALID     |   in|    1|       m_axi|              gmem4|       pointer|
|m_axi_gmem4_BREADY     |  out|    1|       m_axi|              gmem4|       pointer|
|m_axi_gmem4_BRESP      |   in|    2|       m_axi|              gmem4|       pointer|
|m_axi_gmem4_BID        |   in|    1|       m_axi|              gmem4|       pointer|
|m_axi_gmem4_BUSER      |   in|    1|       m_axi|              gmem4|       pointer|
+-----------------------+-----+-----+------------+-------------------+--------------+

