

================================================================
== Synthesis Summary Report of 'likelihood_kernel'
================================================================
+ General Information: 
    * Date:           Fri Mar 20 11:47:55 2026
    * Version:        2020.2 (Build 3064766 on Wed Nov 18 09:12:47 MST 2020)
    * Project:        likelihood_buffer.prj
    * Solution:       solution1 (Vivado IP Flow Target)
    * Product family: virtexuplus
    * Target device:  xcu50-fsvh2104-2-e
    

+ Performance & Resource Estimates: 
    
    PS: '+' for module; 'o' for loop; '*' for dataflow
    +-----------------------+------+-------+---------+-----------+----------+---------+------+----------+---------+---------+-------------+------------+-----+
    |        Modules        | Issue|       | Latency |  Latency  | Iteration|         | Trip |          |         |         |             |            |     |
    |        & Loops        | Type | Slack | (cycles)|    (ns)   |  Latency | Interval| Count| Pipelined|  BRAM   |   DSP   |      FF     |     LUT    | URAM|
    +-----------------------+------+-------+---------+-----------+----------+---------+------+----------+---------+---------+-------------+------------+-----+
    |+ likelihood_kernel    |     -|  -0.00|   418639|  1.394e+06|         -|   418640|     -|        no|  50 (1%)|  9 (~0%)|  10004 (~0%)|  14343 (1%)|    -|
    | o loadObjxy           |     -|  -2.43|      161|    536.130|         3|        1|   160|       yes|        -|        -|            -|           -|    -|
    | o Particle_loop       |     -|  -2.43|   418464|  1.393e+06|     13077|        -|    32|        no|        -|        -|            -|           -|    -|
    |  o loadParticles      |     -|  -2.43|       65|    216.450|         3|        1|    64|       yes|        -|        -|            -|           -|    -|
    |  o computeParticles   |     -|  -2.43|    12928|  4.305e+04|       202|        -|    64|        no|        -|        -|            -|           -|    -|
    |   o accumulatePoints  |     -|  -2.43|      157|    522.810|        79|        1|    80|       yes|        -|        -|            -|           -|    -|
    |  o storeLikelihood    |     -|  -2.43|       65|    216.450|         3|        1|    64|       yes|        -|        -|            -|           -|    -|
    +-----------------------+------+-------+---------+-----------+----------+---------+------+----------+---------+---------+-------------+------------+-----+

