

================================================================
== Vitis HLS Report for 'likelihood_kernel'
================================================================
* Date:           Fri Mar 20 11:47:54 2026

* Version:        2020.2 (Build 3064766 on Wed Nov 18 09:12:47 MST 2020)
* Project:        likelihood_buffer.prj
* Solution:       solution1 (Vivado IP Flow Target)
* Product family: virtexuplus
* Target device:  xcu50-fsvh2104-2-e


================================================================
== Performance Estimates
================================================================
+ Timing: 
    * Summary: 
    +--------+---------+----------+------------+
    |  Clock |  Target | Estimated| Uncertainty|
    +--------+---------+----------+------------+
    |ap_clk  |  3.33 ns|  2.431 ns|     0.90 ns|
    +--------+---------+----------+------------+

+ Latency: 
    * Summary: 
    +---------+---------+-----------+----------+-----+--------+---------+
    |  Latency (cycles) |  Latency (absolute)  |   Interval   | Pipeline|
    |   min   |   max   |    min    |    max   | min |   max  |   Type  |
    +---------+---------+-----------+----------+-----+--------+---------+
    |        6|   418639|  19.980 ns|  1.394 ms|    7|  418640|     none|
    +---------+---------+-----------+----------+-----+--------+---------+

    + Detail: 
        * Instance: 
        N/A

        * Loop: 
        +-----------------------+---------+---------+-----------+-----------+-----------+-----------+----------+
        |                       |  Latency (cycles) | Iteration |  Initiation Interval  |    Trip   |          |
        |       Loop Name       |   min   |   max   |  Latency  |  achieved |   target  |   Count   | Pipelined|
        +-----------------------+---------+---------+-----------+-----------+-----------+-----------+----------+
        |- loadObjxy            |      141|      161|          3|          1|          1|  140 ~ 160|       yes|
        |- Particle_loop        |       96|   418464|  3 ~ 13077|          -|          -|         32|        no|
        | + loadParticles       |       65|       65|          3|          1|          1|         64|       yes|
        | + computeParticles    |    12288|    12928|  192 ~ 202|          -|          -|         64|        no|
        |  ++ accumulatePoints  |      147|      157|         79|          1|          1|    70 ~ 80|       yes|
        | + storeLikelihood     |       65|       65|          3|          1|          1|         64|       yes|
        +-----------------------+---------+---------+-----------+-----------+-----------+-----------+----------+



================================================================
== Utilization Estimates
================================================================
* Summary: 
+---------------------+---------+------+---------+--------+-----+
|         Name        | BRAM_18K|  DSP |    FF   |   LUT  | URAM|
+---------------------+---------+------+---------+--------+-----+
|DSP                  |        -|     -|        -|       -|    -|
|Expression           |        -|     -|        0|    5600|    -|
|FIFO                 |        -|     -|        -|       -|    -|
|Instance             |       18|     9|     6458|    7961|    -|
|Memory               |       32|     -|        0|       0|    -|
|Multiplexer          |        -|     -|        -|     686|    -|
|Register             |        -|     -|     3546|      96|    -|
+---------------------+---------+------+---------+--------+-----+
|Total                |       50|     9|    10004|   14343|    0|
+---------------------+---------+------+---------+--------+-----+
|Available SLR        |     1344|  2976|   871680|  435840|  320|
+---------------------+---------+------+---------+--------+-----+
|Utilization SLR (%)  |        3|    ~0|        1|       3|    0|
+---------------------+---------+------+---------+--------+-----+
|Available            |     2688|  5952|  1743360|  871680|  640|
+---------------------+---------+------+---------+--------+-----+
|Utilization (%)      |        1|    ~0|       ~0|       1|    0|
+---------------------+---------+------+---------+--------+-----+

+ Detail: 
    * Instance: 
    +--------------------------------------+----------------------------------+---------+----+-----+------+-----+
    |               Instance               |              Module              | BRAM_18K| DSP|  FF |  LUT | URAM|
    +--------------------------------------+----------------------------------+---------+----+-----+------+-----+
    |control_s_axi_U                       |control_s_axi                     |        0|   0|  646|  1128|    0|
    |dacc_64ns_64ns_1ns_64_5_no_dsp_1_U15  |dacc_64ns_64ns_1ns_64_5_no_dsp_1  |        0|   0|  321|   988|    0|
    |dadd_64ns_64ns_64_8_full_dsp_1_U1     |dadd_64ns_64ns_64_8_full_dsp_1    |        0|   3|  685|   635|    0|
    |dadd_64ns_64ns_64_8_full_dsp_1_U2     |dadd_64ns_64ns_64_8_full_dsp_1    |        0|   3|  685|   635|    0|
    |ddiv_64ns_64ns_64_31_no_dsp_1_U4      |ddiv_64ns_64ns_64_31_no_dsp_1     |        0|   0|    0|     0|    0|
    |dsub_64ns_64ns_64_8_full_dsp_1_U3     |dsub_64ns_64ns_64_8_full_dsp_1    |        0|   3|  685|   635|    0|
    |gmem0_m_axi_U                         |gmem0_m_axi                       |        4|   0|  566|   766|    0|
    |gmem1_m_axi_U                         |gmem1_m_axi                       |        4|   0|  566|   766|    0|
    |gmem2_m_axi_U                         |gmem2_m_axi                       |        4|   0|  566|   766|    0|
    |gmem3_m_axi_U                         |gmem3_m_axi                       |        2|   0|  512|   580|    0|
    |gmem4_m_axi_U                         |gmem4_m_axi                       |        4|   0|  566|   766|    0|
    |mul_32s_32s_32_2_1_U11                |mul_32s_32s_32_2_1                |        0|   0|  165|    49|    0|
    |mul_32s_32s_32_2_1_U12                |mul_32s_32s_32_2_1                |        0|   0|  165|    49|    0|
    |mul_32s_32s_32_2_1_U13                |mul_32s_32s_32_2_1                |        0|   0|  165|    49|    0|
    |mul_32s_32s_32_2_1_U14                |mul_32s_32s_32_2_1                |        0|   0|  165|    49|    0|
    |mux_464_64_1_1_U7                     |mux_464_64_1_1                    |        0|   0|    0|    20|    0|
    |mux_464_64_1_1_U8                     |mux_464_64_1_1                    |        0|   0|    0|    20|    0|
    |mux_464_64_1_1_U9                     |mux_464_64_1_1                    |        0|   0|    0|    20|    0|
    |mux_464_64_1_1_U10                    |mux_464_64_1_1                    |        0|   0|    0|    20|    0|
    |mux_464_64_1_1_U16                    |mux_464_64_1_1                    |        0|   0|    0|    20|    0|
    |sitodp_32ns_64_5_no_dsp_1_U5          |sitodp_32ns_64_5_no_dsp_1         |        0|   0|    0|     0|    0|
    |sitodp_32ns_64_5_no_dsp_1_U6          |sitodp_32ns_64_5_no_dsp_1         |        0|   0|    0|     0|    0|
    +--------------------------------------+----------------------------------+---------+----+-----+------+-----+
    |Total                                 |                                  |       18|   9| 6458|  7961|    0|
    +--------------------------------------+----------------------------------+---------+----+-----+------+-----+

    * DSP: 
    N/A

    * Memory: 
    +-----------------------+----------------+---------+---+----+-----+------+-----+------+-------------+
    |         Memory        |     Module     | BRAM_18K| FF| LUT| URAM| Words| Bits| Banks| W*Bits*Banks|
    +-----------------------+----------------+---------+---+----+-----+------+-----+------+-------------+
    |buffer_X_0_U           |buffer_X_0      |        2|  0|   0|    0|    16|   64|     1|         1024|
    |buffer_X_1_U           |buffer_X_0      |        2|  0|   0|    0|    16|   64|     1|         1024|
    |buffer_X_2_U           |buffer_X_0      |        2|  0|   0|    0|    16|   64|     1|         1024|
    |buffer_X_3_U           |buffer_X_0      |        2|  0|   0|    0|    16|   64|     1|         1024|
    |buffer_Y_0_U           |buffer_X_0      |        2|  0|   0|    0|    16|   64|     1|         1024|
    |buffer_Y_1_U           |buffer_X_0      |        2|  0|   0|    0|    16|   64|     1|         1024|
    |buffer_Y_2_U           |buffer_X_0      |        2|  0|   0|    0|    16|   64|     1|         1024|
    |buffer_Y_3_U           |buffer_X_0      |        2|  0|   0|    0|    16|   64|     1|         1024|
    |buffer_likelihood_0_U  |buffer_X_0      |        2|  0|   0|    0|    16|   64|     1|         1024|
    |buffer_likelihood_1_U  |buffer_X_0      |        2|  0|   0|    0|    16|   64|     1|         1024|
    |buffer_likelihood_2_U  |buffer_X_0      |        2|  0|   0|    0|    16|   64|     1|         1024|
    |buffer_likelihood_3_U  |buffer_X_0      |        2|  0|   0|    0|    16|   64|     1|         1024|
    |buffer_objxy_0_U       |buffer_objxy_0  |        2|  0|   0|    0|    40|   64|     1|         2560|
    |buffer_objxy_1_U       |buffer_objxy_0  |        2|  0|   0|    0|    40|   64|     1|         2560|
    |buffer_objxy_2_U       |buffer_objxy_0  |        2|  0|   0|    0|    40|   64|     1|         2560|
    |buffer_objxy_3_U       |buffer_objxy_0  |        2|  0|   0|    0|    40|   64|     1|         2560|
    +-----------------------+----------------+---------+---+----+-----+------+-----+------+-------------+
    |Total                  |                |       32|  0|   0|    0|   352| 1024|    16|        22528|
    +-----------------------+----------------+---------+---+----+-----+------+-----+------+-------------+

    * FIFO: 
    N/A

    * Expression: 
    +------------------------------------+----------+----+---+-----+------------+------------+
    |            Variable Name           | Operation| DSP| FF| LUT | Bitwidth P0| Bitwidth P1|
    +------------------------------------+----------+----+---+-----+------------+------------+
    |a_fu_2029_p2                        |         +|   0|  0|   39|          32|           8|
    |add_ln104_fu_2064_p2                |         +|   0|  0|   38|          31|           1|
    |add_ln162_1_fu_1051_p2              |         +|   0|  0|   33|          26|           1|
    |add_ln162_2_fu_1057_p2              |         +|   0|  0|   33|          26|           1|
    |add_ln162_fu_1031_p2                |         +|   0|  0|   38|          31|           2|
    |add_ln167_1_fu_1089_p2              |         +|   0|  0|   71|          64|          64|
    |add_ln167_2_fu_1094_p2              |         +|   0|  0|   71|          64|          64|
    |add_ln167_3_fu_1099_p2              |         +|   0|  0|   39|          32|           7|
    |add_ln167_fu_1084_p2                |         +|   0|  0|   71|          64|          64|
    |add_ln20_fu_984_p2                  |         +|   0|  0|   38|          31|           1|
    |add_ln37_fu_1177_p2                 |         +|   0|  0|   38|          31|           1|
    |add_ln510_1_fu_1471_p2              |         +|   0|  0|   19|          12|          11|
    |add_ln510_2_fu_1695_p2              |         +|   0|  0|   19|          12|          11|
    |add_ln510_3_fu_1813_p2              |         +|   0|  0|   19|          12|          11|
    |add_ln510_fu_1345_p2                |         +|   0|  0|   19|          12|          11|
    |add_ln62_fu_1224_p2                 |         +|   0|  0|   38|          31|           1|
    |add_ln70_fu_1575_p2                 |         +|   0|  0|   39|          32|           1|
    |add_ln81_1_fu_1947_p2               |         +|   0|  0|   39|          32|          32|
    |add_ln81_2_fu_1934_p2               |         +|   0|  0|   32|          32|          32|
    |add_ln81_fu_1938_p2                 |         +|   0|  0|   32|          32|          32|
    |add_ln87_fu_2004_p2                 |         +|   0|  0|   71|          64|          64|
    |b_fu_2034_p2                        |         +|   0|  0|   39|          32|           9|
    |indX_fu_1925_p2                     |         +|   0|  0|   39|          32|          32|
    |neg_fu_1951_p2                      |         -|   0|  0|   39|           1|          32|
    |result_V_10_fu_1913_p2              |         -|   0|  0|   39|           1|          32|
    |result_V_2_fu_1553_p2               |         -|   0|  0|   39|           1|          32|
    |result_V_5_fu_1564_p2               |         -|   0|  0|   39|           1|          32|
    |result_V_9_fu_1895_p2               |         -|   0|  0|   39|           1|          32|
    |sub_ln1311_1_fu_1485_p2             |         -|   0|  0|   18|          10|          11|
    |sub_ln1311_2_fu_1709_p2             |         -|   0|  0|   18|          10|          11|
    |sub_ln1311_3_fu_1827_p2             |         -|   0|  0|   18|          10|          11|
    |sub_ln1311_fu_1359_p2               |         -|   0|  0|   18|          10|          11|
    |sub_ln167_fu_1118_p2                |         -|   0|  0|   39|          32|          32|
    |ap_block_pp0_stage0_11001           |       and|   0|  0|    2|           1|           1|
    |ap_block_pp1_stage0_11001           |       and|   0|  0|    2|           1|           1|
    |ap_block_pp3_stage0_11001           |       and|   0|  0|    2|           1|           1|
    |ap_block_state156_io                |       and|   0|  0|    2|           1|           1|
    |ap_block_state161                   |       and|   0|  0|    2|           1|           1|
    |ap_block_state61_io                 |       and|   0|  0|    2|           1|           1|
    |ap_block_state68_pp2_stage0_iter26  |       and|   0|  0|    2|           1|           1|
    |abscond_fu_1957_p2                  |      icmp|   0|  0|   20|          32|           1|
    |icmp_ln104_fu_2070_p2               |      icmp|   0|  0|   19|          31|          31|
    |icmp_ln162_1_fu_1063_p2             |      icmp|   0|  0|   17|          26|          26|
    |icmp_ln162_fu_1023_p2               |      icmp|   0|  0|   20|          32|           1|
    |icmp_ln167_fu_1105_p2               |      icmp|   0|  0|   20|          32|          32|
    |icmp_ln20_1_fu_990_p2               |      icmp|   0|  0|   19|          31|          31|
    |icmp_ln20_fu_951_p2                 |      icmp|   0|  0|   20|          32|           1|
    |icmp_ln37_1_fu_1183_p2              |      icmp|   0|  0|   19|          31|          31|
    |icmp_ln37_fu_1131_p2                |      icmp|   0|  0|   20|          32|           1|
    |icmp_ln62_fu_1230_p2                |      icmp|   0|  0|   19|          31|          31|
    |icmp_ln70_fu_1581_p2                |      icmp|   0|  0|   20|          32|          32|
    |icmp_ln83_fu_1974_p2                |      icmp|   0|  0|   29|          64|          64|
    |icmp_ln91_fu_1647_p2                |      icmp|   0|  0|   20|          32|          32|
    |r_V_2_fu_1511_p2                    |      lshr|   0|  0|  460|         137|         137|
    |r_V_4_fu_1735_p2                    |      lshr|   0|  0|  460|         137|         137|
    |r_V_6_fu_1853_p2                    |      lshr|   0|  0|  460|         137|         137|
    |r_V_fu_1385_p2                      |      lshr|   0|  0|  460|         137|         137|
    |ap_block_pp2_stage0_11001           |        or|   0|  0|    2|           1|           1|
    |ap_block_state19_io                 |        or|   0|  0|    2|           1|           1|
    |ap_block_state27_pp1_stage0_iter1   |        or|   0|  0|    2|           1|           1|
    |idx_fu_1963_p3                      |    select|   0|  0|   32|           1|          32|
    |result_V_12_fu_1558_p3              |    select|   0|  0|   32|           1|          32|
    |result_V_13_fu_1569_p3              |    select|   0|  0|   32|           1|          32|
    |result_V_14_fu_1900_p3              |    select|   0|  0|   32|           1|          32|
    |result_V_fu_1918_p3                 |    select|   0|  0|   32|           1|          32|
    |select_ln83_fu_1985_p3              |    select|   0|  0|   32|           1|           1|
    |tileSize_fu_1123_p3                 |    select|   0|  0|   32|           1|          32|
    |ush_1_fu_1495_p3                    |    select|   0|  0|   12|           1|          12|
    |ush_2_fu_1719_p3                    |    select|   0|  0|   12|           1|          12|
    |ush_3_fu_1837_p3                    |    select|   0|  0|   12|           1|          12|
    |ush_fu_1369_p3                      |    select|   0|  0|   12|           1|          12|
    |val_1_fu_1545_p3                    |    select|   0|  0|   32|           1|          32|
    |val_2_fu_1769_p3                    |    select|   0|  0|   32|           1|          32|
    |val_3_fu_1887_p3                    |    select|   0|  0|   32|           1|          32|
    |val_fu_1419_p3                      |    select|   0|  0|   32|           1|          32|
    |r_V_1_fu_1391_p2                    |       shl|   0|  0|  460|         137|         137|
    |r_V_3_fu_1517_p2                    |       shl|   0|  0|  460|         137|         137|
    |r_V_5_fu_1741_p2                    |       shl|   0|  0|  460|         137|         137|
    |r_V_7_fu_1859_p2                    |       shl|   0|  0|  460|         137|         137|
    |ap_enable_pp0                       |       xor|   0|  0|    2|           1|           2|
    |ap_enable_pp1                       |       xor|   0|  0|    2|           1|           2|
    |ap_enable_pp2                       |       xor|   0|  0|    2|           1|           2|
    |ap_enable_pp3                       |       xor|   0|  0|    2|           1|           2|
    |ap_enable_reg_pp0_iter1             |       xor|   0|  0|    2|           2|           1|
    |ap_enable_reg_pp1_iter1             |       xor|   0|  0|    2|           2|           1|
    |ap_enable_reg_pp2_iter1             |       xor|   0|  0|    2|           2|           1|
    |ap_enable_reg_pp3_iter1             |       xor|   0|  0|    2|           2|           1|
    |xor_ln83_fu_1979_p2                 |       xor|   0|  0|    2|           1|           2|
    +------------------------------------+----------+----+---+-----+------------+------------+
    |Total                               |          |   0|  0| 5600|        2416|        2500|
    +------------------------------------+----------+----+---+-----+------------+------------+

    * Multiplexer: 
    +----------------------------+-----+-----------+-----+-----------+
    |            Name            | LUT | Input Size| Bits| Total Bits|
    +----------------------------+-----+-----------+-----+-----------+
    |ap_NS_fsm                   |  364|         78|    1|         78|
    |ap_enable_reg_pp0_iter1     |    9|          2|    1|          2|
    |ap_enable_reg_pp0_iter2     |    9|          2|    1|          2|
    |ap_enable_reg_pp1_iter1     |    9|          2|    1|          2|
    |ap_enable_reg_pp1_iter2     |    9|          2|    1|          2|
    |ap_enable_reg_pp2_iter1     |    9|          2|    1|          2|
    |ap_enable_reg_pp2_iter78    |    9|          2|    1|          2|
    |ap_enable_reg_pp3_iter1     |    9|          2|    1|          2|
    |ap_enable_reg_pp3_iter2     |    9|          2|    1|          2|
    |ap_phi_mux_y_phi_fu_869_p4  |    9|          2|   32|         64|
    |base_reg_832                |    9|          2|   32|         64|
    |gmem0_blk_n_AR              |    9|          2|    1|          2|
    |gmem0_blk_n_R               |    9|          2|    1|          2|
    |gmem1_blk_n_AR              |    9|          2|    1|          2|
    |gmem1_blk_n_R               |    9|          2|    1|          2|
    |gmem2_blk_n_AR              |    9|          2|    1|          2|
    |gmem2_blk_n_R               |    9|          2|    1|          2|
    |gmem3_blk_n_AR              |    9|          2|    1|          2|
    |gmem3_blk_n_R               |    9|          2|    1|          2|
    |gmem4_blk_n_AW              |    9|          2|    1|          2|
    |gmem4_blk_n_B               |    9|          2|    1|          2|
    |gmem4_blk_n_W               |    9|          2|    1|          2|
    |grp_fu_899_p0               |   14|          3|   64|        192|
    |grp_fu_904_p0               |   14|          3|   64|        192|
    |grp_fu_913_p0               |   14|          3|   64|        192|
    |grp_fu_913_p1               |   14|          3|   64|        192|
    |grp_fu_919_p0               |   14|          3|   32|         96|
    |i_reg_810                   |    9|          2|   31|         62|
    |indvar_reg_821              |    9|          2|   26|         52|
    |sum_reg_876                 |    9|          2|   64|        128|
    |x_1_reg_854                 |    9|          2|   31|         62|
    |x_2_reg_888                 |    9|          2|   31|         62|
    |x_reg_843                   |    9|          2|   31|         62|
    |y_reg_865                   |    9|          2|   32|         64|
    +----------------------------+-----+-----------+-----+-----------+
    |Total                       |  686|        149|  618|       1600|
    +----------------------------+-----+-----------+-----+-----------+

    * Register: 
    +-----------------------------------+----+----+-----+-----------+
    |                Name               | FF | LUT| Bits| Const Bits|
    +-----------------------------------+----+----+-----+-----------+
    |I_read_reg_2123                    |  64|   0|   64|          0|
    |IszY_read_reg_2153                 |  32|   0|   32|          0|
    |Nfr_read_reg_2148                  |  32|   0|   32|          0|
    |Nparticles_read_reg_2165           |  32|   0|   32|          0|
    |a_reg_2564                         |  32|   0|   32|          0|
    |add_ln162_1_reg_2235               |  26|   0|   26|          0|
    |add_ln162_2_reg_2240               |  26|   0|   26|          0|
    |add_ln167_1_reg_2253               |  64|   0|   64|          0|
    |add_ln167_2_reg_2258               |  64|   0|   64|          0|
    |add_ln167_3_reg_2263               |  32|   0|   32|          0|
    |add_ln167_reg_2248                 |  64|   0|   64|          0|
    |add_ln62_reg_2341                  |  31|   0|   31|          0|
    |add_ln70_reg_2449                  |  32|   0|   32|          0|
    |add_ln81_reg_2536                  |  32|   0|   32|          0|
    |ap_CS_fsm                          |  77|   0|   77|          0|
    |ap_enable_reg_pp0_iter0            |   1|   0|    1|          0|
    |ap_enable_reg_pp0_iter1            |   1|   0|    1|          0|
    |ap_enable_reg_pp0_iter2            |   1|   0|    1|          0|
    |ap_enable_reg_pp1_iter0            |   1|   0|    1|          0|
    |ap_enable_reg_pp1_iter1            |   1|   0|    1|          0|
    |ap_enable_reg_pp1_iter2            |   1|   0|    1|          0|
    |ap_enable_reg_pp2_iter0            |   1|   0|    1|          0|
    |ap_enable_reg_pp2_iter1            |   1|   0|    1|          0|
    |ap_enable_reg_pp2_iter10           |   1|   0|    1|          0|
    |ap_enable_reg_pp2_iter11           |   1|   0|    1|          0|
    |ap_enable_reg_pp2_iter12           |   1|   0|    1|          0|
    |ap_enable_reg_pp2_iter13           |   1|   0|    1|          0|
    |ap_enable_reg_pp2_iter14           |   1|   0|    1|          0|
    |ap_enable_reg_pp2_iter15           |   1|   0|    1|          0|
    |ap_enable_reg_pp2_iter16           |   1|   0|    1|          0|
    |ap_enable_reg_pp2_iter17           |   1|   0|    1|          0|
    |ap_enable_reg_pp2_iter18           |   1|   0|    1|          0|
    |ap_enable_reg_pp2_iter19           |   1|   0|    1|          0|
    |ap_enable_reg_pp2_iter2            |   1|   0|    1|          0|
    |ap_enable_reg_pp2_iter20           |   1|   0|    1|          0|
    |ap_enable_reg_pp2_iter21           |   1|   0|    1|          0|
    |ap_enable_reg_pp2_iter22           |   1|   0|    1|          0|
    |ap_enable_reg_pp2_iter23           |   1|   0|    1|          0|
    |ap_enable_reg_pp2_iter24           |   1|   0|    1|          0|
    |ap_enable_reg_pp2_iter25           |   1|   0|    1|          0|
    |ap_enable_reg_pp2_iter26           |   1|   0|    1|          0|
    |ap_enable_reg_pp2_iter27           |   1|   0|    1|          0|
    |ap_enable_reg_pp2_iter28           |   1|   0|    1|          0|
    |ap_enable_reg_pp2_iter29           |   1|   0|    1|          0|
    |ap_enable_reg_pp2_iter3            |   1|   0|    1|          0|
    |ap_enable_reg_pp2_iter30           |   1|   0|    1|          0|
    |ap_enable_reg_pp2_iter31           |   1|   0|    1|          0|
    |ap_enable_reg_pp2_iter32           |   1|   0|    1|          0|
    |ap_enable_reg_pp2_iter33           |   1|   0|    1|          0|
    |ap_enable_reg_pp2_iter34           |   1|   0|    1|          0|
    |ap_enable_reg_pp2_iter35           |   1|   0|    1|          0|
    |ap_enable_reg_pp2_iter36           |   1|   0|    1|          0|
    |ap_enable_reg_pp2_iter37           |   1|   0|    1|          0|
    |ap_enable_reg_pp2_iter38           |   1|   0|    1|          0|
    |ap_enable_reg_pp2_iter39           |   1|   0|    1|          0|
    |ap_enable_reg_pp2_iter4            |   1|   0|    1|          0|
    |ap_enable_reg_pp2_iter40           |   1|   0|    1|          0|
    |ap_enable_reg_pp2_iter41           |   1|   0|    1|          0|
    |ap_enable_reg_pp2_iter42           |   1|   0|    1|          0|
    |ap_enable_reg_pp2_iter43           |   1|   0|    1|          0|
    |ap_enable_reg_pp2_iter44           |   1|   0|    1|          0|
    |ap_enable_reg_pp2_iter45           |   1|   0|    1|          0|
    |ap_enable_reg_pp2_iter46           |   1|   0|    1|          0|
    |ap_enable_reg_pp2_iter47           |   1|   0|    1|          0|
    |ap_enable_reg_pp2_iter48           |   1|   0|    1|          0|
    |ap_enable_reg_pp2_iter49           |   1|   0|    1|          0|
    |ap_enable_reg_pp2_iter5            |   1|   0|    1|          0|
    |ap_enable_reg_pp2_iter50           |   1|   0|    1|          0|
    |ap_enable_reg_pp2_iter51           |   1|   0|    1|          0|
    |ap_enable_reg_pp2_iter52           |   1|   0|    1|          0|
    |ap_enable_reg_pp2_iter53           |   1|   0|    1|          0|
    |ap_enable_reg_pp2_iter54           |   1|   0|    1|          0|
    |ap_enable_reg_pp2_iter55           |   1|   0|    1|          0|
    |ap_enable_reg_pp2_iter56           |   1|   0|    1|          0|
    |ap_enable_reg_pp2_iter57           |   1|   0|    1|          0|
    |ap_enable_reg_pp2_iter58           |   1|   0|    1|          0|
    |ap_enable_reg_pp2_iter59           |   1|   0|    1|          0|
    |ap_enable_reg_pp2_iter6            |   1|   0|    1|          0|
    |ap_enable_reg_pp2_iter60           |   1|   0|    1|          0|
    |ap_enable_reg_pp2_iter61           |   1|   0|    1|          0|
    |ap_enable_reg_pp2_iter62           |   1|   0|    1|          0|
    |ap_enable_reg_pp2_iter63           |   1|   0|    1|          0|
    |ap_enable_reg_pp2_iter64           |   1|   0|    1|          0|
    |ap_enable_reg_pp2_iter65           |   1|   0|    1|          0|
    |ap_enable_reg_pp2_iter66           |   1|   0|    1|          0|
    |ap_enable_reg_pp2_iter67           |   1|   0|    1|          0|
    |ap_enable_reg_pp2_iter68           |   1|   0|    1|          0|
    |ap_enable_reg_pp2_iter69           |   1|   0|    1|          0|
    |ap_enable_reg_pp2_iter7            |   1|   0|    1|          0|
    |ap_enable_reg_pp2_iter70           |   1|   0|    1|          0|
    |ap_enable_reg_pp2_iter71           |   1|   0|    1|          0|
    |ap_enable_reg_pp2_iter72           |   1|   0|    1|          0|
    |ap_enable_reg_pp2_iter73           |   1|   0|    1|          0|
    |ap_enable_reg_pp2_iter74           |   1|   0|    1|          0|
    |ap_enable_reg_pp2_iter75           |   1|   0|    1|          0|
    |ap_enable_reg_pp2_iter76           |   1|   0|    1|          0|
    |ap_enable_reg_pp2_iter77           |   1|   0|    1|          0|
    |ap_enable_reg_pp2_iter78           |   1|   0|    1|          0|
    |ap_enable_reg_pp2_iter8            |   1|   0|    1|          0|
    |ap_enable_reg_pp2_iter9            |   1|   0|    1|          0|
    |ap_enable_reg_pp3_iter0            |   1|   0|    1|          0|
    |ap_enable_reg_pp3_iter1            |   1|   0|    1|          0|
    |ap_enable_reg_pp3_iter2            |   1|   0|    1|          0|
    |arrayX_read_reg_2133               |  64|   0|   64|          0|
    |arrayY_read_reg_2128               |  64|   0|   64|          0|
    |b_reg_2570                         |  32|   0|   32|          0|
    |base_reg_832                       |  32|   0|   32|          0|
    |bitcast_ln40_reg_2328              |  64|   0|   64|          0|
    |buffer_likelihood_0_addr_reg_2606  |   4|   0|    4|          0|
    |buffer_likelihood_1_addr_reg_2611  |   4|   0|    4|          0|
    |buffer_likelihood_2_addr_reg_2616  |   4|   0|    4|          0|
    |buffer_likelihood_3_addr_reg_2621  |   4|   0|    4|          0|
    |conv25_i_reg_2586                  |  64|   0|   64|          0|
    |conv27_i_reg_2591                  |  64|   0|   64|          0|
    |conv30_i_reg_2226                  |  64|   0|   64|          0|
    |countOnes_read_reg_2158            |  32|   0|   32|          0|
    |data_V_3_reg_2510                  |  64|   0|   64|          0|
    |empty_40_reg_2178                  |  31|   0|   32|          1|
    |empty_reg_2173                     |  30|   0|   30|          0|
    |gmem1_addr_read_reg_2336           |  64|   0|   64|          0|
    |gmem2_addr_read_reg_2221           |  64|   0|   64|          0|
    |gmem3_addr_reg_2552                |  64|   0|   64|          0|
    |i_reg_810                          |  31|   0|   31|          0|
    |icmp_ln104_reg_2637                |   1|   0|    1|          0|
    |icmp_ln104_reg_2637_pp3_iter1_reg  |   1|   0|    1|          0|
    |icmp_ln162_reg_2231                |   1|   0|    1|          0|
    |icmp_ln37_reg_2277                 |   1|   0|    1|          0|
    |icmp_ln70_reg_2455                 |   1|   0|    1|          0|
    |icmp_ln91_reg_2494                 |   1|   0|    1|          0|
    |idx_reg_2546                       |  32|   0|   32|          0|
    |indX_reg_2526                      |  32|   0|   32|          0|
    |indvar_reg_821                     |  26|   0|   26|          0|
    |k_read_reg_2143                    |  32|   0|   32|          0|
    |likelihood_read_reg_2118           |  64|   0|   64|          0|
    |lshr_ln1_reg_2323                  |   4|   0|    4|          0|
    |lshr_ln1_reg_2323_pp1_iter1_reg    |   4|   0|    4|          0|
    |lshr_ln_reg_2216                   |   6|   0|    6|          0|
    |lshr_ln_reg_2216_pp0_iter1_reg     |   6|   0|    6|          0|
    |max_size_read_reg_2138             |  64|   0|   64|          0|
    |mul_ln81_1_reg_2541                |  32|   0|   32|          0|
    |mul_ln81_reg_2531                  |  32|   0|   32|          0|
    |mul_ln91_1_reg_2581                |  32|   0|   32|          0|
    |mul_ln91_reg_2576                  |  32|   0|   32|          0|
    |p_Result_1_reg_2428                |   1|   0|    1|          0|
    |p_Result_2_reg_2499                |   1|   0|    1|          0|
    |p_Result_s_reg_2417                |   1|   0|    1|          0|
    |pix_reg_2558                       |  32|   0|   32|          0|
    |reg_925                            |  64|   0|   64|          0|
    |reg_929                            |  64|   0|   64|          0|
    |reg_933                            |  64|   0|   64|          0|
    |result_V_12_reg_2439               |  32|   0|   32|          0|
    |result_V_13_reg_2444               |  32|   0|   32|          0|
    |result_V_14_reg_2521               |  32|   0|   32|          0|
    |sub28_i_reg_2596                   |  64|   0|   64|          0|
    |sum_reg_876                        |  64|   0|   64|          0|
    |tileSize_reg_2268                  |  32|   0|   32|          0|
    |tmp_reg_2666                       |  64|   0|   64|          0|
    |trunc_ln107_reg_2641               |   2|   0|    2|          0|
    |trunc_ln20_1_reg_2198              |  30|   0|   31|          1|
    |trunc_ln23_reg_2212                |   2|   0|    2|          0|
    |trunc_ln23_reg_2212_pp0_iter1_reg  |   2|   0|    2|          0|
    |trunc_ln37_1_reg_2286              |  61|   0|   61|          0|
    |trunc_ln37_reg_2303                |  31|   0|   31|          0|
    |trunc_ln40_reg_2319                |   2|   0|    2|          0|
    |trunc_ln40_reg_2319_pp1_iter1_reg  |   2|   0|    2|          0|
    |trunc_ln4_reg_2281                 |  61|   0|   61|          0|
    |trunc_ln65_reg_2349                |   2|   0|    2|          0|
    |trunc_ln6_reg_2402                 |  61|   0|   61|          0|
    |trunc_ln75_reg_2459                |   1|   0|    1|          0|
    |trunc_ln_reg_2187                  |  61|   0|   61|          0|
    |val_1_reg_2433                     |  32|   0|   32|          0|
    |val_2_reg_2504                     |  32|   0|   32|          0|
    |val_3_reg_2515                     |  32|   0|   32|          0|
    |val_reg_2422                       |  32|   0|   32|          0|
    |value_assign_1_reg_2412            |  64|   0|   64|          0|
    |value_assign_2_reg_2484            |  64|   0|   64|          0|
    |value_assign_3_reg_2489            |  64|   0|   64|          0|
    |value_assign_reg_2407              |  64|   0|   64|          0|
    |x_1_reg_854                        |  31|   0|   31|          0|
    |x_2_reg_888                        |  31|   0|   31|          0|
    |x_reg_843                          |  31|   0|   31|          0|
    |y_reg_865                          |  32|   0|   32|          0|
    |zext_ln65_1_reg_2354               |   4|   0|   64|         60|
    |icmp_ln70_reg_2455                 |  64|  32|    1|          0|
    |icmp_ln91_reg_2494                 |  64|  32|    1|          0|
    |result_V_14_reg_2521               |  64|  32|   32|          0|
    +-----------------------------------+----+----+-----+-----------+
    |Total                              |3546|  96| 3450|         62|
    +-----------------------------------+----+----+-----+-----------+



================================================================
== Interface
================================================================
* Summary: 
+-----------------------+-----+-----+------------+-------------------+--------------+
|       RTL Ports       | Dir | Bits|  Protocol  |   Source Object   |    C Type    |
+-----------------------+-----+-----+------------+-------------------+--------------+
|s_axi_control_AWVALID  |   in|    1|       s_axi|            control|        scalar|
|s_axi_control_AWREADY  |  out|    1|       s_axi|            control|        scalar|
|s_axi_control_AWADDR   |   in|    7|       s_axi|            control|        scalar|
|s_axi_control_WVALID   |   in|    1|       s_axi|            control|        scalar|
|s_axi_control_WREADY   |  out|    1|       s_axi|            control|        scalar|
|s_axi_control_WDATA    |   in|   32|       s_axi|            control|        scalar|
|s_axi_control_WSTRB    |   in|    4|       s_axi|            control|        scalar|
|s_axi_control_ARVALID  |   in|    1|       s_axi|            control|        scalar|
|s_axi_control_ARREADY  |  out|    1|       s_axi|            control|        scalar|
|s_axi_control_ARADDR   |   in|    7|       s_axi|            control|        scalar|
|s_axi_control_RVALID   |  out|    1|       s_axi|            control|        scalar|
|s_axi_control_RREADY   |   in|    1|       s_axi|            control|        scalar|
|s_axi_control_RDATA    |  out|   32|       s_axi|            control|        scalar|
|s_axi_control_RRESP    |  out|    2|       s_axi|            control|        scalar|
|s_axi_control_BVALID   |  out|    1|       s_axi|            control|        scalar|
|s_axi_control_BREADY   |   in|    1|       s_axi|            control|        scalar|
|s_axi_control_BRESP    |  out|    2|       s_axi|            control|        scalar|
|ap_clk                 |   in|    1|  ap_ctrl_hs|  likelihood_kernel|  return value|
|ap_rst_n               |   in|    1|  ap_ctrl_hs|  likelihood_kernel|  return value|
|interrupt              |  out|    1|  ap_ctrl_hs|  likelihood_kernel|  return value|
|m_axi_gmem0_AWVALID    |  out|    1|       m_axi|              gmem0|       pointer|
|m_axi_gmem0_AWREADY    |   in|    1|       m_axi|              gmem0|       pointer|
|m_axi_gmem0_AWADDR     |  out|   64|       m_axi|              gmem0|       pointer|
|m_axi_gmem0_AWID       |  out|    1|       m_axi|              gmem0|       pointer|
|m_axi_gmem0_AWLEN      |  out|    8|       m_axi|              gmem0|       pointer|
|m_axi_gmem0_AWSIZE     |  out|    3|       m_axi|              gmem0|       pointer|
|m_axi_gmem0_AWBURST    |  out|    2|       m_axi|              gmem0|       pointer|
|m_axi_gmem0_AWLOCK     |  out|    2|       m_axi|              gmem0|       pointer|
|m_axi_gmem0_AWCACHE    |  out|    4|       m_axi|              gmem0|       pointer|
|m_axi_gmem0_AWPROT     |  out|    3|       m_axi|              gmem0|       pointer|
|m_axi_gmem0_AWQOS      |  out|    4|       m_axi|              gmem0|       pointer|
|m_axi_gmem0_AWREGION   |  out|    4|       m_axi|              gmem0|       pointer|
|m_axi_gmem0_AWUSER     |  out|    1|       m_axi|              gmem0|       pointer|
|m_axi_gmem0_WVALID     |  out|    1|       m_axi|              gmem0|       pointer|
|m_axi_gmem0_WREADY     |   in|    1|       m_axi|              gmem0|       pointer|
|m_axi_gmem0_WDATA      |  out|   64|       m_axi|              gmem0|       pointer|
|m_axi_gmem0_WSTRB      |  out|    8|       m_axi|              gmem0|       pointer|
|m_axi_gmem0_WLAST      |  out|    1|       m_axi|              gmem0|       pointer|
|m_axi_gmem0_WID        |  out|    1|       m_axi|              gmem0|       pointer|
|m_axi_gmem0_WUSER      |  out|    1|       m_axi|              gmem0|       pointer|
|m_axi_gmem0_ARVALID    |  out|    1|       m_axi|              gmem0|       pointer|
|m_axi_gmem0_ARREADY    |   in|    1|       m_axi|              gmem0|       pointer|
|m_axi_gmem0_ARADDR     |  out|   64|       m_axi|              gmem0|       pointer|
|m_axi_gmem0_ARID       |  out|    1|       m_axi|              gmem0|       pointer|
|m_axi_gmem0_ARLEN      |  out|    8|       m_axi|              gmem0|       pointer|
|m_axi_gmem0_ARSIZE     |  out|    3|       m_axi|              gmem0|       pointer|
|m_axi_gmem0_ARBURST    |  out|    2|       m_axi|              gmem0|       pointer|
|m_axi_gmem0_ARLOCK     |  out|    2|       m_axi|              gmem0|       pointer|
|m_axi_gmem0_ARCACHE    |  out|    4|       m_axi|              gmem0|       pointer|
|m_axi_gmem0_ARPROT     |  out|    3|       m_axi|              gmem0|       pointer|
|m_axi_gmem0_ARQOS      |  out|    4|       m_axi|              gmem0|       pointer|
|m_axi_gmem0_ARREGION   |  out|    4|       m_axi|              gmem0|       pointer|
|m_axi_gmem0_ARUSER     |  out|    1|       m_axi|              gmem0|       pointer|
|m_axi_gmem0_RVALID     |   in|    1|       m_axi|              gmem0|       pointer|
|m_axi_gmem0_RREADY     |  out|    1|       m_axi|              gmem0|       pointer|
|m_axi_gmem0_RDATA      |   in|   64|       m_axi|              gmem0|       pointer|
|m_axi_gmem0_RLAST      |   in|    1|       m_axi|              gmem0|       pointer|
|m_axi_gmem0_RID        |   in|    1|       m_axi|              gmem0|       pointer|
|m_axi_gmem0_RUSER      |   in|    1|       m_axi|              gmem0|       pointer|
|m_axi_gmem0_RRESP      |   in|    2|       m_axi|              gmem0|       pointer|
|m_axi_gmem0_BVALID     |   in|    1|       m_axi|              gmem0|       pointer|
|m_axi_gmem0_BREADY     |  out|    1|       m_axi|              gmem0|       pointer|
|m_axi_gmem0_BRESP      |   in|    2|       m_axi|              gmem0|       pointer|
|m_axi_gmem0_BID        |   in|    1|       m_axi|              gmem0|       pointer|
|m_axi_gmem0_BUSER      |   in|    1|       m_axi|              gmem0|       pointer|
|m_axi_gmem1_AWVALID    |  out|    1|       m_axi|              gmem1|       pointer|
|m_axi_gmem1_AWREADY    |   in|    1|       m_axi|              gmem1|       pointer|
|m_axi_gmem1_AWADDR     |  out|   64|       m_axi|              gmem1|       pointer|
|m_axi_gmem1_AWID       |  out|    1|       m_axi|              gmem1|       pointer|
|m_axi_gmem1_AWLEN      |  out|    8|       m_axi|              gmem1|       pointer|
|m_axi_gmem1_AWSIZE     |  out|    3|       m_axi|              gmem1|       pointer|
|m_axi_gmem1_AWBURST    |  out|    2|       m_axi|              gmem1|       pointer|
|m_axi_gmem1_AWLOCK     |  out|    2|       m_axi|              gmem1|       pointer|
|m_axi_gmem1_AWCACHE    |  out|    4|       m_axi|              gmem1|       pointer|
|m_axi_gmem1_AWPROT     |  out|    3|       m_axi|              gmem1|       pointer|
|m_axi_gmem1_AWQOS      |  out|    4|       m_axi|              gmem1|       pointer|
|m_axi_gmem1_AWREGION   |  out|    4|       m_axi|              gmem1|       pointer|
|m_axi_gmem1_AWUSER     |  out|    1|       m_axi|              gmem1|       pointer|
|m_axi_gmem1_WVALID     |  out|    1|       m_axi|              gmem1|       pointer|
|m_axi_gmem1_WREADY     |   in|    1|       m_axi|              gmem1|       pointer|
|m_axi_gmem1_WDATA      |  out|   64|       m_axi|              gmem1|       pointer|
|m_axi_gmem1_WSTRB      |  out|    8|       m_axi|              gmem1|       pointer|
|m_axi_gmem1_WLAST      |  out|    1|       m_axi|              gmem1|       pointer|
|m_axi_gmem1_WID        |  out|    1|       m_axi|              gmem1|       pointer|
|m_axi_gmem1_WUSER      |  out|    1|       m_axi|              gmem1|       pointer|
|m_axi_gmem1_ARVALID    |  out|    1|       m_axi|              gmem1|       pointer|
|m_axi_gmem1_ARREADY    |   in|    1|       m_axi|              gmem1|       pointer|
|m_axi_gmem1_ARADDR     |  out|   64|       m_axi|              gmem1|       pointer|
|m_axi_gmem1_ARID       |  out|    1|       m_axi|              gmem1|       pointer|
|m_axi_gmem1_ARLEN      |  out|    8|       m_axi|              gmem1|       pointer|
|m_axi_gmem1_ARSIZE     |  out|    3|       m_axi|              gmem1|       pointer|
|m_axi_gmem1_ARBURST    |  out|    2|       m_axi|              gmem1|       pointer|
|m_axi_gmem1_ARLOCK     |  out|    2|       m_axi|              gmem1|       pointer|
|m_axi_gmem1_ARCACHE    |  out|    4|       m_axi|              gmem1|       pointer|
|m_axi_gmem1_ARPROT     |  out|    3|       m_axi|              gmem1|       pointer|
|m_axi_gmem1_ARQOS      |  out|    4|       m_axi|              gmem1|       pointer|
|m_axi_gmem1_ARREGION   |  out|    4|       m_axi|              gmem1|       pointer|
|m_axi_gmem1_ARUSER     |  out|    1|       m_axi|              gmem1|       pointer|
|m_axi_gmem1_RVALID     |   in|    1|       m_axi|              gmem1|       pointer|
|m_axi_gmem1_RREADY     |  out|    1|       m_axi|              gmem1|       pointer|
|m_axi_gmem1_RDATA      |   in|   64|       m_axi|              gmem1|       pointer|
|m_axi_gmem1_RLAST      |   in|    1|       m_axi|              gmem1|       pointer|
|m_axi_gmem1_RID        |   in|    1|       m_axi|              gmem1|       pointer|
|m_axi_gmem1_RUSER      |   in|    1|       m_axi|              gmem1|       pointer|
|m_axi_gmem1_RRESP      |   in|    2|       m_axi|              gmem1|       pointer|
|m_axi_gmem1_BVALID     |   in|    1|       m_axi|              gmem1|       pointer|
|m_axi_gmem1_BREADY     |  out|    1|       m_axi|              gmem1|       pointer|
|m_axi_gmem1_BRESP      |   in|    2|       m_axi|              gmem1|       pointer|
|m_axi_gmem1_BID        |   in|    1|       m_axi|              gmem1|       pointer|
|m_axi_gmem1_BUSER      |   in|    1|       m_axi|              gmem1|       pointer|
|m_axi_gmem2_AWVALID    |  out|    1|       m_axi|              gmem2|       pointer|
|m_axi_gmem2_AWREADY    |   in|    1|       m_axi|              gmem2|       pointer|
|m_axi_gmem2_AWADDR     |  out|   64|       m_axi|              gmem2|       pointer|
|m_axi_gmem2_AWID       |  out|    1|       m_axi|              gmem2|       pointer|
|m_axi_gmem2_AWLEN      |  out|    8|       m_axi|              gmem2|       pointer|
|m_axi_gmem2_AWSIZE     |  out|    3|       m_axi|              gmem2|       pointer|
|m_axi_gmem2_AWBURST    |  out|    2|       m_axi|              gmem2|       pointer|
|m_axi_gmem2_AWLOCK     |  out|    2|       m_axi|              gmem2|       pointer|
|m_axi_gmem2_AWCACHE    |  out|    4|       m_axi|              gmem2|       pointer|
|m_axi_gmem2_AWPROT     |  out|    3|       m_axi|              gmem2|       pointer|
|m_axi_gmem2_AWQOS      |  out|    4|       m_axi|              gmem2|       pointer|
|m_axi_gmem2_AWREGION   |  out|    4|       m_axi|              gmem2|       pointer|
|m_axi_gmem2_AWUSER     |  out|    1|       m_axi|              gmem2|       pointer|
|m_axi_gmem2_WVALID     |  out|    1|       m_axi|              gmem2|       pointer|
|m_axi_gmem2_WREADY     |   in|    1|       m_axi|              gmem2|       pointer|
|m_axi_gmem2_WDATA      |  out|   64|       m_axi|              gmem2|       pointer|
|m_axi_gmem2_WSTRB      |  out|    8|       m_axi|              gmem2|       pointer|
|m_axi_gmem2_WLAST      |  out|    1|       m_axi|              gmem2|       pointer|
|m_axi_gmem2_WID        |  out|    1|       m_axi|              gmem2|       pointer|
|m_axi_gmem2_WUSER      |  out|    1|       m_axi|              gmem2|       pointer|
|m_axi_gmem2_ARVALID    |  out|    1|       m_axi|              gmem2|       pointer|
|m_axi_gmem2_ARREADY    |   in|    1|       m_axi|              gmem2|       pointer|
|m_axi_gmem2_ARADDR     |  out|   64|       m_axi|              gmem2|       pointer|
|m_axi_gmem2_ARID       |  out|    1|       m_axi|              gmem2|       pointer|
|m_axi_gmem2_ARLEN      |  out|    8|       m_axi|              gmem2|       pointer|
|m_axi_gmem2_ARSIZE     |  out|    3|       m_axi|              gmem2|       pointer|
|m_axi_gmem2_ARBURST    |  out|    2|       m_axi|              gmem2|       pointer|
|m_axi_gmem2_ARLOCK     |  out|    2|       m_axi|              gmem2|       pointer|
|m_axi_gmem2_ARCACHE    |  out|    4|       m_axi|              gmem2|       pointer|
|m_axi_gmem2_ARPROT     |  out|    3|       m_axi|              gmem2|       pointer|
|m_axi_gmem2_ARQOS      |  out|    4|       m_axi|              gmem2|       pointer|
|m_axi_gmem2_ARREGION   |  out|    4|       m_axi|              gmem2|       pointer|
|m_axi_gmem2_ARUSER     |  out|    1|       m_axi|              gmem2|       pointer|
|m_axi_gmem2_RVALID     |   in|    1|       m_axi|              gmem2|       pointer|
|m_axi_gmem2_RREADY     |  out|    1|       m_axi|              gmem2|       pointer|
|m_axi_gmem2_RDATA      |   in|   64|       m_axi|              gmem2|       pointer|
|m_axi_gmem2_RLAST      |   in|    1|       m_axi|              gmem2|       pointer|
|m_axi_gmem2_RID        |   in|    1|       m_axi|              gmem2|       pointer|
|m_axi_gmem2_RUSER      |   in|    1|       m_axi|              gmem2|       pointer|
|m_axi_gmem2_RRESP      |   in|    2|       m_axi|              gmem2|       pointer|
|m_axi_gmem2_BVALID     |   in|    1|       m_axi|              gmem2|       pointer|
|m_axi_gmem2_BREADY     |  out|    1|       m_axi|              gmem2|       pointer|
|m_axi_gmem2_BRESP      |   in|    2|       m_axi|              gmem2|       pointer|
|m_axi_gmem2_BID        |   in|    1|       m_axi|              gmem2|       pointer|
|m_axi_gmem2_BUSER      |   in|    1|       m_axi|              gmem2|       pointer|
|m_axi_gmem3_AWVALID    |  out|    1|       m_axi|              gmem3|       pointer|
|m_axi_gmem3_AWREADY    |   in|    1|       m_axi|              gmem3|       pointer|
|m_axi_gmem3_AWADDR     |  out|   64|       m_axi|              gmem3|       pointer|
|m_axi_gmem3_AWID       |  out|    1|       m_axi|              gmem3|       pointer|
|m_axi_gmem3_AWLEN      |  out|    8|       m_axi|              gmem3|       pointer|
|m_axi_gmem3_AWSIZE     |  out|    3|       m_axi|              gmem3|       pointer|
|m_axi_gmem3_AWBURST    |  out|    2|       m_axi|              gmem3|       pointer|
|m_axi_gmem3_AWLOCK     |  out|    2|       m_axi|              gmem3|       pointer|
|m_axi_gmem3_AWCACHE    |  out|    4|       m_axi|              gmem3|       pointer|
|m_axi_gmem3_AWPROT     |  out|    3|       m_axi|              gmem3|       pointer|
|m_axi_gmem3_AWQOS      |  out|    4|       m_axi|              gmem3|       pointer|
|m_axi_gmem3_AWREGION   |  out|    4|       m_axi|              gmem3|       pointer|
|m_axi_gmem3_AWUSER     |  out|    1|       m_axi|              gmem3|       pointer|
|m_axi_gmem3_WVALID     |  out|    1|       m_axi|              gmem3|       pointer|
|m_axi_gmem3_WREADY     |   in|    1|       m_axi|              gmem3|       pointer|
|m_axi_gmem3_WDATA      |  out|   32|       m_axi|              gmem3|       pointer|
|m_axi_gmem3_WSTRB      |  out|    4|       m_axi|              gmem3|       pointer|
|m_axi_gmem3_WLAST      |  out|    1|       m_axi|              gmem3|       pointer|
|m_axi_gmem3_WID        |  out|    1|       m_axi|              gmem3|       pointer|
|m_axi_gmem3_WUSER      |  out|    1|       m_axi|              gmem3|       pointer|
|m_axi_gmem3_ARVALID    |  out|    1|       m_axi|              gmem3|       pointer|
|m_axi_gmem3_ARREADY    |   in|    1|       m_axi|              gmem3|       pointer|
|m_axi_gmem3_ARADDR     |  out|   64|       m_axi|              gmem3|       pointer|
|m_axi_gmem3_ARID       |  out|    1|       m_axi|              gmem3|       pointer|
|m_axi_gmem3_ARLEN      |  out|    8|       m_axi|              gmem3|       pointer|
|m_axi_gmem3_ARSIZE     |  out|    3|       m_axi|              gmem3|       pointer|
|m_axi_gmem3_ARBURST    |  out|    2|       m_axi|              gmem3|       pointer|
|m_axi_gmem3_ARLOCK     |  out|    2|       m_axi|              gmem3|       pointer|
|m_axi_gmem3_ARCACHE    |  out|    4|       m_axi|              gmem3|       pointer|
|m_axi_gmem3_ARPROT     |  out|    3|       m_axi|              gmem3|       pointer|
|m_axi_gmem3_ARQOS      |  out|    4|       m_axi|              gmem3|       pointer|
|m_axi_gmem3_ARREGION   |  out|    4|       m_axi|              gmem3|       pointer|
|m_axi_gmem3_ARUSER     |  out|    1|       m_axi|              gmem3|       pointer|
|m_axi_gmem3_RVALID     |   in|    1|       m_axi|              gmem3|       pointer|
|m_axi_gmem3_RREADY     |  out|    1|       m_axi|              gmem3|       pointer|
|m_axi_gmem3_RDATA      |   in|   32|       m_axi|              gmem3|       pointer|
|m_axi_gmem3_RLAST      |   in|    1|       m_axi|              gmem3|       pointer|
|m_axi_gmem3_RID        |   in|    1|       m_axi|              gmem3|       pointer|
|m_axi_gmem3_RUSER      |   in|    1|       m_axi|              gmem3|       pointer|
|m_axi_gmem3_RRESP      |   in|    2|       m_axi|              gmem3|       pointer|
|m_axi_gmem3_BVALID     |   in|    1|       m_axi|              gmem3|       pointer|
|m_axi_gmem3_BREADY     |  out|    1|       m_axi|              gmem3|       pointer|
|m_axi_gmem3_BRESP      |   in|    2|       m_axi|              gmem3|       pointer|
|m_axi_gmem3_BID        |   in|    1|       m_axi|              gmem3|       pointer|
|m_axi_gmem3_BUSER      |   in|    1|       m_axi|              gmem3|       pointer|
|m_axi_gmem4_AWVALID    |  out|    1|       m_axi|              gmem4|       pointer|
|m_axi_gmem4_AWREADY    |   in|    1|       m_axi|              gmem4|       pointer|
|m_axi_gmem4_AWADDR     |  out|   64|       m_axi|              gmem4|       pointer|
|m_axi_gmem4_AWID       |  out|    1|       m_axi|              gmem4|       pointer|
|m_axi_gmem4_AWLEN      |  out|    8|       m_axi|              gmem4|       pointer|
|m_axi_gmem4_AWSIZE     |  out|    3|       m_axi|              gmem4|       pointer|
|m_axi_gmem4_AWBURST    |  out|    2|       m_axi|              gmem4|       pointer|
|m_axi_gmem4_AWLOCK     |  out|    2|       m_axi|              gmem4|       pointer|
|m_axi_gmem4_AWCACHE    |  out|    4|       m_axi|              gmem4|       pointer|
|m_axi_gmem4_AWPROT     |  out|    3|       m_axi|              gmem4|       pointer|
|m_axi_gmem4_AWQOS      |  out|    4|       m_axi|              gmem4|       pointer|
|m_axi_gmem4_AWREGION   |  out|    4|       m_axi|              gmem4|       pointer|
|m_axi_gmem4_AWUSER     |  out|    1|       m_axi|              gmem4|       pointer|
|m_axi_gmem4_WVALID     |  out|    1|       m_axi|              gmem4|       pointer|
|m_axi_gmem4_WREADY     |   in|    1|       m_axi|              gmem4|       pointer|
|m_axi_gmem4_WDATA      |  out|   64|       m_axi|              gmem4|       pointer|
|m_axi_gmem4_WSTRB      |  out|    8|       m_axi|              gmem4|       pointer|
|m_axi_gmem4_WLAST      |  out|    1|       m_axi|              gmem4|       pointer|
|m_axi_gmem4_WID        |  out|    1|       m_axi|              gmem4|       pointer|
|m_axi_gmem4_WUSER      |  out|    1|       m_axi|              gmem4|       pointer|
|m_axi_gmem4_ARVALID    |  out|    1|       m_axi|              gmem4|       pointer|
|m_axi_gmem4_ARREADY    |   in|    1|       m_axi|              gmem4|       pointer|
|m_axi_gmem4_ARADDR     |  out|   64|       m_axi|              gmem4|       pointer|
|m_axi_gmem4_ARID       |  out|    1|       m_axi|              gmem4|       pointer|
|m_axi_gmem4_ARLEN      |  out|    8|       m_axi|              gmem4|       pointer|
|m_axi_gmem4_ARSIZE     |  out|    3|       m_axi|              gmem4|       pointer|
|m_axi_gmem4_ARBURST    |  out|    2|       m_axi|              gmem4|       pointer|
|m_axi_gmem4_ARLOCK     |  out|    2|       m_axi|              gmem4|       pointer|
|m_axi_gmem4_ARCACHE    |  out|    4|       m_axi|              gmem4|       pointer|
|m_axi_gmem4_ARPROT     |  out|    3|       m_axi|              gmem4|       pointer|
|m_axi_gmem4_ARQOS      |  out|    4|       m_axi|              gmem4|       pointer|
|m_axi_gmem4_ARREGION   |  out|    4|       m_axi|              gmem4|       pointer|
|m_axi_gmem4_ARUSER     |  out|    1|       m_axi|              gmem4|       pointer|
|m_axi_gmem4_RVALID     |   in|    1|       m_axi|              gmem4|       pointer|
|m_axi_gmem4_RREADY     |  out|    1|       m_axi|              gmem4|       pointer|
|m_axi_gmem4_RDATA      |   in|   64|       m_axi|              gmem4|       pointer|
|m_axi_gmem4_RLAST      |   in|    1|       m_axi|              gmem4|       pointer|
|m_axi_gmem4_RID        |   in|    1|       m_axi|              gmem4|       pointer|
|m_axi_gmem4_RUSER      |   in|    1|       m_axi|              gmem4|       pointer|
|m_axi_gmem4_RRESP      |   in|    2|       m_axi|              gmem4|       pointer|
|m_axi_gmem4_BVALID     |   in|    1|       m_axi|              gmem4|       pointer|
|m_axi_gmem4_BREADY     |  out|    1|       m_axi|              gmem4|       pointer|
|m_axi_gmem4_BRESP      |   in|    2|       m_axi|              gmem4|       pointer|
|m_axi_gmem4_BID        |   in|    1|       m_axi|              gmem4|       pointer|
|m_axi_gmem4_BUSER      |   in|    1|       m_axi|              gmem4|       pointer|
+-----------------------+-----+-----+------------+-------------------+--------------+

